Component: ARM Compiler 5.06 update 7 (build 960) Tool: armlink [4d3601]

==============================================================================

Section Cross References

    startup_stm32f407xx.o(STACK) refers (Special) to heapauxi.o(.text) for __use_two_region_memory
    startup_stm32f407xx.o(HEAP) refers (Special) to heapauxi.o(.text) for __use_two_region_memory
    startup_stm32f407xx.o(RESET) refers (Special) to heapauxi.o(.text) for __use_two_region_memory
    startup_stm32f407xx.o(RESET) refers to startup_stm32f407xx.o(STACK) for __initial_sp
    startup_stm32f407xx.o(RESET) refers to startup_stm32f407xx.o(.text) for Reset_Handler
    startup_stm32f407xx.o(RESET) refers to stm32f4xx_it.o(i.NMI_Handler) for NMI_Handler
    startup_stm32f407xx.o(RESET) refers to stm32f4xx_it.o(i.HardFault_Handler) for HardFault_Handler
    startup_stm32f407xx.o(RESET) refers to stm32f4xx_it.o(i.MemManage_Handler) for MemManage_Handler
    startup_stm32f407xx.o(RESET) refers to stm32f4xx_it.o(i.BusFault_Handler) for BusFault_Handler
    startup_stm32f407xx.o(RESET) refers to stm32f4xx_it.o(i.UsageFault_Handler) for UsageFault_Handler
    startup_stm32f407xx.o(RESET) refers to port.o(.emb_text) for SVC_Handler
    startup_stm32f407xx.o(RESET) refers to stm32f4xx_it.o(i.DebugMon_Handler) for DebugMon_Handler
    startup_stm32f407xx.o(RESET) refers to port.o(i.SysTick_Handler) for SysTick_Handler
    startup_stm32f407xx.o(RESET) refers to stm32f4xx_it.o(i.DMA1_Stream0_IRQHandler) for DMA1_Stream0_IRQHandler
    startup_stm32f407xx.o(RESET) refers to stm32f4xx_it.o(i.DMA1_Stream1_IRQHandler) for DMA1_Stream1_IRQHandler
    startup_stm32f407xx.o(RESET) refers to stm32f4xx_it.o(i.DMA1_Stream2_IRQHandler) for DMA1_Stream2_IRQHandler
    startup_stm32f407xx.o(RESET) refers to stm32f4xx_it.o(i.DMA1_Stream3_IRQHandler) for DMA1_Stream3_IRQHandler
    startup_stm32f407xx.o(RESET) refers to stm32f4xx_it.o(i.DMA1_Stream4_IRQHandler) for DMA1_Stream4_IRQHandler
    startup_stm32f407xx.o(RESET) refers to stm32f4xx_it.o(i.DMA1_Stream5_IRQHandler) for DMA1_Stream5_IRQHandler
    startup_stm32f407xx.o(RESET) refers to stm32f4xx_it.o(i.CAN1_RX0_IRQHandler) for CAN1_RX0_IRQHandler
    startup_stm32f407xx.o(RESET) refers to stm32f4xx_it.o(i.TIM2_IRQHandler) for TIM2_IRQHandler
    startup_stm32f407xx.o(RESET) refers to stm32f4xx_it.o(i.USART1_IRQHandler) for USART1_IRQHandler
    startup_stm32f407xx.o(RESET) refers to stm32f4xx_it.o(i.USART2_IRQHandler) for USART2_IRQHandler
    startup_stm32f407xx.o(RESET) refers to stm32f4xx_it.o(i.USART3_IRQHandler) for USART3_IRQHandler
    startup_stm32f407xx.o(RESET) refers to stm32f4xx_it.o(i.DMA1_Stream7_IRQHandler) for DMA1_Stream7_IRQHandler
    startup_stm32f407xx.o(RESET) refers to stm32f4xx_it.o(i.UART4_IRQHandler) for UART4_IRQHandler
    startup_stm32f407xx.o(RESET) refers to stm32f4xx_it.o(i.UART5_IRQHandler) for UART5_IRQHandler
    startup_stm32f407xx.o(RESET) refers to stm32f4xx_it.o(i.DMA2_Stream2_IRQHandler) for DMA2_Stream2_IRQHandler
    startup_stm32f407xx.o(RESET) refers to stm32f4xx_it.o(i.CAN2_RX0_IRQHandler) for CAN2_RX0_IRQHandler
    startup_stm32f407xx.o(RESET) refers to stm32f4xx_it.o(i.DMA2_Stream7_IRQHandler) for DMA2_Stream7_IRQHandler
    startup_stm32f407xx.o(.text) refers (Special) to heapauxi.o(.text) for __use_two_region_memory
    startup_stm32f407xx.o(.text) refers to system_stm32f4xx.o(i.SystemInit) for SystemInit
    startup_stm32f407xx.o(.text) refers to __main.o(!!!main) for __main
    startup_stm32f407xx.o(.text) refers to startup_stm32f407xx.o(HEAP) for Heap_Mem
    startup_stm32f407xx.o(.text) refers to startup_stm32f407xx.o(STACK) for Stack_Mem
    main.o(i.HAL_TIM_PeriodElapsedCallback) refers to drv_haltick.o(i.HAL_IncTick) for HAL_IncTick
    main.o(i.SystemClock_Config) refers to rt_memclr_w.o(.text) for __aeabi_memclr4
    main.o(i.SystemClock_Config) refers to stm32f4xx_hal_rcc.o(i.HAL_RCC_OscConfig) for HAL_RCC_OscConfig
    main.o(i.SystemClock_Config) refers to main.o(i.Error_Handler) for Error_Handler
    main.o(i.SystemClock_Config) refers to stm32f4xx_hal_rcc.o(i.HAL_RCC_ClockConfig) for HAL_RCC_ClockConfig
    main.o(i.main) refers to stm32f4xx_hal.o(i.HAL_Init) for HAL_Init
    main.o(i.main) refers to main.o(i.SystemClock_Config) for SystemClock_Config
    main.o(i.main) refers to gpio.o(i.MX_GPIO_Init) for MX_GPIO_Init
    main.o(i.main) refers to dma.o(i.MX_DMA_Init) for MX_DMA_Init
    main.o(i.main) refers to can.o(i.MX_CAN1_Init) for MX_CAN1_Init
    main.o(i.main) refers to can.o(i.MX_CAN2_Init) for MX_CAN2_Init
    main.o(i.main) refers to usart.o(i.MX_UART4_Init) for MX_UART4_Init
    main.o(i.main) refers to usart.o(i.MX_UART5_Init) for MX_UART5_Init
    main.o(i.main) refers to usart.o(i.MX_USART1_UART_Init) for MX_USART1_UART_Init
    main.o(i.main) refers to usart.o(i.MX_USART2_UART_Init) for MX_USART2_UART_Init
    main.o(i.main) refers to usart.o(i.MX_USART3_UART_Init) for MX_USART3_UART_Init
[...]
    HAL_NVIC_EnableIRQ                       0x08002a81   Thumb Code    40  stm32f4xx_hal_cortex.o(i.HAL_NVIC_EnableIRQ)
    HAL_NVIC_SetPriority                     0x08002aa9   Thumb Code   124  stm32f4xx_hal_cortex.o(i.HAL_NVIC_SetPriority)
    HAL_NVIC_SetPriorityGrouping             0x08002b25   Thumb Code    32  stm32f4xx_hal_cortex.o(i.HAL_NVIC_SetPriorityGrouping)
    HAL_RCC_ClockConfig                      0x08002b4d   Thumb Code   368  stm32f4xx_hal_rcc.o(i.HAL_RCC_ClockConfig)
    HAL_RCC_GetClockConfig                   0x08002cd1   Thumb Code    58  stm32f4xx_hal_rcc.o(i.HAL_RCC_GetClockConfig)
    HAL_RCC_GetHCLKFreq                      0x08002d15   Thumb Code     6  stm32f4xx_hal_rcc.o(i.HAL_RCC_GetHCLKFreq)
    HAL_RCC_GetPCLK1Freq                     0x08002d21   Thumb Code    22  stm32f4xx_hal_rcc.o(i.HAL_RCC_GetPCLK1Freq)
    HAL_RCC_GetPCLK2Freq                     0x08002d41   Thumb Code    22  stm32f4xx_hal_rcc.o(i.HAL_RCC_GetPCLK2Freq)
    HAL_RCC_GetSysClockFreq                  0x08002d61   Thumb Code   162  stm32f4xx_hal_rcc.o(i.HAL_RCC_GetSysClockFreq)
    HAL_RCC_OscConfig                        0x08002e11   Thumb Code  1172  stm32f4xx_hal_rcc.o(i.HAL_RCC_OscConfig)
    HAL_TIMEx_BreakCallback                  0x080032ad   Thumb Code     2  stm32f4xx_hal_tim_ex.o(i.HAL_TIMEx_BreakCallback)
    HAL_TIMEx_CommutCallback                 0x080032af   Thumb Code     2  stm32f4xx_hal_tim_ex.o(i.HAL_TIMEx_CommutCallback)
    HAL_TIM_Base_Init                        0x080032b1   Thumb Code   102  stm32f4xx_hal_tim.o(i.HAL_TIM_Base_Init)
    HAL_TIM_Base_MspInit                     0x08003317   Thumb Code     2  stm32f4xx_hal_tim.o(i.HAL_TIM_Base_MspInit)
    HAL_TIM_Base_Start_IT                    0x08003319   Thumb Code   138  stm32f4xx_hal_tim.o(i.HAL_TIM_Base_Start_IT)
    HAL_TIM_IC_CaptureCallback               0x080033c1   Thumb Code     2  stm32f4xx_hal_tim.o(i.HAL_TIM_IC_CaptureCallback)
    HAL_TIM_IRQHandler                       0x080033c3   Thumb Code   406  stm32f4xx_hal_tim.o(i.HAL_TIM_IRQHandler)
    HAL_TIM_OC_DelayElapsedCallback          0x08003559   Thumb Code     2  stm32f4xx_hal_tim.o(i.HAL_TIM_OC_DelayElapsedCallback)
    HAL_TIM_PWM_PulseFinishedCallback        0x0800355b   Thumb Code     2  stm32f4xx_hal_tim.o(i.HAL_TIM_PWM_PulseFinishedCallback)
    HAL_TIM_PeriodElapsedCallback            0x0800355d   Thumb Code    18  main.o(i.HAL_TIM_PeriodElapsedCallback)
    HAL_TIM_TriggerCallback                  0x0800356f   Thumb Code     2  stm32f4xx_hal_tim.o(i.HAL_TIM_TriggerCallback)
    HAL_UARTEx_RxEventCallback               0x08003571   Thumb Code     2  stm32f4xx_hal_uart.o(i.HAL_UARTEx_RxEventCallback)
    HAL_UART_ErrorCallback                   0x08003573   Thumb Code     2  stm32f4xx_hal_uart.o(i.HAL_UART_ErrorCallback)
    HAL_UART_IRQHandler                      0x08003575   Thumb Code   732  stm32f4xx_hal_uart.o(i.HAL_UART_IRQHandler)
    HAL_UART_Init                            0x08003855   Thumb Code   114  stm32f4xx_hal_uart.o(i.HAL_UART_Init)
    HAL_UART_MspInit                         0x080038c9   Thumb Code  1338  usart.o(i.HAL_UART_MspInit)
    HAL_UART_RxCpltCallback                  0x08003e1d   Thumb Code     2  stm32f4xx_hal_uart.o(i.HAL_UART_RxCpltCallback)
    HAL_UART_TxCpltCallback                  0x08003e1f   Thumb Code     2  stm32f4xx_hal_uart.o(i.HAL_UART_TxCpltCallback)
    HardFault_Handler                        0x08003e21   Thumb Code     4  stm32f4xx_it.o(i.HardFault_Handler)
    IIC_Ack                                  0x08003e25   Thumb Code    66  soft_iic.o(i.IIC_Ack)
    IIC_NAck                                 0x08003e75   Thumb Code    66  soft_iic.o(i.IIC_NAck)
    IIC_Read_Byte                            0x08003ec5   Thumb Code    94  soft_iic.o(i.IIC_Read_Byte)
    IIC_Send_Byte                            0x08003f31   Thumb Code    90  soft_iic.o(i.IIC_Send_Byte)
    IIC_Start                                0x08003f99   Thumb Code    64  soft_iic.o(i.IIC_Start)
    IIC_Stop                                 0x08003fe5   Thumb Code    62  soft_iic.o(i.IIC_Stop)
    IIC_Wait_Ack                             0x08004031   Thumb Code    82  soft_iic.o(i.IIC_Wait_Ack)
    MPU_Read_Byte                            0x08004091   Thumb Code    78  bmi2_common.o(i.MPU_Read_Byte)
    MPU_Read_all                             0x080040e5   Thumb Code    98  bmi2_common.o(i.MPU_Read_all)
    MX_CAN1_Init                             0x0800414d   Thumb Code    64  can.o(i.MX_CAN1_Init)
    MX_CAN2_Init                             0x08004195   Thumb Code    64  can.o(i.MX_CAN2_Init)
    MX_DMA_Init                              0x080041dd   Thumb Code   210  dma.o(i.MX_DMA_Init)
    MX_FREERTOS_Init                         0x080042b5   Thumb Code   126  freertos.o(i.MX_FREERTOS_Init)
    MX_GPIO_Init                             0x0800434d   Thumb Code   254  gpio.o(i.MX_GPIO_Init)
    MX_UART4_Init                            0x08004459   Thumb Code    46  usart.o(i.MX_UART4_Init)
    MX_UART5_Init                            0x08004491   Thumb Code    46  usart.o(i.MX_UART5_Init)
    MX_USART1_UART_Init                      0x080044c9   Thumb Code    46  usart.o(i.MX_USART1_UART_Init)
    MX_USART2_UART_Init                      0x08004501   Thumb Code    48  usart.o(i.MX_USART2_UART_Init)
    MX_USART3_UART_Init                      0x0800453d   Thumb Code    46  usart.o(i.MX_USART3_UART_Init)
    MemManage_Handler                        0x08004575   Thumb Code     4  stm32f4xx_it.o(i.MemManage_Handler)
    NMI_Handler                              0x08004619   Thumb Code     4  stm32f4xx_it.o(i.NMI_Handler)
    PID_Inc_Calc                             0x0800461d   Thumb Code   342  pid.o(i.PID_Inc_Calc)
    PID_Init                                 0x08004779   Thumb Code    98  pid.o(i.PID_Init)
    PID_Plc_Calc                             0x080047e1   Thumb Code   342  pid.o(i.PID_Plc_Calc)
    RM3508_GetTxId                           0x0800493d   Thumb Code    24  rm_protocol.o(i.RM3508_GetTxId)
    Set_accel                                0x08004955   Thumb Code    90  bmi.o(i.Set_accel)
    Set_gyro                                 0x080049af   Thumb Code    94  bmi.o(i.Set_gyro)
    StartDefaultTask                         0x08004a0d   Thumb Code    10  freertos.o(i.StartDefaultTask)
    Start_CAN_task                           0x08004a19   Thumb Code   230  can_task.o(i.Start_CAN_task)
    Start_LED_task                           0x08004b1d   Thumb Code    10  led_task.o(i.Start_LED_task)
    Start_Monitor_task                       0x08004b29   Thumb Code    22  monitor_task.o(i.Start_Monitor_task)
    Start_imu_task                           0x08004b49   Thumb Code    24  imu_task.o(i.Start_imu_task)
    SysTick_Handler                          0x08004b65   Thumb Code    46  port.o(i.SysTick_Handler)
    SystemClock_Config                       0x08004b99   Thumb Code   172  main.o(i.SystemClock_Config)
    SystemInit                               0x08004c4d   Thumb Code    14  system_stm32f4xx.o(i.SystemInit)
    TIM2_IRQHandler                          0x08004c61   Thumb Code    10  stm32f4xx_it.o(i.TIM2_IRQHandler)
    TIM_Base_SetConfig                       0x08004c71   Thumb Code   170  stm32f4xx_hal_tim.o(i.TIM_Base_SetConfig)
    UART4_IRQHandler                         0x08004d49   Thumb Code    16  stm32f4xx_it.o(i.UART4_IRQHandler)
    UART5_IRQHandler                         0x08004d5d   Thumb Code    16  stm32f4xx_it.o(i.UART5_IRQHandler)
    USART1_IRQHandler                        0x08005195   Thumb Code    16  stm32f4xx_it.o(i.USART1_IRQHandler)
    USART2_IRQHandler                        0x080051a9   Thumb Code    16  stm32f4xx_it.o(i.USART2_IRQHandler)
    USART3_IRQHandler                        0x080051bd   Thumb Code    16  stm32f4xx_it.o(i.USART3_IRQHandler)
    USART4_rxDataHandler                     0x080051d1   Thumb Code     2  drv_uart.o(i.USART4_rxDataHandler)
    USART5_rxDataHandler                     0x080051d3   Thumb Code     2  drv_uart.o(i.USART5_rxDataHandler)
    UsageFault_Handler                       0x0800524b   Thumb Code     4  stm32f4xx_it.o(i.UsageFault_Handler)
    __ARM_fpclassify                         0x0800524f   Thumb Code    48  fpclassify.o(i.__ARM_fpclassify)
    __hardfp_asin                            0x080052b9   Thumb Code   770  asin.o(i.__hardfp_asin)
    __hardfp_atan                            0x08005619   Thumb Code   622  atan.o(i.__hardfp_atan)
    __hardfp_atan2                           0x080058f1   Thumb Code   448  atan2.o(i.__hardfp_atan2)
    __kernel_poly                            0x08005af1   Thumb Code   248  poly.o(i.__kernel_poly)
    __mathlib_dbl_infnan                     0x08005be9   Thumb Code    20  dunder.o(i.__mathlib_dbl_infnan)
    __mathlib_dbl_infnan2                    0x08005bfd   Thumb Code    20  dunder.o(i.__mathlib_dbl_infnan2)
    __mathlib_dbl_invalid                    0x08005c11   Thumb Code    24  dunder.o(i.__mathlib_dbl_invalid)
    __mathlib_dbl_underflow                  0x08005c31   Thumb Code    24  dunder.o(i.__mathlib_dbl_underflow)
    arm_add_f32                              0x08005c51   Thumb Code    30  basicmathfunctions.o(i.arm_add_f32)
    arm_mult_f32                             0x08005c6f   Thumb Code    30  basicmathfunctions.o(i.arm_mult_f32)
    arm_sub_f32                              0x08005c8d   Thumb Code    30  basicmathfunctions.o(i.arm_sub_f32)
    atan                                     0x08005cab   Thumb Code    16  atan.o(i.atan)
    bmi270_init                              0x08005cbd   Thumb Code    96  bmi270.o(i.bmi270_init)
    bmi2_error_codes_print_result            0x08005d29   Thumb Code     8  bmi2_common.o(i.bmi2_error_codes_print_result)
    bmi2_extract_input_feat_config           0x08005d31   Thumb Code    58  bmi2.o(i.bmi2_extract_input_feat_config)
    bmi2_get_feat_config                     0x08005d6b   Thumb Code   204  bmi2.o(i.bmi2_get_feat_config)
    bmi2_get_gyro_cross_sense                0x08005e37   Thumb Code    66  bmi2.o(i.bmi2_get_gyro_cross_sense)
    bmi2_get_internal_status                 0x08005e79   Thumb Code    52  bmi2.o(i.bmi2_get_internal_status)
    bmi2_get_regs                            0x08005ead   Thumb Code   168  bmi2.o(i.bmi2_get_regs)
    bmi2_get_sensor_config                   0x08005f55   Thumb Code   798  bmi2.o(i.bmi2_get_sensor_config)
    bmi2_get_sensor_data                     0x08006273   Thumb Code   434  bmi2.o(i.bmi2_get_sensor_data)
    bmi2_get_status                          0x08006425   Thumb Code    42  bmi2.o(i.bmi2_get_status)
    bmi2_interface_selection                 0x08006451   Thumb Code    86  bmi2_common.o(i.bmi2_interface_selection)
    bmi2_map_data_int                        0x080064c1   Thumb Code   138  bmi2.o(i.bmi2_map_data_int)
    bmi2_sec_init                            0x0800654d   Thumb Code   100  bmi2.o(i.bmi2_sec_init)
    bmi2_sensor_enable                       0x080065b5   Thumb Code    66  bmi2.o(i.bmi2_sensor_enable)
    bmi2_set_adv_power_save                  0x080065f7   Thumb Code    94  bmi2.o(i.bmi2_set_adv_power_save)
    bmi2_set_regs                            0x08006655   Thumb Code   166  bmi2.o(i.bmi2_set_regs)
    bmi2_set_sensor_config                   0x080066fb   Thumb Code   766  bmi2.o(i.bmi2_set_sensor_config)
    bmi2_soft_reset                          0x080069f9   Thumb Code    94  bmi2.o(i.bmi2_soft_reset)
    bmi2_user_i2c_init                       0x08006a57   Thumb Code     4  bmi2_common.o(i.bmi2_user_i2c_init)
    bmi2_user_spi_init                       0x08006a5b   Thumb Code     4  bmi2_common.o(i.bmi2_user_spi_init)
    bmi2_write_config_file                   0x08006a5f   Thumb Code   100  bmi2.o(i.bmi2_write_config_file)
    delay_us                                 0x08006c93   Thumb Code    24  drv_haltick.o(i.delay_us)
    fabs                                     0x08006ce5   Thumb Code    24  fabs.o(i.fabs)
    imu_sensor_init                          0x080083e5   Thumb Code   158  imu_protocol.o(i.imu_sensor_init)
    imu_sensor_update                        0x08008489   Thumb Code    96  imu_protocol.o(i.imu_sensor_update)
    inVSqrt                                  0x08008501   Thumb Code    56  bmi.o(i.inVSqrt)
    main                                     0x080085b5   Thumb Code    72  main.o(i.main)
    micros                                   0x08008615   Thumb Code    32  drv_haltick.o(i.micros)
    osDelay                                  0x0800866d   Thumb Code    24  cmsis_os.o(i.osDelay)
    osKernelStart                            0x08008685   Thumb Code    10  cmsis_os.o(i.osKernelStart)
    osThreadCreate                           0x0800868f   Thumb Code    94  cmsis_os.o(i.osThreadCreate)
    pvPortMalloc                             0x08008b6d   Thumb Code   306  heap_4.o(i.pvPortMalloc)
    pxPortInitialiseStack                    0x08008cb9   Thumb Code    38  port.o(i.pxPortInitialiseStack)
    reserve                                  0x08008d31   Thumb Code    32  can_task.o(i.reserve)
    sqrt                                     0x0800b5a9   Thumb Code   110  sqrt.o(i.sqrt)
    user_delay_us                            0x0800b7a3   Thumb Code    14  bmi2_common.o(i.user_delay_us)
    user_i2c_reg_read                        0x0800b7b1   Thumb Code    40  bmi2_common.o(i.user_i2c_reg_read)
    user_i2c_reg_write                       0x0800b7d9   Thumb Code    90  bmi2_common.o(i.user_i2c_reg_write)
    user_spi_reg_read                        0x0800b839   Thumb Code     8  bmi2_common.o(i.user_spi_reg_read)
    user_spi_reg_write                       0x0800b841   Thumb Code     8  bmi2_common.o(i.user_spi_reg_write)
    uxListRemove                             0x0800b849   Thumb Code    40  list.o(i.uxListRemove)
    vApplicationGetIdleTaskMemory            0x0800b871   Thumb Code    14  freertos.o(i.vApplicationGetIdleTaskMemory)
    vListInitialise                          0x0800b889   Thumb Code    26  list.o(i.vListInitialise)
    vListInitialiseItem                      0x0800b8a3   Thumb Code     6  list.o(i.vListInitialiseItem)
    vListInsert                              0x0800b8a9   Thumb Code    52  list.o(i.vListInsert)
    vListInsertEnd                           0x0800b8dd   Thumb Code    24  list.o(i.vListInsertEnd)
    vPortEnterCritical                       0x0800b8f5   Thumb Code    76  port.o(i.vPortEnterCritical)
    vPortExitCritical                        0x0800b949   Thumb Code    56  port.o(i.vPortExitCritical)
    vPortFree                                0x0800b985   Thumb Code   150  heap_4.o(i.vPortFree)
    vPortSetupTimerInterrupt                 0x0800ba29   Thumb Code    36  port.o(i.vPortSetupTimerInterrupt)
    vTaskDelay                               0x0800ba51   Thumb Code    82  tasks.o(i.vTaskDelay)
    vTaskStartScheduler                      0x0800baad   Thumb Code   146  tasks.o(i.vTaskStartScheduler)
    vTaskSuspendAll                          0x0800bb5d   Thumb Code    12  tasks.o(i.vTaskSuspendAll)
    vTaskSwitchContext                       0x0800bb6d   Thumb Code   118  tasks.o(i.vTaskSwitchContext)
    xPortStartScheduler                      0x0800bddd   Thumb Code   330  port.o(i.xPortStartScheduler)
    xTaskCreate                              0x0800bf45   Thumb Code   100  tasks.o(i.xTaskCreate)
    xTaskCreateStatic                        0x0800bfa9   Thumb Code   186  tasks.o(i.xTaskCreateStatic)
    xTaskIncrementTick                       0x0800c065   Thumb Code   282  tasks.o(i.xTaskIncrementTick)
    xTaskResumeAll                           0x0800c1ad   Thumb Code   224  tasks.o(i.xTaskResumeAll)
    __aeabi_dneg                             0x0800c2b1   Thumb Code     0  basic.o(x$fpl$basic)
    _dneg                                    0x0800c2b1   Thumb Code     6  basic.o(x$fpl$basic)
    __aeabi_fneg                             0x0800c2b7   Thumb Code     0  basic.o(x$fpl$basic)
    _fneg                                    0x0800c2b7   Thumb Code     6  basic.o(x$fpl$basic)
    _dabs                                    0x0800c2bd   Thumb Code     6  basic.o(x$fpl$basic)
    _fabs                                    0x0800c2c3   Thumb Code     6  basic.o(x$fpl$basic)
    __aeabi_d2f                              0x0800c2c9   Thumb Code     0  d2f.o(x$fpl$d2f)
    _d2f                                     0x0800c2c9   Thumb Code    98  d2f.o(x$fpl$d2f)
    __aeabi_dadd                             0x0800c32d   Thumb Code     0  daddsub_clz.o(x$fpl$dadd)
    _dadd                                    0x0800c32d   Thumb Code   332  daddsub_clz.o(x$fpl$dadd)
    __fpl_dcmp_Inf                           0x0800c47d   Thumb Code    24  dcmpi.o(x$fpl$dcmpinf)
    __aeabi_ddiv                             0x0800c495   Thumb Code     0  ddiv.o(x$fpl$ddiv)
    _ddiv                                    0x0800c495   Thumb Code   552  ddiv.o(x$fpl$ddiv)
    __aeabi_cdcmpeq                          0x0800c745   Thumb Code     0  deqf.o(x$fpl$deqf)
    _dcmpeq                                  0x0800c745   Thumb Code   120  deqf.o(x$fpl$deqf)
    __aeabi_i2d                              0x0800c7bd   Thumb Code     0  dflt_clz.o(x$fpl$dflt)
    _dflt                                    0x0800c7bd   Thumb Code    46  dflt_clz.o(x$fpl$dflt)
    __aeabi_dmul                             0x0800c7ed   Thumb Code     0  dmul.o(x$fpl$dmul)
    _dmul                                    0x0800c7ed   Thumb Code   332  dmul.o(x$fpl$dmul)
    __fpl_dnaninf                            0x0800c941   Thumb Code   156  dnaninf.o(x$fpl$dnaninf)
    __fpl_dretinf                            0x0800c9dd   Thumb Code    12  dretinf.o(x$fpl$dretinf)
    __aeabi_drsub                            0x0800c9e9   Thumb Code     0  daddsub_clz.o(x$fpl$drsb)
    _drsb                                    0x0800c9e9   Thumb Code    22  daddsub_clz.o(x$fpl$drsb)
    _dsqrt                                   0x0800ca01   Thumb Code   404  dsqrt_umaal.o(x$fpl$dsqrt)
    __aeabi_dsub                             0x0800cb99   Thumb Code     0  daddsub_clz.o(x$fpl$dsub)
    _dsub                                    0x0800cb99   Thumb Code   464  daddsub_clz.o(x$fpl$dsub)
    __aeabi_f2d                              0x0800cd6d   Thumb Code     0  f2d.o(x$fpl$f2d)
    _f2d                                     0x0800cd6d   Thumb Code    86  f2d.o(x$fpl$f2d)
    __fpl_fnaninf                            0x0800cdc3   Thumb Code   140  fnaninf.o(x$fpl$fnaninf)
    _fp_init                                 0x0800ce4f   Thumb Code    10  fpinit.o(x$fpl$fpinit)
    __fplib_config_fpu_vfp                   0x0800ce57   Thumb Code     0  fpinit.o(x$fpl$fpinit)
    __fplib_config_pureend_doubles           0x0800ce57   Thumb Code     0  fpinit.o(x$fpl$fpinit)
    __fpl_fretinf                            0x0800ce59   Thumb Code    10  fretinf.o(x$fpl$fretinf)
    __I$use$fp                               0x0800ce62   Number         0  usenofp.o(x$fpl$usenofp)
    bmi270_config_file                       0x0800cef6   Data        8192  bmi270.o(.constdata)
    bmi270_feat_in                           0x0800eef6   Data          48  bmi270.o(.constdata)
    bmi270_feat_out                          0x0800ef26   Data          21  bmi270.o(.constdata)
    AHBPrescTable                            0x0800ef43   Data          16  system_stm32f4xx.o(.constdata)
    APBPrescTable                            0x0800ef53   Data           8  system_stm32f4xx.o(.constdata)
    __mathlib_zero                           0x0800f048   Data           8  qnan.o(.constdata)
    Region$$Table$$Base                      0x0800f090   Number         0  anon$$obj.o(Region$$Table)
    Region$$Table$$Limit                     0x0800f0b0   Number         0  anon$$obj.o(Region$$Table)
    defaultTaskHandle                        0x20000000   Data           4  freertos.o(.data)
    Imu_taskHandle                           0x20000004   Data           4  freertos.o(.data)
    LED_taskHandle                           0x20000008   Data           4  freertos.o(.data)
    CAN_taskHandle                           0x2000000c   Data           4  freertos.o(.data)
    Monitor_taskHandle                       0x20000010   Data           4  freertos.o(.data)
    PID_Speed                                0x20000018   Data          12  pid.o(.data)
    PID_Angle                                0x20000024   Data          12  pid.o(.data)
    get_info_t                               0x20000030   Data           8  can_task.o(.data)
    my_info_t                                0x20000038   Data           8  can_task.o(.data)
    info_pack                                0x20000040   Data           8  can_task.o(.data)
    angle_set                                0x20000048   Data           4  can_task.o(.data)
    speed_out                                0x2000004c   Data           4  can_task.o(.data)
    angle_out                                0x20000050   Data           4  can_task.o(.data)
    tx_info                                  0x20000054   Data           8  can_task.o(.data)
    gyrox                                    0x2000005c   Data           2  imu_protocol.o(.data)
    gyroy                                    0x2000005e   Data           2  imu_protocol.o(.data)
    gyroz                                    0x20000060   Data           2  imu_protocol.o(.data)
    accx                                     0x20000062   Data           2  imu_protocol.o(.data)
    accy                                     0x20000064   Data           2  imu_protocol.o(.data)
    accz                                     0x20000066   Data           2  imu_protocol.o(.data)
    imu_sensor_driver                        0x20000068   Data           2  imu_sensor.o(.data)
    imu_sensor_info                          0x2000006c   Data          32  imu_sensor.o(.data)
    imu_sensor                               0x2000008c   Data          28  imu_sensor.o(.data)
    motor_6020_driver                        0x200000a8   Data          40  6020_motor.o(.data)
    motor_6020_info                          0x200000d0   Data          24  6020_motor.o(.data)
    motor_6020                               0x200000e8   Data         180  6020_motor.o(.data)
    motor_driver                             0x2000019c   Data          40  motor.o(.data)
    motor_info                               0x200001c4   Data          24  motor.o(.data)
    motor_data                               0x200001dc   Data         180  motor.o(.data)
    dev_list                                 0x20000290   Data           4  device.o(.data)
    debug_bmi                                0x20000294   Data           1  bmi.o(.data)
    Kp                                       0x20000298   Data           4  bmi.o(.data)
    Ki                                       0x2000029c   Data           4  bmi.o(.data)
    halfT                                    0x200002a0   Data           4  bmi.o(.data)
    norm                                     0x200002a4   Data           4  bmi.o(.data)
    vx                                       0x200002a8   Data           4  bmi.o(.data)
    vy                                       0x200002ac   Data           4  bmi.o(.data)
    vz                                       0x200002b0   Data           4  bmi.o(.data)
    ex                                       0x200002b4   Data           4  bmi.o(.data)
    ey                                       0x200002b8   Data           4  bmi.o(.data)
    ez                                       0x200002bc   Data           4  bmi.o(.data)
    gx                                       0x200002c0   Data           4  bmi.o(.data)
    gy                                       0x200002c4   Data           4  bmi.o(.data)
    gz                                       0x200002c8   Data           4  bmi.o(.data)
    ax                                       0x200002cc   Data           4  bmi.o(.data)
    ay                                       0x200002d0   Data           4  bmi.o(.data)
    az                                       0x200002d4   Data           4  bmi.o(.data)
    q0                                       0x200002d8   Data           4  bmi.o(.data)
    q1                                       0x200002dc   Data           4  bmi.o(.data)
    q2                                       0x200002e0   Data           4  bmi.o(.data)
    q3                                       0x200002e4   Data           4  bmi.o(.data)
    exInt                                    0x200002e8   Data           4  bmi.o(.data)
    eyInt                                    0x200002ec   Data           4  bmi.o(.data)
    ezInt                                    0x200002f0   Data           4  bmi.o(.data)
    q0temp                                   0x200002f4   Data           4  bmi.o(.data)
    q1temp                                   0x200002f8   Data           4  bmi.o(.data)
    q2temp                                   0x200002fc   Data           4  bmi.o(.data)
    q3temp                                   0x20000300   Data           4  bmi.o(.data)
    MPU_ADDR                                 0x20000305   Data           1  bmi2_common.o(.data)
    HalTick                                  0x20000308   Data           4  drv_haltick.o(.data)
    uwTick                                   0x2000030c   Data           4  stm32f4xx_hal.o(.data)
    uwTickPrio                               0x20000310   Data           4  stm32f4xx_hal.o(.data)
    uwTickFreq                               0x20000314   Data           1  stm32f4xx_hal.o(.data)
    SystemCoreClock                          0x20000318   Data           4  system_stm32f4xx.o(.data)
    pxCurrentTCB                             0x2000031c   Data           4  tasks.o(.data)
    hcan1                                    0x200005d8   Data          40  can.o(.bss)
    hcan2                                    0x20000600   Data          40  can.o(.bss)
    huart4                                   0x20000628   Data          68  usart.o(.bss)
    huart5                                   0x2000066c   Data          68  usart.o(.bss)
    huart1                                   0x200006b0   Data          68  usart.o(.bss)
    huart2                                   0x200006f4   Data          68  usart.o(.bss)
    huart3                                   0x20000738   Data          68  usart.o(.bss)
    hdma_uart4_rx                            0x2000077c   Data          96  usart.o(.bss)
    hdma_uart4_tx                            0x200007dc   Data          96  usart.o(.bss)
    hdma_uart5_rx                            0x2000083c   Data          96  usart.o(.bss)
    hdma_uart5_tx                            0x2000089c   Data          96  usart.o(.bss)
    hdma_usart1_rx                           0x200008fc   Data          96  usart.o(.bss)
    hdma_usart1_tx                           0x2000095c   Data          96  usart.o(.bss)
    hdma_usart2_rx                           0x200009bc   Data          96  usart.o(.bss)
    hdma_usart3_rx                           0x20000a1c   Data          96  usart.o(.bss)
    hdma_usart3_tx                           0x20000a7c   Data          96  usart.o(.bss)
    htim2                                    0x20000adc   Data          72  stm32f4xx_hal_timebase_tim.o(.bss)
    bmi2_dev                                 0x20000b28   Data         104  bmi.o(.bss)
    sensor_data                              0x20000b90   Data          16  bmi.o(.bss)
    hcan1RxFrame                             0x20000ba0   Data          36  drv_can.o(.bss)
    hcan2RxFrame                             0x20000bc4   Data          36  drv_can.o(.bss)
    hcan1TxFrame                             0x20000be8   Data          32  drv_can.o(.bss)
    hcan2TxFrame                             0x20000c08   Data          32  drv_can.o(.bss)
    hcan1Mailbox                             0x20000c28   Data          28  drv_can.o(.bss)
    hcan2Mailbox                             0x20000c44   Data          28  drv_can.o(.bss)
    usart1_dma_rxbuf                         0x20000c60   Data         100  drv_uart.o(.bss)
    usart2_dma_rxbuf                         0x20000cc4   Data          48  drv_uart.o(.bss)
    usart4_dma_rxbuf                         0x20000cf4   Data         100  drv_uart.o(.bss)
    usart5_dma_rxbuf                         0x20000d58   Data         200  drv_uart.o(.bss)
    __libspace_start                         0x20004b10   Data          96  libspace.o(.bss)
    __temporary_stack_top$libspace           0x20004b70   Data           0  libspace.o(.bss)



==============================================================================

Memory Map of the image

  Image Entry point : 0x08000189

  Load Region LR_IROM1 (Base: 0x08000000, Size: 0x0000f434, Max: 0x00080000, ABSOLUTE, COMPRESSED[0x0000f158])

    Execution Region ER_IROM1 (Exec base: 0x08000000, Load base: 0x08000000, Size: 0x0000f0b0, Max: 0x00080000, ABSOLUTE)

    Exec Addr    Load Addr    Size         Type   Attr      Idx    E Section Name        Object

    0x08000000   0x08000000   0x00000188   Data   RO            3    RESET               startup_stm32f407xx.o
    0x08000188   0x08000188   0x00000008   Code   RO        13129  * !!!main             c_w.l(__main.o)
    0x08000190   0x08000190   0x00000034   Code   RO        13591    !!!scatter          c_w.l(__scatter.o)
    0x080001c4   0x080001c4   0x0000005a   Code   RO        13589    !!dczerorl2         c_w.l(__dczerorl2.o)
    0x0800021e   0x0800021e   0x00000002   PAD
    0x08000220   0x08000220   0x0000001c   Code   RO        13593    !!handler_zi        c_w.l(__scatter_zi.o)
    0x0800023c   0x0800023c   0x00000002   Code   RO        13526    .ARM.Collect$$libinit$$00000000  c_w.l(libinit.o)
    0x0800023e   0x0800023e   0x00000004   Code   RO        13339    .ARM.Collect$$libinit$$00000001  c_w.l(libinit2.o)
    0x08000242   0x08000242   0x00000000   Code   RO        13342    .ARM.Collect$$libinit$$00000004  c_w.l(libinit2.o)
    0x08000242   0x08000242   0x00000008   Code   RO        13343    .ARM.Collect$$libinit$$00000005  c_w.l(libinit2.o)
    0x0800024a   0x0800024a   0x00000000   Code   RO        13345    .ARM.Collect$$libinit$$0000000A  c_w.l(libinit2.o)
    0x0800024a   0x0800024a   0x00000000   Code   RO        13347    .ARM.Collect$$libinit$$0000000C  c_w.l(libinit2.o)
    0x0800024a   0x0800024a   0x00000000   Code   RO        13349    .ARM.Collect$$libinit$$0000000E  c_w.l(libinit2.o)
    0x0800024a   0x0800024a   0x00000000   Code   RO        13352    .ARM.Collect$$libinit$$00000011  c_w.l(libinit2.o)
    0x0800024a   0x0800024a   0x00000000   Code   RO        13354    .ARM.Collect$$libinit$$00000013  c_w.l(libinit2.o)
    0x0800024a   0x0800024a   0x00000000   Code   RO        13356    .ARM.Collect$$libinit$$00000015  c_w.l(libinit2.o)
    0x0800024a   0x0800024a   0x00000000   Code   RO        13358    .ARM.Collect$$libinit$$00000017  c_w.l(libinit2.o)
    0x0800024a   0x0800024a   0x00000000   Code   RO        13360    .ARM.Collect$$libinit$$00000019  c_w.l(libinit2.o)
    0x0800024a   0x0800024a   0x00000000   Code   RO        13362    .ARM.Collect$$libinit$$0000001B  c_w.l(libinit2.o)
    0x0800024a   0x0800024a   0x00000000   Code   RO        13364    .ARM.Collect$$libinit$$0000001D  c_w.l(libinit2.o)
    0x0800024a   0x0800024a   0x00000000   Code   RO        13366    .ARM.Collect$$libinit$$0000001F  c_w.l(libinit2.o)
    0x0800024a   0x0800024a   0x00000000   Code   RO        13368    .ARM.Collect$$libinit$$00000021  c_w.l(libinit2.o)
    0x0800024a   0x0800024a   0x00000000   Code   RO        13370    .ARM.Collect$$libinit$$00000023  c_w.l(libinit2.o)
    0x0800024a   0x0800024a   0x00000000   Code   RO        13372    .ARM.Collect$$libinit$$00000025  c_w.l(libinit2.o)
    0x0800024a   0x0800024a   0x00000000   Code   RO        13376    .ARM.Collect$$libinit$$0000002C  c_w.l(libinit2.o)
    0x0800024a   0x0800024a   0x00000000   Code   RO        13378    .ARM.Collect$$libinit$$0000002E  c_w.l(libinit2.o)
    0x0800024a   0x0800024a   0x00000000   Code   RO        13380    .ARM.Collect$$libinit$$00000030  c_w.l(libinit2.o)
    0x0800024a   0x0800024a   0x00000000   Code   RO        13382    .ARM.Collect$$libinit$$00000032  c_w.l(libinit2.o)
    0x0800024a   0x0800024a   0x00000002   Code   RO        13383    .ARM.Collect$$libinit$$00000033  c_w.l(libinit2.o)
    0x0800024c   0x0800024c   0x00000002   Code   RO        13586    .ARM.Collect$$libshutdown$$00000000  c_w.l(libshutdown.o)
    0x0800024e   0x0800024e   0x00000000   Code   RO        13542    .ARM.Collect$$libshutdown$$00000002  c_w.l(libshutdown2.o)
    0x0800024e   0x0800024e   0x00000000   Code   RO        13544    .ARM.Collect$$libshutdown$$00000004  c_w.l(libshutdown2.o)
    0x0800024e   0x0800024e   0x00000000   Code   RO        13546    .ARM.Collect$$libshutdown$$00000006  c_w.l(libshutdown2.o)
    0x0800024e   0x0800024e   0x00000000   Code   RO        13549    .ARM.Collect$$libshutdown$$00000009  c_w.l(libshutdown2.o)
    0x0800024e   0x0800024e   0x00000000   Code   RO        13552    .ARM.Collect$$libshutdown$$0000000C  c_w.l(libshutdown2.o)
    0x0800024e   0x0800024e   0x00000000   Code   RO        13554    .ARM.Collect$$libshutdown$$0000000E  c_w.l(libshutdown2.o)
    0x0800024e   0x0800024e   0x00000000   Code   RO        13557    .ARM.Collect$$libshutdown$$00000011  c_w.l(libshutdown2.o)
    0x0800024e   0x0800024e   0x00000002   Code   RO        13558    .ARM.Collect$$libshutdown$$00000012  c_w.l(libshutdown2.o)
    0x08000250   0x08000250   0x00000000   Code   RO        13305    .ARM.Collect$$rtentry$$00000000  c_w.l(__rtentry.o)
    0x08000250   0x08000250   0x00000000   Code   RO        13458    .ARM.Collect$$rtentry$$00000002  c_w.l(__rtentry2.o)
    0x08000250   0x08000250   0x00000006   Code   RO        13470    .ARM.Collect$$rtentry$$00000004  c_w.l(__rtentry4.o)
    0x08000256   0x08000256   0x00000000   Code   RO        13460    .ARM.Collect$$rtentry$$00000009  c_w.l(__rtentry2.o)
    0x08000256   0x08000256   0x00000004   Code   RO        13461    .ARM.Collect$$rtentry$$0000000A  c_w.l(__rtentry2.o)
    0x0800025a   0x0800025a   0x00000000   Code   RO        13463    .ARM.Collect$$rtentry$$0000000C  c_w.l(__rtentry2.o)
    0x0800025a   0x0800025a   0x00000008   Code   RO        13464    .ARM.Collect$$rtentry$$0000000D  c_w.l(__rtentry2.o)
    0x08000262   0x08000262   0x00000002   Code   RO        13529    .ARM.Collect$$rtexit$$00000000  c_w.l(rtexit.o)
    0x08000264   0x08000264   0x00000000   Code   RO        13562    .ARM.Collect$$rtexit$$00000002  c_w.l(rtexit2.o)
    0x08000264   0x08000264   0x00000004   Code   RO        13563    .ARM.Collect$$rtexit$$00000003  c_w.l(rtexit2.o)
    0x08000268   0x08000268   0x00000006   Code   RO        13564    .ARM.Collect$$rtexit$$00000004  c_w.l(rtexit2.o)
    0x0800026e   0x0800026e   0x00000002   PAD
    0x08000270   0x08000270   0x000000be   Code   RO         7551    .emb_text           port.o
    0x0800032e   0x0800032e   0x00000002   PAD
    0x08000330   0x08000330   0x00000000   Code   RO        13481    .emb_text           c_w.l(maybetermalloc1.o)
    0x08000330   0x08000330   0x00000040   Code   RO            4    .text               startup_stm32f407xx.o
    0x08000370   0x08000370   0x0000005e   Code   RO        13051    .text               c_w.l(h1_alloc.o)
    0x080003ce   0x080003ce   0x0000004e   Code   RO        13053    .text               c_w.l(h1_free.o)
    0x0800041c   0x0800041c   0x000000ee   Code   RO        13109    .text               c_w.l(lludivv7m.o)
    0x0800050a   0x0800050a   0x00000064   Code   RO        13119    .text               c_w.l(rt_memcpy_w.o)
    0x0800056e   0x0800056e   0x00000044   Code   RO        13123    .text               c_w.l(rt_memclr.o)
    0x080005b2   0x080005b2   0x0000004e   Code   RO        13125    .text               c_w.l(rt_memclr_w.o)
    0x08000600   0x08000600   0x00000006   Code   RO        13127    .text               c_w.l(heapauxi.o)
    0x08000606   0x08000606   0x00000002   PAD
    0x08000608   0x08000608   0x00000008   Code   RO        13313    .text               c_w.l(rt_heap_descriptor_intlibspace.o)
    0x08000610   0x08000610   0x00000004   Code   RO        13315    .text               c_w.l(hguard.o)
    0x08000614   0x08000614   0x0000008a   Code   RO        13317    .text               c_w.l(init_alloc.o)
    0x0800069e   0x0800069e   0x0000000e   Code   RO        13321    .text               c_w.l(h1_init.o)
    0x080006ac   0x080006ac   0x00000016   Code   RO        13335    .text               c_w.l(_rserrno.o)
    0x080006c2   0x080006c2   0x00000002   PAD
    0x080006c4   0x080006c4   0x00000008   Code   RO        13454    .text               c_w.l(libspace.o)
    0x080006cc   0x080006cc   0x00000008   Code   RO        13477    .text               c_w.l(rt_errno_addr_intlibspace.o)
    0x080006d4   0x080006d4   0x00000034   Code   RO        13483    .text               c_w.l(h1_extend.o)
    0x08000708   0x08000708   0x0000000e   Code   RO        13487    .text               c_w.l(defsig_rtmem_outer.o)
    0x08000716   0x08000716   0x00000002   Code   RO        13498    .text               c_w.l(use_no_semi.o)
    0x08000718   0x08000718   0x00000000   Code   RO        13500    .text               c_w.l(indicate_semi.o)
    0x08000718   0x08000718   0x0000004a   Code   RO        13501    .text               c_w.l(sys_stackheap_outer.o)
    0x08000762   0x08000762   0x00000012   Code   RO        13507    .text               c_w.l(exit.o)
    0x08000774   0x08000774   0x0000000a   Code   RO        13509    .text               c_w.l(defsig_exit.o)
    0x0800077e   0x0800077e   0x00000002   PAD
    0x08000780   0x08000780   0x00000050   Code   RO        13515    .text               c_w.l(defsig_rtmem_inner.o)
    0x080007d0   0x080007d0   0x0000000c   Code   RO        13527    .text               c_w.l(sys_exit.o)
    0x080007dc   0x080007dc   0x00000032   Code   RO        13537    .text               c_w.l(defsig_general.o)
    0x0800080e   0x0800080e   0x0000000e   Code   RO        13559    .text               c_w.l(sys_wrch.o)
    0x0800081c   0x0800081c   0x00000874   Code   RO         1511    i.BMI_Get_EulerAngle  bmi.o
    0x08001090   0x08001090   0x00000092   Code   RO         1512    i.BMI_Get_GRO       bmi.o
    0x08001122   0x08001122   0x000000b6   Code   RO         1513    i.BMI_Get_RawData   bmi.o
    0x080011d8   0x080011d8   0x00000078   Code   RO         1514    i.BMI_Init          bmi.o
    0x08001250   0x08001250   0x00000004   Code   RO          527    i.BusFault_Handler  stm32f4xx_it.o
    0x08001254   0x08001254   0x00000010   Code   RO          528    i.CAN1_RX0_IRQHandler  stm32f4xx_it.o
    0x08001264   0x08001264   0x00000010   Code   RO          529    i.CAN2_RX0_IRQHandler  stm32f4xx_it.o
    0x08001274   0x08001274   0x0000000c   Code   RO         1084    i.CAN_01_GetMotorAngle  rm_protocol.o
    0x08001280   0x08001280   0x0000000e   Code   RO         1085    i.CAN_23_GetMotorSpeed  rm_protocol.o
    0x0800128e   0x0800128e   0x0000000e   Code   RO         1087    i.CAN_45_GetMotorCurrent  rm_protocol.o
    0x0800129c   0x0800129c   0x00000006   Code   RO         1089    i.CAN_6_GetMotorTemperature  rm_protocol.o
    0x080012a2   0x080012a2   0x00000010   Code   RO         1021    i.CAN_AddByte       can_protocol.o
    0x080012b2   0x080012b2   0x0000001e   Code   RO         1022    i.CAN_AddHalfWord   can_protocol.o
    0x080012d0   0x080012d0   0x00000014   Code   RO         1023    i.CAN_AddMsg        can_protocol.o
    0x080012e4   0x080012e4   0x00000060   Code   RO         3239    i.CAN_AddMsgByDriver  drv_can.o
    0x08001344   0x08001344   0x0000002a   Code   RO         3240    i.CAN_AddMsgToTxPort  drv_can.o
    0x0800136e   0x0800136e   0x0000002a   Code   RO         1024    i.CAN_AddWord       can_protocol.o
    0x08001398   0x08001398   0x00000096   Code   RO         3242    i.CAN_CreateTxPort  drv_can.o
    0x0800142e   0x0800142e   0x00000022   Code   RO         3244    i.CAN_GetTxPort     drv_can.o
    0x08001450   0x08001450   0x00000010   Code   RO         1025    i.CAN_ManualTx      can_protocol.o
    0x08001460   0x08001460   0x00000050   Code   RO         3249    i.CAN_StartTxByDriver  drv_can.o
    0x080014b0   0x080014b0   0x00000064   Code   RO          834    i.CAN_Tx_cmd        can_task.o
    0x08001514   0x08001514   0x0000000a   Code   RO         3251    i.CAN_UpdatePeriodAtTxPort  drv_can.o
    0x0800151e   0x0800151e   0x00000002   PAD
    0x08001520   0x08001520   0x00000060   Code   RO          835    i.CAN_filter_init   can_task.o
    0x08001580   0x08001580   0x00000034   Code   RO         1384    i.Chassis_Motor_Heart_Beat  6020_motor.o
    0x080015b4   0x080015b4   0x00000034   Code   RO         1432    i.Chassis_Motor_Heart_Beat  motor.o
    0x080015e8   0x080015e8   0x000000a8   Code   RO         1385    i.Check_Motor_Data  6020_motor.o
    0x08001690   0x08001690   0x000000a8   Code   RO         1433    i.Check_Motor_Data  motor.o
    0x08001738   0x08001738   0x00000014   Code   RO         1476    i.DEV_Init          device.o
    0x0800174c   0x0800174c   0x00000010   Code   RO          530    i.DMA1_Stream0_IRQHandler  stm32f4xx_it.o
    0x0800175c   0x0800175c   0x00000010   Code   RO          531    i.DMA1_Stream1_IRQHandler  stm32f4xx_it.o
    0x0800176c   0x0800176c   0x00000010   Code   RO          532    i.DMA1_Stream2_IRQHandler  stm32f4xx_it.o
    0x0800177c   0x0800177c   0x00000010   Code   RO          533    i.DMA1_Stream3_IRQHandler  stm32f4xx_it.o
    0x0800178c   0x0800178c   0x00000010   Code   RO          534    i.DMA1_Stream4_IRQHandler  stm32f4xx_it.o
    0x0800179c   0x0800179c   0x00000010   Code   RO          535    i.DMA1_Stream5_IRQHandler  stm32f4xx_it.o
    0x080017ac   0x080017ac   0x00000010   Code   RO          536    i.DMA1_Stream7_IRQHandler  stm32f4xx_it.o
    0x080017bc   0x080017bc   0x00000010   Code   RO          537    i.DMA2_Stream2_IRQHandler  stm32f4xx_it.o
    0x080017cc   0x080017cc   0x00000010   Code   RO          538    i.DMA2_Stream7_IRQHandler  stm32f4xx_it.o
    0x080017dc   0x080017dc   0x00000034   Code   RO         4247    i.DMA_CalcBaseAndBitshift  stm32f4xx_hal_dma.o
    0x08001810   0x08001810   0x000000aa   Code   RO         4248    i.DMA_CheckFifoParam  stm32f4xx_hal_dma.o
    0x080018ba   0x080018ba   0x00000022   Code   RO         3362    i.DRV_UART_IRQHandler  drv_uart.o
    0x080018dc   0x080018dc   0x00000002   Code   RO          539    i.DebugMon_Handler  stm32f4xx_it.o
    0x080018de   0x080018de   0x00000006   Code   RO           13    i.Error_Handler     main.o
    0x080018e4   0x080018e4   0x0000002a   Code   RO         3510    i.HAL_CAN_ActivateNotification  stm32f4xx_hal_can.o
    0x0800190e   0x0800190e   0x00000156   Code   RO         3511    i.HAL_CAN_AddTxMessage  stm32f4xx_hal_can.o
    0x08001a64   0x08001a64   0x00000124   Code   RO         3512    i.HAL_CAN_ConfigFilter  stm32f4xx_hal_can.o
    0x08001b88   0x08001b88   0x00000002   Code   RO         3515    i.HAL_CAN_ErrorCallback  stm32f4xx_hal_can.o
    0x08001b8a   0x08001b8a   0x0000017a   Code   RO         3518    i.HAL_CAN_GetRxMessage  stm32f4xx_hal_can.o
    0x08001d04   0x08001d04   0x0000024e   Code   RO         3522    i.HAL_CAN_IRQHandler  stm32f4xx_hal_can.o
    0x08001f52   0x08001f52   0x00000174   Code   RO         3523    i.HAL_CAN_Init      stm32f4xx_hal_can.o
    0x080020c6   0x080020c6   0x00000002   PAD
    0x080020c8   0x080020c8   0x00000160   Code   RO          389    i.HAL_CAN_MspInit   can.o
    0x08002228   0x08002228   0x00000002   Code   RO         3530    i.HAL_CAN_RxFifo0FullCallback  stm32f4xx_hal_can.o
    0x0800222a   0x0800222a   0x00000002   PAD
    0x0800222c   0x0800222c   0x0000005c   Code   RO          836    i.HAL_CAN_RxFifo0MsgPendingCallback  can_task.o
    0x08002288   0x08002288   0x00000002   Code   RO         3532    i.HAL_CAN_RxFifo1FullCallback  stm32f4xx_hal_can.o
    0x0800228a   0x0800228a   0x00000002   Code   RO         3533    i.HAL_CAN_RxFifo1MsgPendingCallback  stm32f4xx_hal_can.o
    0x0800228c   0x0800228c   0x00000002   Code   RO         3534    i.HAL_CAN_SleepCallback  stm32f4xx_hal_can.o
    0x0800228e   0x0800228e   0x0000005e   Code   RO         3535    i.HAL_CAN_Start     stm32f4xx_hal_can.o
    0x080022ec   0x080022ec   0x00000002   Code   RO         3537    i.HAL_CAN_TxMailbox0AbortCallback  stm32f4xx_hal_can.o
    0x080022ee   0x080022ee   0x00000002   Code   RO         3538    i.HAL_CAN_TxMailbox0CompleteCallback  stm32f4xx_hal_can.o
    0x080022f0   0x080022f0   0x00000002   Code   RO         3539    i.HAL_CAN_TxMailbox1AbortCallback  stm32f4xx_hal_can.o
    0x080022f2   0x080022f2   0x00000002   Code   RO         3540    i.HAL_CAN_TxMailbox1CompleteCallback  stm32f4xx_hal_can.o
    0x080022f4   0x080022f4   0x00000002   Code   RO         3541    i.HAL_CAN_TxMailbox2AbortCallback  stm32f4xx_hal_can.o
    0x080022f6   0x080022f6   0x00000002   Code   RO         3542    i.HAL_CAN_TxMailbox2CompleteCallback  stm32f4xx_hal_can.o
    0x080022f8   0x080022f8   0x00000002   Code   RO         3544    i.HAL_CAN_WakeUpFromRxMsgCallback  stm32f4xx_hal_can.o
    0x080022fa   0x080022fa   0x000000ac   Code   RO         4250    i.HAL_DMA_Abort     stm32f4xx_hal_dma.o
    0x080023a6   0x080023a6   0x00000028   Code   RO         4251    i.HAL_DMA_Abort_IT  stm32f4xx_hal_dma.o
    0x080023ce   0x080023ce   0x00000002   PAD
    0x080023d0   0x080023d0   0x00000240   Code   RO         4255    i.HAL_DMA_IRQHandler  stm32f4xx_hal_dma.o
    0x08002610   0x08002610   0x000000ec   Code   RO         4256    i.HAL_DMA_Init      stm32f4xx_hal_dma.o
    0x080026fc   0x080026fc   0x000001f4   Code   RO         4143    i.HAL_GPIO_Init     stm32f4xx_hal_gpio.o
    0x080028f0   0x080028f0   0x0000000c   Code   RO         4147    i.HAL_GPIO_WritePin  stm32f4xx_hal_gpio.o
    0x080028fc   0x080028fc   0x0000000c   Code   RO         4680    i.HAL_GetTick       stm32f4xx_hal.o
    0x08002908   0x08002908   0x00000034   Code   RO         3464    i.HAL_IncTick       drv_haltick.o
    0x0800293c   0x0800293c   0x0000003c   Code   RO         4687    i.HAL_Init          stm32f4xx_hal.o
    0x08002978   0x08002978   0x000000b4   Code   RO          714    i.HAL_InitTick      stm32f4xx_hal_timebase_tim.o
    0x08002a2c   0x08002a2c   0x00000054   Code   RO          690    i.HAL_MspInit       stm32f4xx_hal_msp.o
    0x08002a80   0x08002a80   0x00000028   Code   RO         4532    i.HAL_NVIC_EnableIRQ  stm32f4xx_hal_cortex.o
    0x08002aa8   0x08002aa8   0x0000007c   Code   RO         4538    i.HAL_NVIC_SetPriority  stm32f4xx_hal_cortex.o
    0x08002b24   0x08002b24   0x00000028   Code   RO         4539    i.HAL_NVIC_SetPriorityGrouping  stm32f4xx_hal_cortex.o
    0x08002b4c   0x08002b4c   0x00000184   Code   RO         3744    i.HAL_RCC_ClockConfig  stm32f4xx_hal_rcc.o
    0x08002cd0   0x08002cd0   0x00000044   Code   RO         3748    i.HAL_RCC_GetClockConfig  stm32f4xx_hal_rcc.o
    0x08002d14   0x08002d14   0x0000000c   Code   RO         3749    i.HAL_RCC_GetHCLKFreq  stm32f4xx_hal_rcc.o
    0x08002d20   0x08002d20   0x00000020   Code   RO         3751    i.HAL_RCC_GetPCLK1Freq  stm32f4xx_hal_rcc.o
    0x08002d40   0x08002d40   0x00000020   Code   RO         3752    i.HAL_RCC_GetPCLK2Freq  stm32f4xx_hal_rcc.o
    0x08002d60   0x08002d60   0x000000b0   Code   RO         3753    i.HAL_RCC_GetSysClockFreq  stm32f4xx_hal_rcc.o
    0x08002e10   0x08002e10   0x0000049c   Code   RO         3756    i.HAL_RCC_OscConfig  stm32f4xx_hal_rcc.o
    0x080032ac   0x080032ac   0x00000002   Code   RO         5642    i.HAL_TIMEx_BreakCallback  stm32f4xx_hal_tim_ex.o
    0x080032ae   0x080032ae   0x00000002   Code   RO         5643    i.HAL_TIMEx_CommutCallback  stm32f4xx_hal_tim_ex.o
    0x080032b0   0x080032b0   0x00000066   Code   RO         4927    i.HAL_TIM_Base_Init  stm32f4xx_hal_tim.o
    0x08003316   0x08003316   0x00000002   Code   RO         4929    i.HAL_TIM_Base_MspInit  stm32f4xx_hal_tim.o
    0x08003318   0x08003318   0x000000a8   Code   RO         4932    i.HAL_TIM_Base_Start_IT  stm32f4xx_hal_tim.o
    0x080033c0   0x080033c0   0x00000002   Code   RO         4961    i.HAL_TIM_IC_CaptureCallback  stm32f4xx_hal_tim.o
    0x080033c2   0x080033c2   0x00000196   Code   RO         4975    i.HAL_TIM_IRQHandler  stm32f4xx_hal_tim.o
    0x08003558   0x08003558   0x00000002   Code   RO         4978    i.HAL_TIM_OC_DelayElapsedCallback  stm32f4xx_hal_tim.o
    0x0800355a   0x0800355a   0x00000002   Code   RO         5005    i.HAL_TIM_PWM_PulseFinishedCallback  stm32f4xx_hal_tim.o
    0x0800355c   0x0800355c   0x00000012   Code   RO           14    i.HAL_TIM_PeriodElapsedCallback  main.o
    0x0800356e   0x0800356e   0x00000002   Code   RO         5018    i.HAL_TIM_TriggerCallback  stm32f4xx_hal_tim.o
    0x08003570   0x08003570   0x00000002   Code   RO         5920    i.HAL_UARTEx_RxEventCallback  stm32f4xx_hal_uart.o
    0x08003572   0x08003572   0x00000002   Code   RO         5934    i.HAL_UART_ErrorCallback  stm32f4xx_hal_uart.o
    0x08003574   0x08003574   0x000002e0   Code   RO         5937    i.HAL_UART_IRQHandler  stm32f4xx_hal_uart.o
    0x08003854   0x08003854   0x00000072   Code   RO         5938    i.HAL_UART_Init     stm32f4xx_hal_uart.o
    0x080038c6   0x080038c6   0x00000002   PAD
    0x080038c8   0x080038c8   0x00000554   Code   RO          462    i.HAL_UART_MspInit  usart.o
    0x08003e1c   0x08003e1c   0x00000002   Code   RO         5944    i.HAL_UART_RxCpltCallback  stm32f4xx_hal_uart.o
    0x08003e1e   0x08003e1e   0x00000002   Code   RO         5949    i.HAL_UART_TxCpltCallback  stm32f4xx_hal_uart.o
    0x08003e20   0x08003e20   0x00000004   Code   RO          540    i.HardFault_Handler  stm32f4xx_it.o
    0x08003e24   0x08003e24   0x00000050   Code   RO         3140    i.IIC_Ack           soft_iic.o
    0x08003e74   0x08003e74   0x00000050   Code   RO         3141    i.IIC_NAck          soft_iic.o
    0x08003ec4   0x08003ec4   0x0000006c   Code   RO         3142    i.IIC_Read_Byte     soft_iic.o
    0x08003f30   0x08003f30   0x00000068   Code   RO         3143    i.IIC_Send_Byte     soft_iic.o
    0x08003f98   0x08003f98   0x0000004c   Code   RO         3144    i.IIC_Start         soft_iic.o
    0x08003fe4   0x08003fe4   0x0000004c   Code   RO         3145    i.IIC_Stop          soft_iic.o
    0x08004030   0x08004030   0x00000060   Code   RO         3146    i.IIC_Wait_Ack      soft_iic.o
    0x08004090   0x08004090   0x00000054   Code   RO         2945    i.MPU_Read_Byte     bmi2_common.o
    0x080040e4   0x080040e4   0x00000068   Code   RO         2946    i.MPU_Read_all      bmi2_common.o
    0x0800414c   0x0800414c   0x00000048   Code   RO          390    i.MX_CAN1_Init      can.o
    0x08004194   0x08004194   0x00000048   Code   RO          391    i.MX_CAN2_Init      can.o
    0x080041dc   0x080041dc   0x000000d8   Code   RO          437    i.MX_DMA_Init       dma.o
    0x080042b4   0x080042b4   0x00000098   Code   RO          314    i.MX_FREERTOS_Init  freertos.o
    0x0800434c   0x0800434c   0x0000010c   Code   RO          290    i.MX_GPIO_Init      gpio.o
    0x08004458   0x08004458   0x00000038   Code   RO          463    i.MX_UART4_Init     usart.o
    0x08004490   0x08004490   0x00000038   Code   RO          464    i.MX_UART5_Init     usart.o
    0x080044c8   0x080044c8   0x00000038   Code   RO          465    i.MX_USART1_UART_Init  usart.o
    0x08004500   0x08004500   0x0000003c   Code   RO          466    i.MX_USART2_UART_Init  usart.o
    0x0800453c   0x0800453c   0x00000038   Code   RO          467    i.MX_USART3_UART_Init  usart.o
    0x08004574   0x08004574   0x00000004   Code   RO          541    i.MemManage_Handler  stm32f4xx_it.o
    0x08004578   0x08004578   0x00000034   Code   RO         1386    i.Motor_Init        6020_motor.o
    0x080045ac   0x080045ac   0x0000006c   Code   RO         1434    i.Motor_Init        motor.o
    0x08004618   0x08004618   0x00000004   Code   RO          542    i.NMI_Handler       stm32f4xx_it.o
    0x0800461c   0x0800461c   0x0000015c   Code   RO          753    i.PID_Inc_Calc      pid.o
    0x08004778   0x08004778   0x00000068   Code   RO          754    i.PID_Init          pid.o
    0x080047e0   0x080047e0   0x0000015c   Code   RO          755    i.PID_Plc_Calc      pid.o
    0x0800493c   0x0800493c   0x00000018   Code   RO         1098    i.RM3508_GetTxId    rm_protocol.o
    0x08004954   0x08004954   0x0000005a   Code   RO         1515    i.Set_accel         bmi.o
    0x080049ae   0x080049ae   0x0000005e   Code   RO         1516    i.Set_gyro          bmi.o
    0x08004a0c   0x08004a0c   0x0000000a   Code   RO          315    i.StartDefaultTask  freertos.o
    0x08004a16   0x08004a16   0x00000002   PAD
    0x08004a18   0x08004a18   0x00000104   Code   RO          837    i.Start_CAN_task    can_task.o
    0x08004b1c   0x08004b1c   0x0000000a   Code   RO          928    i.Start_LED_task    led_task.o
    0x08004b26   0x08004b26   0x00000002   PAD
    0x08004b28   0x08004b28   0x00000020   Code   RO          955    i.Start_Monitor_task  monitor_task.o
    0x08004b48   0x08004b48   0x0000001c   Code   RO          982    i.Start_imu_task    imu_task.o
    0x08004b64   0x08004b64   0x00000034   Code   RO         7552    i.SysTick_Handler   port.o
    0x08004b98   0x08004b98   0x000000b4   Code   RO           15    i.SystemClock_Config  main.o
    0x08004c4c   0x08004c4c   0x00000014   Code   RO         6277    i.SystemInit        system_stm32f4xx.o
    0x08004c60   0x08004c60   0x00000010   Code   RO          543    i.TIM2_IRQHandler   stm32f4xx_it.o
    0x08004c70   0x08004c70   0x000000d8   Code   RO         5020    i.TIM_Base_SetConfig  stm32f4xx_hal_tim.o
    0x08004d48   0x08004d48   0x00000014   Code   RO          544    i.UART4_IRQHandler  stm32f4xx_it.o
    0x08004d5c   0x08004d5c   0x00000014   Code   RO          545    i.UART5_IRQHandler  stm32f4xx_it.o
    0x08004d70   0x08004d70   0x00000014   Code   RO         5951    i.UART_DMAAbortOnError  stm32f4xx_hal_uart.o
    0x08004d84   0x08004d84   0x0000006c   Code   RO         5961    i.UART_EndRxTransfer  stm32f4xx_hal_uart.o
    0x08004df0   0x08004df0   0x00000020   Code   RO         5962    i.UART_EndTransmit_IT  stm32f4xx_hal_uart.o
    0x08004e10   0x08004e10   0x000000f8   Code   RO         5964    i.UART_Receive_IT   stm32f4xx_hal_uart.o
    0x08004f08   0x08004f08   0x0000022c   Code   RO         5965    i.UART_SetConfig    stm32f4xx_hal_uart.o
    0x08005134   0x08005134   0x00000060   Code   RO         5968    i.UART_Transmit_IT  stm32f4xx_hal_uart.o
    0x08005194   0x08005194   0x00000014   Code   RO          546    i.USART1_IRQHandler  stm32f4xx_it.o
    0x080051a8   0x080051a8   0x00000014   Code   RO          547    i.USART2_IRQHandler  stm32f4xx_it.o
    0x080051bc   0x080051bc   0x00000014   Code   RO          548    i.USART3_IRQHandler  stm32f4xx_it.o
    0x080051d0   0x080051d0   0x00000002   Code   RO         3368    i.USART4_rxDataHandler  drv_uart.o
    0x080051d2   0x080051d2   0x00000002   Code   RO         3370    i.USART5_rxDataHandler  drv_uart.o
    0x080051d4   0x080051d4   0x0000003e   Code   RO         1387    i.UpdateMotorData   6020_motor.o
    0x08005212   0x08005212   0x00000038   Code   RO         1435    i.UpdateMotorData   motor.o
    0x0800524a   0x0800524a   0x00000004   Code   RO          549    i.UsageFault_Handler  stm32f4xx_it.o
    0x0800524e   0x0800524e   0x00000030   Code   RO        13431    i.__ARM_fpclassify  m_wm.l(fpclassify.o)
    0x0800527e   0x0800527e   0x00000002   PAD
    0x08005280   0x08005280   0x00000010   Code   RO         4545    i.__NVIC_GetPriorityGrouping  stm32f4xx_hal_cortex.o
    0x08005290   0x08005290   0x00000028   Code   RO         4546    i.__NVIC_SetPriority  stm32f4xx_hal_cortex.o
    0x080052b8   0x080052b8   0x00000360   Code   RO        13165    i.__hardfp_asin     m_wm.l(asin.o)
    0x08005618   0x08005618   0x000002d8   Code   RO        13403    i.__hardfp_atan     m_wm.l(atan.o)
    0x080058f0   0x080058f0   0x00000200   Code   RO        13179    i.__hardfp_atan2    m_wm.l(atan2.o)
    0x08005af0   0x08005af0   0x000000f8   Code   RO        13449    i.__kernel_poly     m_wm.l(poly.o)
    0x08005be8   0x08005be8   0x00000014   Code   RO        13418    i.__mathlib_dbl_infnan  m_wm.l(dunder.o)
    0x08005bfc   0x08005bfc   0x00000014   Code   RO        13419    i.__mathlib_dbl_infnan2  m_wm.l(dunder.o)
    0x08005c10   0x08005c10   0x00000020   Code   RO        13420    i.__mathlib_dbl_invalid  m_wm.l(dunder.o)
    0x08005c30   0x08005c30   0x00000020   Code   RO        13423    i.__mathlib_dbl_underflow  m_wm.l(dunder.o)
    0x08005c50   0x08005c50   0x0000001e   Code   RO         7636    i.arm_add_f32       basicmathfunctions.o
    0x08005c6e   0x08005c6e   0x0000001e   Code   RO         7653    i.arm_mult_f32      basicmathfunctions.o
    0x08005c8c   0x08005c8c   0x0000001e   Code   RO         7682    i.arm_sub_f32       basicmathfunctions.o
    0x08005caa   0x08005caa   0x00000010   Code   RO        13405    i.atan              m_wm.l(atan.o)
    0x08005cba   0x08005cba   0x00000002   PAD
    0x08005cbc   0x08005cbc   0x0000006c   Code   RO         3108    i.bmi270_init       bmi270.o
    0x08005d28   0x08005d28   0x00000008   Code   RO         2948    i.bmi2_error_codes_print_result  bmi2_common.o
    0x08005d30   0x08005d30   0x0000003a   Code   RO         1621    i.bmi2_extract_input_feat_config  bmi2.o
    0x08005d6a   0x08005d6a   0x000000cc   Code   RO         1626    i.bmi2_get_feat_config  bmi2.o
    0x08005e36   0x08005e36   0x00000042   Code   RO         1633    i.bmi2_get_gyro_cross_sense  bmi2.o
    0x08005e78   0x08005e78   0x00000034   Code   RO         1636    i.bmi2_get_internal_status  bmi2.o
    0x08005eac   0x08005eac   0x000000a8   Code   RO         1637    i.bmi2_get_regs     bmi2.o
    0x08005f54   0x08005f54   0x0000031e   Code   RO         1639    i.bmi2_get_sensor_config  bmi2.o
    0x08006272   0x08006272   0x000001b2   Code   RO         1640    i.bmi2_get_sensor_data  bmi2.o
    0x08006424   0x08006424   0x0000002a   Code   RO         1641    i.bmi2_get_status   bmi2.o
    0x0800644e   0x0800644e   0x00000002   PAD
    0x08006450   0x08006450   0x00000070   Code   RO         2949    i.bmi2_interface_selection  bmi2_common.o
    0x080064c0   0x080064c0   0x0000008a   Code   RO         1642    i.bmi2_map_data_int  bmi2.o
    0x0800654a   0x0800654a   0x00000002   PAD
    0x0800654c   0x0800654c   0x00000068   Code   RO         1652    i.bmi2_sec_init     bmi2.o
    0x080065b4   0x080065b4   0x00000042   Code   RO         1654    i.bmi2_sensor_enable  bmi2.o
    0x080065f6   0x080065f6   0x0000005e   Code   RO         1656    i.bmi2_set_adv_power_save  bmi2.o
    0x08006654   0x08006654   0x000000a6   Code   RO         1666    i.bmi2_set_regs     bmi2.o
    0x080066fa   0x080066fa   0x000002fe   Code   RO         1668    i.bmi2_set_sensor_config  bmi2.o
    0x080069f8   0x080069f8   0x0000005e   Code   RO         1669    i.bmi2_soft_reset   bmi2.o
    0x08006a56   0x08006a56   0x00000004   Code   RO         2950    i.bmi2_user_i2c_init  bmi2_common.o
    0x08006a5a   0x08006a5a   0x00000004   Code   RO         2951    i.bmi2_user_spi_init  bmi2_common.o
    0x08006a5e   0x08006a5e   0x00000064   Code   RO         1673    i.bmi2_write_config_file  bmi2.o
    0x08006ac2   0x08006ac2   0x00000050   Code   RO         1676    i.cfg_error_status  bmi2.o
    0x08006b12   0x08006b12   0x00000030   Code   RO         1677    i.check_boundary_val  bmi2.o
    0x08006b42   0x08006b42   0x0000001e   Code   RO         1680    i.comp_gyro_cross_axis_sensitivity  bmi2.o
    0x08006b60   0x08006b60   0x0000004a   Code   RO         1681    i.config_aux        bmi2.o
    0x08006baa   0x08006baa   0x000000e8   Code   RO         1682    i.config_aux_interface  bmi2.o
    0x08006c92   0x08006c92   0x00000018   Code   RO         3466    i.delay_us          drv_haltick.o
    0x08006caa   0x08006caa   0x0000003a   Code   RO         1692    i.extract_output_feat_config  bmi2.o
    0x08006ce4   0x08006ce4   0x00000018   Code   RO        13221    i.fabs              m_wm.l(fabs.o)
    0x08006cfc   0x08006cfc   0x00000044   Code   RO         1693    i.get_acc_gyr_data  bmi2.o
    0x08006d40   0x08006d40   0x00000056   Code   RO         1694    i.get_accel_config  bmi2.o
    0x08006d96   0x08006d96   0x00000076   Code   RO         1695    i.get_accel_self_test_status  bmi2.o
    0x08006e0c   0x08006e0c   0x00000036   Code   RO         1696    i.get_accel_sensor_data  bmi2.o
    0x08006e42   0x08006e42   0x000000b4   Code   RO         1697    i.get_any_motion_config  bmi2.o
    0x08006ef6   0x08006ef6   0x0000002c   Code   RO         1698    i.get_aux_cfg       bmi2.o
    0x08006f22   0x08006f22   0x0000003e   Code   RO         1699    i.get_aux_config    bmi2.o
    0x08006f60   0x08006f60   0x00000024   Code   RO         1700    i.get_aux_interface  bmi2.o
    0x08006f84   0x08006f84   0x00000060   Code   RO         1701    i.get_aux_interface_config  bmi2.o
    0x08006fe4   0x08006fe4   0x0000007c   Code   RO         1704    i.get_ext_sens_sync_config  bmi2.o
    0x08007060   0x08007060   0x000000b6   Code   RO         1705    i.get_flat_config   bmi2.o
    0x08007116   0x08007116   0x000000b0   Code   RO         1706    i.get_free_fall_det_config  bmi2.o
    0x080071c6   0x080071c6   0x0000007c   Code   RO         1707    i.get_glance_detect_config  bmi2.o
    0x08007242   0x08007242   0x0000006a   Code   RO         1708    i.get_gyro_config   bmi2.o
    0x080072ac   0x080072ac   0x000000a8   Code   RO         1709    i.get_gyro_cross_sense  bmi2.o
    0x08007354   0x08007354   0x000000ba   Code   RO         1710    i.get_gyro_gain_update_config  bmi2.o
    0x0800740e   0x0800740e   0x00000074   Code   RO         1711    i.get_gyro_gain_update_status  bmi2.o
    0x08007482   0x08007482   0x0000003e   Code   RO         1712    i.get_gyro_sensor_data  bmi2.o
    0x080074c0   0x080074c0   0x000000de   Code   RO         1713    i.get_high_g_config  bmi2.o
    0x0800759e   0x0800759e   0x00000052   Code   RO         1714    i.get_high_g_output  bmi2.o
    0x080075f0   0x080075f0   0x000000cc   Code   RO         1715    i.get_low_g_config  bmi2.o
    0x080076bc   0x080076bc   0x000000ba   Code   RO         1717    i.get_no_motion_config  bmi2.o
    0x08007776   0x08007776   0x00000082   Code   RO         1718    i.get_nvm_error_status  bmi2.o
    0x080077f8   0x080077f8   0x0000010a   Code   RO         1719    i.get_ois_output    bmi2.o
    0x08007902   0x08007902   0x000000bc   Code   RO         1720    i.get_orient_config  bmi2.o
    0x080079be   0x080079be   0x00000060   Code   RO         1721    i.get_orient_output  bmi2.o
    0x08007a1e   0x08007a1e   0x0000006e   Code   RO         1722    i.get_primary_ois_config  bmi2.o
    0x08007a8c   0x08007a8c   0x0000008c   Code   RO         1725    i.get_remapped_data  bmi2.o
    0x08007b18   0x08007b18   0x00000114   Code   RO         1726    i.get_sig_motion_config  bmi2.o
    0x08007c2c   0x08007c2c   0x00000052   Code   RO         1728    i.get_step_activity_output  bmi2.o
    0x08007c7e   0x08007c7e   0x000000c0   Code   RO         1729    i.get_step_config   bmi2.o
    0x08007d3e   0x08007d3e   0x000000dc   Code   RO         1730    i.get_step_count_params_config  bmi2.o
    0x08007e1a   0x08007e1a   0x0000008e   Code   RO         1731    i.get_step_counter_output  bmi2.o
    0x08007ea8   0x08007ea8   0x0000007c   Code   RO         1732    i.get_tilt_config   bmi2.o
    0x08007f24   0x08007f24   0x0000007c   Code   RO         1733    i.get_up_hold_to_wake_config  bmi2.o
    0x08007fa0   0x08007fa0   0x0000006c   Code   RO         1735    i.get_vfrm_error_status  bmi2.o
    0x0800800c   0x0800800c   0x000000a8   Code   RO         1736    i.get_wake_up_config  bmi2.o
    0x080080b4   0x080080b4   0x00000090   Code   RO         1737    i.get_wrist_gest_config  bmi2.o
    0x08008144   0x08008144   0x00000052   Code   RO         1738    i.get_wrist_gest_status  bmi2.o
    0x08008196   0x08008196   0x000000a4   Code   RO         1739    i.get_wrist_gest_w_config  bmi2.o
    0x0800823a   0x0800823a   0x000000a4   Code   RO         1740    i.get_wrist_wear_wake_up_config  bmi2.o
    0x080082de   0x080082de   0x000000b4   Code   RO         1741    i.get_wrist_wear_wake_up_wh_config  bmi2.o
    0x08008392   0x08008392   0x0000004a   Code   RO         1298    i.imu_sensor_check  imu_sensor.o
    0x080083dc   0x080083dc   0x00000006   Code   RO         1299    i.imu_sensor_heart_beat  imu_sensor.o
    0x080083e2   0x080083e2   0x00000002   PAD
    0x080083e4   0x080083e4   0x000000a4   Code   RO         1219    i.imu_sensor_init   imu_protocol.o
    0x08008488   0x08008488   0x00000078   Code   RO         1220    i.imu_sensor_update  imu_protocol.o
    0x08008500   0x08008500   0x0000003c   Code   RO         1517    i.inVSqrt           bmi.o
    0x0800853c   0x0800853c   0x0000003c   Code   RO         1518    i.lsb_to_dps        bmi.o
    0x08008578   0x08008578   0x0000003c   Code   RO         1519    i.lsb_to_mps2       bmi.o
    0x080085b4   0x080085b4   0x00000050   Code   RO           16    i.main              main.o
    0x08008604   0x08008604   0x0000000e   Code   RO         7117    i.makeFreeRtosPriority  cmsis_os.o
    0x08008612   0x08008612   0x00000002   PAD
    0x08008614   0x08008614   0x00000028   Code   RO         3467    i.micros            drv_haltick.o
    0x0800863c   0x0800863c   0x00000018   Code   RO         1750    i.null_ptr_check    bmi2.o
    0x08008654   0x08008654   0x00000018   Code   RO         3109    i.null_ptr_check    bmi270.o
    0x0800866c   0x0800866c   0x00000018   Code   RO         7119    i.osDelay           cmsis_os.o
    0x08008684   0x08008684   0x0000000a   Code   RO         7122    i.osKernelStart     cmsis_os.o
    0x0800868e   0x0800868e   0x0000005e   Code   RO         7156    i.osThreadCreate    cmsis_os.o
    0x080086ec   0x080086ec   0x00000098   Code   RO         6788    i.prvAddCurrentTaskToDelayedList  tasks.o
    0x08008784   0x08008784   0x000000b4   Code   RO         6789    i.prvAddNewTaskToReadyList  tasks.o
    0x08008838   0x08008838   0x00000048   Code   RO         6790    i.prvCheckTasksWaitingTermination  tasks.o
    0x08008880   0x08008880   0x00000050   Code   RO         6791    i.prvDeleteTCB      tasks.o
    0x080088d0   0x080088d0   0x0000007c   Code   RO         7484    i.prvHeapInit       heap_4.o
    0x0800894c   0x0800894c   0x00000028   Code   RO         6792    i.prvIdleTask       tasks.o
    0x08008974   0x08008974   0x000000b4   Code   RO         6793    i.prvInitialiseNewTask  tasks.o
    0x08008a28   0x08008a28   0x00000068   Code   RO         6794    i.prvInitialiseTaskLists  tasks.o
    0x08008a90   0x08008a90   0x00000068   Code   RO         7485    i.prvInsertBlockIntoFreeList  heap_4.o
    0x08008af8   0x08008af8   0x00000034   Code   RO         6795    i.prvResetNextTaskUnblockTime  tasks.o
    0x08008b2c   0x08008b2c   0x00000040   Code   RO         7553    i.prvTaskExitError  port.o
    0x08008b6c   0x08008b6c   0x0000014c   Code   RO         7486    i.pvPortMalloc      heap_4.o
    0x08008cb8   0x08008cb8   0x0000002c   Code   RO         7554    i.pxPortInitialiseStack  port.o
    0x08008ce4   0x08008ce4   0x0000004c   Code   RO         1761    i.read_aux_data_mode  bmi2.o
    0x08008d30   0x08008d30   0x00000024   Code   RO          838    i.reserve           can_task.o
    0x08008d54   0x08008d54   0x0000026c   Code   RO         1771    i.select_sensor     bmi2.o
    0x08008fc0   0x08008fc0   0x00000646   Code   RO         1774    i.sensor_enable     bmi2.o
    0x08009606   0x08009606   0x00000076   Code   RO         1776    i.set_accel_config  bmi2.o
    0x0800967c   0x0800967c   0x00000064   Code   RO         1781    i.set_act_recog     bmi2.o
    0x080096e0   0x080096e0   0x00000068   Code   RO         1782    i.set_any_motion    bmi2.o
    0x08009748   0x08009748   0x000000fc   Code   RO         1783    i.set_any_motion_config  bmi2.o
    0x08009844   0x08009844   0x00000038   Code   RO         1784    i.set_aux_config    bmi2.o
    0x0800987c   0x0800987c   0x00000034   Code   RO         1785    i.set_aux_interface  bmi2.o
    0x080098b0   0x080098b0   0x00000036   Code   RO         1786    i.set_config_load   bmi2.o
    0x080098e6   0x080098e6   0x00000064   Code   RO         1787    i.set_double_tap    bmi2.o
    0x0800994a   0x0800994a   0x00000064   Code   RO         1788    i.set_ext_sens_sync  bmi2.o
    0x080099ae   0x080099ae   0x000000ae   Code   RO         1789    i.set_ext_sens_sync_config  bmi2.o
    0x08009a5c   0x08009a5c   0x00000074   Code   RO         1790    i.set_feat_accel_self_test  bmi2.o
    0x08009ad0   0x08009ad0   0x00000064   Code   RO         1791    i.set_flat          bmi2.o
    0x08009b34   0x08009b34   0x000000ee   Code   RO         1792    i.set_flat_config   bmi2.o
    0x08009c22   0x08009c22   0x00000064   Code   RO         1793    i.set_free_fall_det  bmi2.o
    0x08009c86   0x08009c86   0x000000dc   Code   RO         1794    i.set_free_fall_det_config  bmi2.o
    0x08009d62   0x08009d62   0x000000ae   Code   RO         1795    i.set_glance_detect_config  bmi2.o
    0x08009e10   0x08009e10   0x00000064   Code   RO         1796    i.set_glance_detector  bmi2.o
    0x08009e74   0x08009e74   0x0000007a   Code   RO         1797    i.set_gyro_config   bmi2.o
    0x08009eee   0x08009eee   0x00000064   Code   RO         1799    i.set_gyro_self_offset_corr  bmi2.o
    0x08009f52   0x08009f52   0x00000068   Code   RO         1800    i.set_gyro_user_gain  bmi2.o
    0x08009fba   0x08009fba   0x000000cc   Code   RO         1801    i.set_gyro_user_gain_config  bmi2.o
    0x0800a086   0x0800a086   0x00000068   Code   RO         1802    i.set_high_g        bmi2.o
    0x0800a0ee   0x0800a0ee   0x0000010e   Code   RO         1803    i.set_high_g_config  bmi2.o
    0x0800a1fc   0x0800a1fc   0x00000068   Code   RO         1805    i.set_low_g         bmi2.o
    0x0800a264   0x0800a264   0x000000e4   Code   RO         1806    i.set_low_g_config  bmi2.o
    0x0800a348   0x0800a348   0x00000068   Code   RO         1808    i.set_no_motion     bmi2.o
    0x0800a3b0   0x0800a3b0   0x000000fc   Code   RO         1809    i.set_no_motion_config  bmi2.o
    0x0800a4ac   0x0800a4ac   0x000000fc   Code   RO         1811    i.set_orient_config  bmi2.o
    0x0800a5a8   0x0800a5a8   0x00000064   Code   RO         1812    i.set_orientation   bmi2.o
    0x0800a60c   0x0800a60c   0x000000d2   Code   RO         1813    i.set_primary_ois_config  bmi2.o
    0x0800a6de   0x0800a6de   0x00000066   Code   RO         1814    i.set_primary_ois_low_pass_filter  bmi2.o
    0x0800a744   0x0800a744   0x00000068   Code   RO         1816    i.set_sig_motion    bmi2.o
    0x0800a7ac   0x0800a7ac   0x0000010a   Code   RO         1817    i.set_sig_motion_config  bmi2.o
    0x0800a8b6   0x0800a8b6   0x00000064   Code   RO         1818    i.set_single_tap    bmi2.o
    0x0800a91a   0x0800a91a   0x00000068   Code   RO         1820    i.set_step_activity  bmi2.o
    0x0800a982   0x0800a982   0x000000f8   Code   RO         1821    i.set_step_config   bmi2.o
    0x0800aa7a   0x0800aa7a   0x00000110   Code   RO         1822    i.set_step_count_params_config  bmi2.o
    0x0800ab8a   0x0800ab8a   0x00000068   Code   RO         1823    i.set_step_counter  bmi2.o
    0x0800abf2   0x0800abf2   0x00000068   Code   RO         1824    i.set_step_detector  bmi2.o
    0x0800ac5a   0x0800ac5a   0x00000064   Code   RO         1825    i.set_tilt          bmi2.o
    0x0800acbe   0x0800acbe   0x000000ae   Code   RO         1826    i.set_tilt_config   bmi2.o
    0x0800ad6c   0x0800ad6c   0x00000064   Code   RO         1827    i.set_triple_tap    bmi2.o
    0x0800add0   0x0800add0   0x00000064   Code   RO         1828    i.set_up_hold_to_wake  bmi2.o
    0x0800ae34   0x0800ae34   0x000000ae   Code   RO         1829    i.set_up_hold_to_wake_config  bmi2.o
    0x0800aee2   0x0800aee2   0x00000064   Code   RO         1830    i.set_wake_up       bmi2.o
    0x0800af46   0x0800af46   0x000000f0   Code   RO         1831    i.set_wake_up_config  bmi2.o
    0x0800b036   0x0800b036   0x000000de   Code   RO         1832    i.set_wrist_gest_config  bmi2.o
    0x0800b114   0x0800b114   0x000000ee   Code   RO         1833    i.set_wrist_gest_w_config  bmi2.o
    0x0800b202   0x0800b202   0x00000064   Code   RO         1834    i.set_wrist_gesture  bmi2.o
    0x0800b266   0x0800b266   0x00000064   Code   RO         1835    i.set_wrist_gesture_wh  bmi2.o
    0x0800b2ca   0x0800b2ca   0x00000064   Code   RO         1836    i.set_wrist_wear_wake_up  bmi2.o
    0x0800b32e   0x0800b32e   0x000000ee   Code   RO         1837    i.set_wrist_wear_wake_up_config  bmi2.o
    0x0800b41c   0x0800b41c   0x00000064   Code   RO         1838    i.set_wrist_wear_wake_up_wh  bmi2.o
    0x0800b480   0x0800b480   0x00000128   Code   RO         1839    i.set_wrist_wear_wake_up_wh_config  bmi2.o
    0x0800b5a8   0x0800b5a8   0x0000006e   Code   RO        13269    i.sqrt              m_wm.l(sqrt.o)
    0x0800b616   0x0800b616   0x00000002   PAD
    0x0800b618   0x0800b618   0x00000130   Code   RO         3373    i.uart_rx_idle_callback  drv_uart.o
    0x0800b748   0x0800b748   0x0000005a   Code   RO         1851    i.upload_file       bmi2.o
    0x0800b7a2   0x0800b7a2   0x0000000e   Code   RO         2953    i.user_delay_us     bmi2_common.o
    0x0800b7b0   0x0800b7b0   0x00000028   Code   RO         2954    i.user_i2c_reg_read  bmi2_common.o
    0x0800b7d8   0x0800b7d8   0x00000060   Code   RO         2955    i.user_i2c_reg_write  bmi2_common.o
    0x0800b838   0x0800b838   0x00000008   Code   RO         2956    i.user_spi_reg_read  bmi2_common.o
    0x0800b840   0x0800b840   0x00000008   Code   RO         2957    i.user_spi_reg_write  bmi2_common.o
    0x0800b848   0x0800b848   0x00000028   Code   RO         6414    i.uxListRemove      list.o
    0x0800b870   0x0800b870   0x00000018   Code   RO          320    i.vApplicationGetIdleTaskMemory  freertos.o
    0x0800b888   0x0800b888   0x0000001a   Code   RO         6415    i.vListInitialise   list.o
    0x0800b8a2   0x0800b8a2   0x00000006   Code   RO         6416    i.vListInitialiseItem  list.o
    0x0800b8a8   0x0800b8a8   0x00000034   Code   RO         6417    i.vListInsert       list.o
    0x0800b8dc   0x0800b8dc   0x00000018   Code   RO         6418    i.vListInsertEnd    list.o
    0x0800b8f4   0x0800b8f4   0x00000054   Code   RO         7556    i.vPortEnterCritical  port.o
    0x0800b948   0x0800b948   0x0000003c   Code   RO         7557    i.vPortExitCritical  port.o
    0x0800b984   0x0800b984   0x000000a4   Code   RO         7487    i.vPortFree         heap_4.o
    0x0800ba28   0x0800ba28   0x00000028   Code   RO         7558    i.vPortSetupTimerInterrupt  port.o
    0x0800ba50   0x0800ba50   0x0000005c   Code   RO         6804    i.vTaskDelay        tasks.o
    0x0800baac   0x0800baac   0x000000b0   Code   RO         6817    i.vTaskStartScheduler  tasks.o
    0x0800bb5c   0x0800bb5c   0x00000010   Code   RO         6819    i.vTaskSuspendAll   tasks.o
    0x0800bb6c   0x0800bb6c   0x0000008c   Code   RO         6820    i.vTaskSwitchContext  tasks.o
    0x0800bbf8   0x0800bbf8   0x00000018   Code   RO         1852    i.validate_aux_config  bmi2.o
    0x0800bc10   0x0800bc10   0x00000044   Code   RO         1853    i.validate_bw_perf_mode  bmi2.o
    0x0800bc54   0x0800bc54   0x00000068   Code   RO         1856    i.validate_gyro_config  bmi2.o
    0x0800bcbc   0x0800bcbc   0x0000002e   Code   RO         1857    i.validate_odr_range  bmi2.o
    0x0800bcea   0x0800bcea   0x00000002   PAD
    0x0800bcec   0x0800bcec   0x000000f0   Code   RO         1864    i.write_config_file  bmi2.o
    0x0800bddc   0x0800bddc   0x00000168   Code   RO         7560    i.xPortStartScheduler  port.o
    0x0800bf44   0x0800bf44   0x00000064   Code   RO         6823    i.xTaskCreate       tasks.o
    0x0800bfa8   0x0800bfa8   0x000000ba   Code   RO         6824    i.xTaskCreateStatic  tasks.o
    0x0800c062   0x0800c062   0x00000002   PAD
    0x0800c064   0x0800c064   0x00000148   Code   RO         6831    i.xTaskIncrementTick  tasks.o
    0x0800c1ac   0x0800c1ac   0x00000104   Code   RO         6837    i.xTaskResumeAll    tasks.o
    0x0800c2b0   0x0800c2b0   0x00000018   Code   RO        13131    x$fpl$basic         fz_wm.l(basic.o)
    0x0800c2c8   0x0800c2c8   0x00000062   Code   RO        13133    x$fpl$d2f           fz_wm.l(d2f.o)
    0x0800c32a   0x0800c32a   0x00000002   PAD
    0x0800c32c   0x0800c32c   0x00000150   Code   RO        13135    x$fpl$dadd          fz_wm.l(daddsub_clz.o)
    0x0800c47c   0x0800c47c   0x00000018   Code   RO        13384    x$fpl$dcmpinf       fz_wm.l(dcmpi.o)
    0x0800c494   0x0800c494   0x000002b0   Code   RO        13142    x$fpl$ddiv          fz_wm.l(ddiv.o)
    0x0800c744   0x0800c744   0x00000078   Code   RO        13145    x$fpl$deqf          fz_wm.l(deqf.o)
    0x0800c7bc   0x0800c7bc   0x0000002e   Code   RO        13148    x$fpl$dflt          fz_wm.l(dflt_clz.o)
    0x0800c7ea   0x0800c7ea   0x00000002   PAD
    0x0800c7ec   0x0800c7ec   0x00000154   Code   RO        13155    x$fpl$dmul          fz_wm.l(dmul.o)
    0x0800c940   0x0800c940   0x0000009c   Code   RO        13390    x$fpl$dnaninf       fz_wm.l(dnaninf.o)
    0x0800c9dc   0x0800c9dc   0x0000000c   Code   RO        13392    x$fpl$dretinf       fz_wm.l(dretinf.o)
    0x0800c9e8   0x0800c9e8   0x00000016   Code   RO        13136    x$fpl$drsb          fz_wm.l(daddsub_clz.o)
    0x0800c9fe   0x0800c9fe   0x00000002   PAD
    0x0800ca00   0x0800ca00   0x00000198   Code   RO        13394    x$fpl$dsqrt         fz_wm.l(dsqrt_umaal.o)
    0x0800cb98   0x0800cb98   0x000001d4   Code   RO        13137    x$fpl$dsub          fz_wm.l(daddsub_clz.o)
    0x0800cd6c   0x0800cd6c   0x00000056   Code   RO        13159    x$fpl$f2d           fz_wm.l(f2d.o)
    0x0800cdc2   0x0800cdc2   0x0000008c   Code   RO        13396    x$fpl$fnaninf       fz_wm.l(fnaninf.o)
    0x0800ce4e   0x0800ce4e   0x0000000a   Code   RO        13496    x$fpl$fpinit        fz_wm.l(fpinit.o)
    0x0800ce58   0x0800ce58   0x0000000a   Code   RO        13398    x$fpl$fretinf       fz_wm.l(fretinf.o)
    0x0800ce62   0x0800ce62   0x00000000   Code   RO        13402    x$fpl$usenofp       fz_wm.l(usenofp.o)
    0x0800ce62   0x0800ce62   0x00000002   PAD
    0x0800ce64   0x0800ce64   0x0000008c   Data   RO          322    .constdata          freertos.o
    0x0800cef0   0x0800cef0   0x00000006   Data   RO         1866    .constdata          bmi2.o
    0x0800cef6   0x0800cef6   0x00002045   Data   RO         3110    .constdata          bmi270.o
    0x0800ef3b   0x0800ef3b   0x00000008   Data   RO         4262    .constdata          stm32f4xx_hal_dma.o
    0x0800ef43   0x0800ef43   0x00000018   Data   RO         6278    .constdata          system_stm32f4xx.o
    0x0800ef5b   0x0800ef5b   0x00000005   PAD
    0x0800ef60   0x0800ef60   0x00000050   Data   RO        13168    .constdata          m_wm.l(asin.o)
    0x0800efb0   0x0800efb0   0x00000098   Data   RO        13406    .constdata          m_wm.l(atan.o)
    0x0800f048   0x0800f048   0x00000008   Data   RO        13451    .constdata          m_wm.l(qnan.o)
    0x0800f050   0x0800f050   0x0000003d   Data   RO          323    .conststring        freertos.o
    0x0800f08d   0x0800f08d   0x00000003   PAD
    0x0800f090   0x0800f090   0x00000020   Data   RO        13587    Region$$Table       anon$$obj.o


    Execution Region RW_IRAM1 (Exec base: 0x20000000, Load base: 0x0800f0b0, Size: 0x00005170, Max: 0x0001c000, ABSOLUTE, COMPRESSED[0x000000a8])

    Exec Addr    Load Addr    Size         Type   Attr      Idx    E Section Name        Object

    0x20000000   COMPRESSED   0x00000014   Data   RW          324    .data               freertos.o
    0x20000014   COMPRESSED   0x00000004   Data   RW          393    .data               can.o
    0x20000018   COMPRESSED   0x00000018   Data   RW          756    .data               pid.o
    0x20000030   COMPRESSED   0x0000002c   Data   RW          840    .data               can_task.o
    0x2000005c   COMPRESSED   0x0000000c   Data   RW         1221    .data               imu_protocol.o
    0x20000068   COMPRESSED   0x00000040   Data   RW         1300    .data               imu_sensor.o
    0x200000a8   COMPRESSED   0x000000f4   Data   RW         1388    .data               6020_motor.o
    0x2000019c   COMPRESSED   0x000000f4   Data   RW         1436    .data               motor.o
    0x20000290   COMPRESSED   0x00000004   Data   RW         1477    .data               device.o
    0x20000294   COMPRESSED   0x00000070   Data   RW         1521    .data               bmi.o
    0x20000304   COMPRESSED   0x00000002   Data   RW         2958    .data               bmi2_common.o
    0x20000306   COMPRESSED   0x00000002   PAD
    0x20000308   COMPRESSED   0x00000004   Data   RW         3468    .data               drv_haltick.o
    0x2000030c   COMPRESSED   0x00000009   Data   RW         4694    .data               stm32f4xx_hal.o
    0x20000315   COMPRESSED   0x00000003   PAD
    0x20000318   COMPRESSED   0x00000004   Data   RW         6279    .data               system_stm32f4xx.o
    0x2000031c   COMPRESSED   0x0000003c   Data   RW         6840    .data               tasks.o
    0x20000358   COMPRESSED   0x00000020   Data   RW         7493    .data               heap_4.o
    0x20000378   COMPRESSED   0x0000000c   Data   RW         7561    .data               port.o
    0x20000384        -       0x00000254   Zero   RW          321    .bss                freertos.o
    0x200005d8        -       0x00000050   Zero   RW          392    .bss                can.o
    0x20000628        -       0x000004b4   Zero   RW          468    .bss                usart.o
    0x20000adc        -       0x00000048   Zero   RW          717    .bss                stm32f4xx_hal_timebase_tim.o
    0x20000b24   COMPRESSED   0x00000004   PAD
    0x20000b28        -       0x00000078   Zero   RW         1520    .bss                bmi.o
    0x20000ba0        -       0x000000c0   Zero   RW         3252    .bss                drv_can.o
    0x20000c60        -       0x000001c0   Zero   RW         3374    .bss                drv_uart.o
    0x20000e20        -       0x000000f0   Zero   RW         6839    .bss                tasks.o
    0x20000f10        -       0x00003c00   Zero   RW         7492    .bss                heap_4.o
    0x20004b10        -       0x00000060   Zero   RW        13455    .bss                c_w.l(libspace.o)
    0x20004b70        -       0x00000200   Zero   RW            2    HEAP                startup_stm32f407xx.o
    0x20004d70        -       0x00000400   Zero   RW            1    STACK               startup_stm32f407xx.o


    Execution Region RW_IRAM2 (Exec base: 0x2001c000, Load base: 0x0800f158, Size: 0x00000000, Max: 0x00004000, ABSOLUTE)

    **** No section assigned to this execution region ****


==============================================================================

Image component sizes


      Code (inc. data)   RO Data    RW Data    ZI Data      Debug   Object Name

       334         14          0        244          0       4448   6020_motor.o
        90          0          0          0          0       3599   basicmathfunctions.o
      2976        192          0        112        120      48309   bmi.o
     20650        116          6          0          0     107244   bmi2.o
       132         12       8261          0          0       1998   bmi270.o
       482         44          0          2          0       8377   bmi2_common.o
       496         40          0          4         80       2506   can.o
       124          0          0          0          0       3610   can_protocol.o
       584         50          0         44          0       8403   can_task.o
       142          0          0          0          0      23131   cmsis_os.o
        20          6          0          4          0       1230   device.o
       216          6          0          0          0        886   dma.o
       412         20          0          0        192       6575   drv_can.o
       116         20          0          4          0       2176   drv_haltick.o
       342         28          0          0        448       3504   drv_uart.o
         0          0          0          0          0      16924   event_groups.o
       186         36        201         20        596       2890   freertos.o
       268         14          0          0          0       1059   gpio.o
       724         74          0         32      15360       7487   heap_4.o
       284         30          0         12          0       2313   imu_protocol.o
        80          0          0         64          0       2695   imu_sensor.o
        28          4          0          0          0       1438   imu_task.o
        10          0          0          0          0        513   led_task.o
       148          0          0          0          0       3626   list.o
       284         16          0          0          0     737216   main.o
        32         10          0          0          0        537   monitor_task.o
       384         32          0        244          0       4317   motor.o
       800         18          0         24          0       3771   pid.o
       894         78          0         12          0      11248   port.o
        70          0          0          0          0       3516   rm_protocol.o
       620         96          0          0          0       4259   soft_iic.o
        64         26        392          0       1536        852   startup_stm32f407xx.o
        72         12          0          9          0       7612   stm32f4xx_hal.o
      2134          6          0          0          0      14503   stm32f4xx_hal_can.o
       260         22          0          0          0      33818   stm32f4xx_hal_cortex.o
      1246         16          8          0          0       5435   stm32f4xx_hal_dma.o
       512         46          0          0          0       2140   stm32f4xx_hal_gpio.o
        84          6          0          0          0        878   stm32f4xx_hal_msp.o
      1888         94          0          0          0       6345   stm32f4xx_hal_rcc.o
       902         76          0          0          0       6558   stm32f4xx_hal_tim.o
         4          0          0          0          0       1597   stm32f4xx_hal_tim_ex.o
       180         18          0          0         72       1499   stm32f4xx_hal_timebase_tim.o
      1918         14          0          0          0       9664   stm32f4xx_hal_uart.o
       314         92          0          0          0      11591   stm32f4xx_it.o
         0          0          0          0          0        392   stream_buffer.o
        20          6         24          4          0       1211   system_stm32f4xx.o
      2158        270          0         60        240      20625   tasks.o
      1648        146          0          0       1204       5373   usart.o

    ----------------------------------------------------------------------
     45360       1806       8932        900      19852    1159898   Object Totals
         0          0         32          0          0          0   (incl. Generated)
        28          0          8          5          4          0   (incl. Padding)

    ----------------------------------------------------------------------

      Code (inc. data)   RO Data    RW Data    ZI Data      Debug   Library Member Name

        90          0          0          0          0          0   __dczerorl2.o
         8          0          0          0          0         68   __main.o
         0          0          0          0          0          0   __rtentry.o
        12          0          0          0          0          0   __rtentry2.o
         6          0          0          0          0          0   __rtentry4.o
        52          8          0          0          0          0   __scatter.o
        28          0          0          0          0          0   __scatter_zi.o
        22          0          0          0          0        100   _rserrno.o
        10          0          0          0          0         68   defsig_exit.o
        50          0          0          0          0         88   defsig_general.o
        80         58          0          0          0         76   defsig_rtmem_inner.o
        14          0          0          0          0         80   defsig_rtmem_outer.o
        18          0          0          0          0         80   exit.o
        94          0          0          0          0         80   h1_alloc.o
        52          0          0          0          0         68   h1_extend.o
        78          0          0          0          0         80   h1_free.o
        14          0          0          0          0         84   h1_init.o
         6          0          0          0          0        152   heapauxi.o
         4          0          0          0          0        136   hguard.o
         0          0          0          0          0          0   indicate_semi.o
       138          0          0          0          0        168   init_alloc.o
         2          0          0          0          0          0   libinit.o
        14          0          0          0          0          0   libinit2.o
         2          0          0          0          0          0   libshutdown.o
         2          0          0          0          0          0   libshutdown2.o
         8          4          0          0         96         68   libspace.o
       238          0          0          0          0        100   lludivv7m.o
         0          0          0          0          0          0   maybetermalloc1.o
         8          4          0          0          0         68   rt_errno_addr_intlibspace.o
         8          4          0          0          0         68   rt_heap_descriptor_intlibspace.o
        68          0          0          0          0         68   rt_memclr.o
        78          0          0          0          0         80   rt_memclr_w.o
       100          0          0          0          0         80   rt_memcpy_w.o
         2          0          0          0          0          0   rtexit.o
        10          0          0          0          0          0   rtexit2.o
        12          4          0          0          0         68   sys_exit.o
        74          0          0          0          0         80   sys_stackheap_outer.o
        14          0          0          0          0         76   sys_wrch.o
         2          0          0          0          0         68   use_no_semi.o
        24          0          0          0          0        164   basic.o
        98          4          0          0          0        140   d2f.o
       826         16          0          0          0        492   daddsub_clz.o
        24          0          0          0          0        116   dcmpi.o
       688        140          0          0          0        256   ddiv.o
       120          4          0          0          0        140   deqf.o
        46          0          0          0          0        116   dflt_clz.o
       340         12          0          0          0        152   dmul.o
       156          4          0          0          0        140   dnaninf.o
        12          0          0          0          0        116   dretinf.o
       408         56          0          0          0        168   dsqrt_umaal.o
        86          4          0          0          0        132   f2d.o
       140          4          0          0          0        132   fnaninf.o
        10          0          0          0          0        116   fpinit.o
        10          0          0          0          0        116   fretinf.o
         0          0          0          0          0          0   usenofp.o
       864         94         80          0          0        280   asin.o
       744        106        152          0          0        352   atan.o
       512         64          0          0          0        208   atan2.o
       104         16          0          0          0        496   dunder.o
        24          0          0          0          0        124   fabs.o
        48          0          0          0          0        124   fpclassify.o
       248          0          0          0          0        152   poly.o
         0          0          8          0          0          0   qnan.o
       110          0          0          0          0        148   sqrt.o

    ----------------------------------------------------------------------
      7084        606        240          0         96       6532   Library Totals
        24          0          0          0          0          0   (incl. Padding)

    ----------------------------------------------------------------------

      Code (inc. data)   RO Data    RW Data    ZI Data      Debug   Library Name

      1418         82          0          0         96       2152   c_w.l
      2988        244          0          0          0       2496   fz_wm.l
      2654        280        240          0          0       1884   m_wm.l

    ----------------------------------------------------------------------
      7084        606        240          0         96       6532   Library Totals

    ----------------------------------------------------------------------

==============================================================================


      Code (inc. data)   RO Data    RW Data    ZI Data      Debug   

     52444       2412       9172        900      19948    1128186   Grand Totals
     52444       2412       9172        168      19948    1128186   ELF Image Totals (compressed)
     52444       2412       9172        168          0          0   ROM Totals

==============================================================================

    Total RO  Size (Code + RO Data)                61616 (  60.17kB)
    Total RW  Size (RW Data + ZI Data)             20848 (  20.36kB)
    Total ROM Size (Code + RO Data + RW Data)      61784 (  60.34kB)

==============================================================================

