Component: ARM Compiler 5.06 update 7 (build 960) Tool: armlink [4d3601]

==============================================================================

Section Cross References

    startup_stm32f407xx.o(STACK) refers (Special) to heapauxi.o(.text) for __use_two_region_memory
    startup_stm32f407xx.o(HEAP) refers (Special) to heapauxi.o(.text) for __use_two_region_memory
    startup_stm32f407xx.o(RESET) refers (Special) to heapauxi.o(.text) for __use_two_region_memory
    startup_stm32f407xx.o(RESET) refers to startup_stm32f407xx.o(STACK) for __initial_sp
    startup_stm32f407xx.o(RESET) refers to startup_stm32f407xx.o(.text) for Reset_Handler
    startup_stm32f407xx.o(RESET) refers to stm32f4xx_it.o(i.NMI_Handler) for NMI_Handler
    startup_stm32f407xx.o(RESET) refers to stm32f4xx_it.o(i.HardFault_Handler) for HardFault_Handler
    startup_stm32f407xx.o(RESET) refers to stm32f4xx_it.o(i.MemManage_Handler) for MemManage_Handler
    startup_stm32f407xx.o(RESET) refers to stm32f4xx_it.o(i.BusFault_Handler) for BusFault_Handler
    startup_stm32f407xx.o(RESET) refers to stm32f4xx_it.o(i.UsageFault_Handler) for UsageFault_Handler
    startup_stm32f407xx.o(RESET) refers to port.o(.emb_text) for SVC_Handler
    startup_stm32f407xx.o(RESET) refers to stm32f4xx_it.o(i.DebugMon_Handler) for DebugMon_Handler
    startup_stm32f407xx.o(RESET) refers to port.o(i.SysTick_Handler) for SysTick_Handler
    startup_stm32f407xx.o(RESET) refers to stm32f4xx_it.o(i.DMA1_Stream0_IRQHandler) for DMA1_Stream0_IRQHandler
    startup_stm32f407xx.o(RESET) refers to stm32f4xx_it.o(i.DMA1_Stream1_IRQHandler) for DMA1_Stream1_IRQHandler
    startup_stm32f407xx.o(RESET) refers to stm32f4xx_it.o(i.DMA1_Stream2_IRQHandler) for DMA1_Stream2_IRQHandler
    startup_stm32f407xx.o(RESET) refers to stm32f4xx_it.o(i.DMA1_Stream3_IRQHandler) for DMA1_Stream3_IRQHandler
    startup_stm32f407xx.o(RESET) refers to stm32f4xx_it.o(i.DMA1_Stream4_IRQHandler) for DMA1_Stream4_IRQHandler
    startup_stm32f407xx.o(RESET) refers to stm32f4xx_it.o(i.DMA1_Stream5_IRQHandler) for DMA1_Stream5_IRQHandler
    startup_stm32f407xx.o(RESET) refers to stm32f4xx_it.o(i.CAN1_RX0_IRQHandler) for CAN1_RX0_IRQHandler
    startup_stm32f407xx.o(RESET) refers to stm32f4xx_it.o(i.TIM2_IRQHandler) for TIM2_IRQHandler
    startup_stm32f407xx.o(RESET) refers to stm32f4xx_it.o(i.USART1_IRQHandler) for USART1_IRQHandler
    startup_stm32f407xx.o(RESET) refers to stm32f4xx_it.o(i.USART2_IRQHandler) for USART2_IRQHandler
    startup_stm32f407xx.o(RESET) refers to stm32f4xx_it.o(i.USART3_IRQHandler) for USART3_IRQHandler
    startup_stm32f407xx.o(RESET) refers to stm32f4xx_it.o(i.DMA1_Stream7_IRQHandler) for DMA1_Stream7_IRQHandler
    startup_stm32f407xx.o(RESET) refers to stm32f4xx_it.o(i.UART4_IRQHandler) for UART4_IRQHandler
    startup_stm32f407xx.o(RESET) refers to stm32f4xx_it.o(i.UART5_IRQHandler) for UART5_IRQHandler
    startup_stm32f407xx.o(RESET) refers to stm32f4xx_it.o(i.DMA2_Stream2_IRQHandler) for DMA2_Stream2_IRQHandler
    startup_stm32f407xx.o(RESET) refers to stm32f4xx_it.o(i.CAN2_RX0_IRQHandler) for CAN2_RX0_IRQHandler
    startup_stm32f407xx.o(RESET) refers to stm32f4xx_it.o(i.DMA2_Stream7_IRQHandler) for DMA2_Stream7_IRQHandler
    startup_stm32f407xx.o(.text) refers (Special) to heapauxi.o(.text) for __use_two_region_memory
    startup_stm32f407xx.o(.text) refers to system_stm32f4xx.o(i.SystemInit) for SystemInit
    startup_stm32f407xx.o(.text) refers to __main.o(!!!main) for __main
    startup_stm32f407xx.o(.text) refers to startup_stm32f407xx.o(HEAP) for Heap_Mem
    startup_stm32f407xx.o(.text) refers to startup_stm32f407xx.o(STACK) for Stack_Mem
    main.o(i.HAL_TIM_PeriodElapsedCallback) refers to drv_haltick.o(i.HAL_IncTick) for HAL_IncTick
    main.o(i.SystemClock_Config) refers to rt_memclr_w.o(.text) for __aeabi_memclr4
    main.o(i.SystemClock_Config) refers to stm32f4xx_hal_rcc.o(i.HAL_RCC_OscConfig) for HAL_RCC_OscConfig
    main.o(i.SystemClock_Config) refers to main.o(i.Error_Handler) for Error_Handler
    main.o(i.SystemClock_Config) refers to stm32f4xx_hal_rcc.o(i.HAL_RCC_ClockConfig) for HAL_RCC_ClockConfig
    main.o(i.main) refers to stm32f4xx_hal.o(i.HAL_Init) for HAL_Init
    main.o(i.main) refers to main.o(i.SystemClock_Config) for SystemClock_Config
    main.o(i.main) refers to gpio.o(i.MX_GPIO_Init) for MX_GPIO_Init
    main.o(i.main) refers to dma.o(i.MX_DMA_Init) for MX_DMA_Init
    main.o(i.main) refers to can.o(i.MX_CAN1_Init) for MX_CAN1_Init
    main.o(i.main) refers to can.o(i.MX_CAN2_Init) for MX_CAN2_Init
    main.o(i.main) refers to usart.o(i.MX_UART4_Init) for MX_UART4_Init
    main.o(i.main) refers to usart.o(i.MX_UART5_Init) for MX_UART5_Init
    main.o(i.main) refers to usart.o(i.MX_USART1_UART_Init) for MX_USART1_UART_Init
    main.o(i.main) refers to usart.o(i.MX_USART2_UART_Init) for MX_USART2_UART_Init
    main.o(i.main) refers to usart.o(i.MX_USART3_UART_Init) for MX_USART3_UART_Init
[...]
    HAL_DMA_IRQHandler                       0x080023d1   Thumb Code   570  stm32f4xx_hal_dma.o(i.HAL_DMA_IRQHandler)
    HAL_DMA_Init                             0x08002611   Thumb Code   232  stm32f4xx_hal_dma.o(i.HAL_DMA_Init)
    HAL_GPIO_Init                            0x080026fd   Thumb Code   454  stm32f4xx_hal_gpio.o(i.HAL_GPIO_Init)
    HAL_GPIO_WritePin                        0x080028f1   Thumb Code    12  stm32f4xx_hal_gpio.o(i.HAL_GPIO_WritePin)
    HAL_GetTick                              0x080028fd   Thumb Code     6  stm32f4xx_hal.o(i.HAL_GetTick)
    HAL_IncTick                              0x08002909   Thumb Code    40  drv_haltick.o(i.HAL_IncTick)
    HAL_Init                                 0x0800293d   Thumb Code    54  stm32f4xx_hal.o(i.HAL_Init)
    HAL_InitTick                             0x08002979   Thumb Code   162  stm32f4xx_hal_timebase_tim.o(i.HAL_InitTick)
    HAL_MspInit                              0x08002a2d   Thumb Code    78  stm32f4xx_hal_msp.o(i.HAL_MspInit)
    HAL_NVIC_EnableIRQ                       0x08002a81   Thumb Code    40  stm32f4xx_hal_cortex.o(i.HAL_NVIC_EnableIRQ)
    HAL_NVIC_SetPriority                     0x08002aa9   Thumb Code   124  stm32f4xx_hal_cortex.o(i.HAL_NVIC_SetPriority)
    HAL_NVIC_SetPriorityGrouping             0x08002b25   Thumb Code    32  stm32f4xx_hal_cortex.o(i.HAL_NVIC_SetPriorityGrouping)
    HAL_RCC_ClockConfig                      0x08002b4d   Thumb Code   368  stm32f4xx_hal_rcc.o(i.HAL_RCC_ClockConfig)
    HAL_RCC_GetClockConfig                   0x08002cd1   Thumb Code    58  stm32f4xx_hal_rcc.o(i.HAL_RCC_GetClockConfig)
    HAL_RCC_GetHCLKFreq                      0x08002d15   Thumb Code     6  stm32f4xx_hal_rcc.o(i.HAL_RCC_GetHCLKFreq)
    HAL_RCC_GetPCLK1Freq                     0x08002d21   Thumb Code    22  stm32f4xx_hal_rcc.o(i.HAL_RCC_GetPCLK1Freq)
    HAL_RCC_GetPCLK2Freq                     0x08002d41   Thumb Code    22  stm32f4xx_hal_rcc.o(i.HAL_RCC_GetPCLK2Freq)
    HAL_RCC_GetSysClockFreq                  0x08002d61   Thumb Code   162  stm32f4xx_hal_rcc.o(i.HAL_RCC_GetSysClockFreq)
    HAL_RCC_OscConfig                        0x08002e11   Thumb Code  1172  stm32f4xx_hal_rcc.o(i.HAL_RCC_OscConfig)
    HAL_TIMEx_BreakCallback                  0x080032ad   Thumb Code     2  stm32f4xx_hal_tim_ex.o(i.HAL_TIMEx_BreakCallback)
    HAL_TIMEx_CommutCallback                 0x080032af   Thumb Code     2  stm32f4xx_hal_tim_ex.o(i.HAL_TIMEx_CommutCallback)
    HAL_TIM_Base_Init                        0x080032b1   Thumb Code   102  stm32f4xx_hal_tim.o(i.HAL_TIM_Base_Init)
    HAL_TIM_Base_MspInit                     0x08003317   Thumb Code     2  stm32f4xx_hal_tim.o(i.HAL_TIM_Base_MspInit)
    HAL_TIM_Base_Start_IT                    0x08003319   Thumb Code   138  stm32f4xx_hal_tim.o(i.HAL_TIM_Base_Start_IT)
    HAL_TIM_IC_CaptureCallback               0x080033c1   Thumb Code     2  stm32f4xx_hal_tim.o(i.HAL_TIM_IC_CaptureCallback)
    HAL_TIM_IRQHandler                       0x080033c3   Thumb Code   406  stm32f4xx_hal_tim.o(i.HAL_TIM_IRQHandler)
    HAL_TIM_OC_DelayElapsedCallback          0x08003559   Thumb Code     2  stm32f4xx_hal_tim.o(i.HAL_TIM_OC_DelayElapsedCallback)
    HAL_TIM_PWM_PulseFinishedCallback        0x0800355b   Thumb Code     2  stm32f4xx_hal_tim.o(i.HAL_TIM_PWM_PulseFinishedCallback)
    HAL_TIM_PeriodElapsedCallback            0x0800355d   Thumb Code    18  main.o(i.HAL_TIM_PeriodElapsedCallback)
    HAL_TIM_TriggerCallback                  0x0800356f   Thumb Code     2  stm32f4xx_hal_tim.o(i.HAL_TIM_TriggerCallback)
    HAL_UARTEx_RxEventCallback               0x08003571   Thumb Code     2  stm32f4xx_hal_uart.o(i.HAL_UARTEx_RxEventCallback)
    HAL_UART_ErrorCallback                   0x08003573   Thumb Code     2  stm32f4xx_hal_uart.o(i.HAL_UART_ErrorCallback)
    HAL_UART_IRQHandler                      0x08003575   Thumb Code   732  stm32f4xx_hal_uart.o(i.HAL_UART_IRQHandler)
    HAL_UART_Init                            0x08003855   Thumb Code   114  stm32f4xx_hal_uart.o(i.HAL_UART_Init)
    HAL_UART_MspInit                         0x080038c9   Thumb Code  1338  usart.o(i.HAL_UART_MspInit)
    HAL_UART_RxCpltCallback                  0x08003e1d   Thumb Code     2  stm32f4xx_hal_uart.o(i.HAL_UART_RxCpltCallback)
    HAL_UART_TxCpltCallback                  0x08003e1f   Thumb Code     2  stm32f4xx_hal_uart.o(i.HAL_UART_TxCpltCallback)
    HardFault_Handler                        0x08003e21   Thumb Code     4  stm32f4xx_it.o(i.HardFault_Handler)
    IIC_Ack                                  0x08003e25   Thumb Code    66  soft_iic.o(i.IIC_Ack)
    IIC_NAck                                 0x08003e75   Thumb Code    66  soft_iic.o(i.IIC_NAck)
    IIC_Read_Byte                            0x08003ec5   Thumb Code    94  soft_iic.o(i.IIC_Read_Byte)
    IIC_Send_Byte                            0x08003f31   Thumb Code    90  soft_iic.o(i.IIC_Send_Byte)
    IIC_Start                                0x08003f99   Thumb Code    64  soft_iic.o(i.IIC_Start)
    IIC_Stop                                 0x08003fe5   Thumb Code    62  soft_iic.o(i.IIC_Stop)
    IIC_Wait_Ack                             0x08004031   Thumb Code    82  soft_iic.o(i.IIC_Wait_Ack)
    MPU_Read_Byte                            0x08004091   Thumb Code    78  bmi2_common.o(i.MPU_Read_Byte)
    MPU_Read_all                             0x080040e5   Thumb Code    98  bmi2_common.o(i.MPU_Read_all)
    MX_CAN1_Init                             0x0800414d   Thumb Code    64  can.o(i.MX_CAN1_Init)
    MX_CAN2_Init                             0x08004195   Thumb Code    64  can.o(i.MX_CAN2_Init)
    MX_DMA_Init                              0x080041dd   Thumb Code   210  dma.o(i.MX_DMA_Init)
    MX_FREERTOS_Init                         0x080042b5   Thumb Code   126  freertos.o(i.MX_FREERTOS_Init)
    MX_GPIO_Init                             0x0800434d   Thumb Code   254  gpio.o(i.MX_GPIO_Init)
    MX_UART4_Init                            0x08004459   Thumb Code    46  usart.o(i.MX_UART4_Init)
    MX_UART5_Init                            0x08004491   Thumb Code    46  usart.o(i.MX_UART5_Init)
    MX_USART1_UART_Init                      0x080044c9   Thumb Code    46  usart.o(i.MX_USART1_UART_Init)
    MX_USART2_UART_Init                      0x08004501   Thumb Code    48  usart.o(i.MX_USART2_UART_Init)
    MX_USART3_UART_Init                      0x0800453d   Thumb Code    46  usart.o(i.MX_USART3_UART_Init)
    MemManage_Handler                        0x08004575   Thumb Code     4  stm32f4xx_it.o(i.MemManage_Handler)
    NMI_Handler                              0x08004619   Thumb Code     4  stm32f4xx_it.o(i.NMI_Handler)
    PID_Init                                 0x0800461d   Thumb Code    98  pid.o(i.PID_Init)
    PID_Plc_Calc                             0x08004685   Thumb Code   306  pid.o(i.PID_Plc_Calc)
    RM3508_GetTxId                           0x080047bd   Thumb Code    24  rm_protocol.o(i.RM3508_GetTxId)
    Set_accel                                0x080047d5   Thumb Code    90  bmi.o(i.Set_accel)
    Set_gyro                                 0x0800482f   Thumb Code    94  bmi.o(i.Set_gyro)
    StartDefaultTask                         0x0800488d   Thumb Code    10  freertos.o(i.StartDefaultTask)
    Start_CAN_task                           0x08004899   Thumb Code   230  can_task.o(i.Start_CAN_task)
    Start_LED_task                           0x0800499d   Thumb Code    10  led_task.o(i.Start_LED_task)
    Start_Monitor_task                       0x080049a9   Thumb Code    22  monitor_task.o(i.Start_Monitor_task)
    Start_imu_task                           0x080049c9   Thumb Code    24  imu_task.o(i.Start_imu_task)
    SysTick_Handler                          0x080049e5   Thumb Code    46  port.o(i.SysTick_Handler)
    SystemClock_Config                       0x08004a19   Thumb Code   172  main.o(i.SystemClock_Config)
    SystemInit                               0x08004acd   Thumb Code    14  system_stm32f4xx.o(i.SystemInit)
    TIM2_IRQHandler                          0x08004ae1   Thumb Code    10  stm32f4xx_it.o(i.TIM2_IRQHandler)
    TIM_Base_SetConfig                       0x08004af1   Thumb Code   170  stm32f4xx_hal_tim.o(i.TIM_Base_SetConfig)
    UART4_IRQHandler                         0x08004bc9   Thumb Code    16  stm32f4xx_it.o(i.UART4_IRQHandler)
    UART5_IRQHandler                         0x08004bdd   Thumb Code    16  stm32f4xx_it.o(i.UART5_IRQHandler)
    USART1_IRQHandler                        0x08005015   Thumb Code    16  stm32f4xx_it.o(i.USART1_IRQHandler)
    USART2_IRQHandler                        0x08005029   Thumb Code    16  stm32f4xx_it.o(i.USART2_IRQHandler)
    USART3_IRQHandler                        0x0800503d   Thumb Code    16  stm32f4xx_it.o(i.USART3_IRQHandler)
    USART4_rxDataHandler                     0x08005051   Thumb Code     2  drv_uart.o(i.USART4_rxDataHandler)
    USART5_rxDataHandler                     0x08005053   Thumb Code     2  drv_uart.o(i.USART5_rxDataHandler)
    UsageFault_Handler                       0x080050cb   Thumb Code     4  stm32f4xx_it.o(i.UsageFault_Handler)
    __ARM_fpclassify                         0x080050cf   Thumb Code    48  fpclassify.o(i.__ARM_fpclassify)
    __hardfp_asin                            0x08005139   Thumb Code   770  asin.o(i.__hardfp_asin)
    __hardfp_atan                            0x08005499   Thumb Code   622  atan.o(i.__hardfp_atan)
    __hardfp_atan2                           0x08005771   Thumb Code   448  atan2.o(i.__hardfp_atan2)
    __kernel_poly                            0x08005971   Thumb Code   248  poly.o(i.__kernel_poly)
    __mathlib_dbl_infnan                     0x08005a69   Thumb Code    20  dunder.o(i.__mathlib_dbl_infnan)
    __mathlib_dbl_infnan2                    0x08005a7d   Thumb Code    20  dunder.o(i.__mathlib_dbl_infnan2)
    __mathlib_dbl_invalid                    0x08005a91   Thumb Code    24  dunder.o(i.__mathlib_dbl_invalid)
    __mathlib_dbl_underflow                  0x08005ab1   Thumb Code    24  dunder.o(i.__mathlib_dbl_underflow)
    atan                                     0x08005ad1   Thumb Code    16  atan.o(i.atan)
    bmi270_init                              0x08005ae1   Thumb Code    96  bmi270.o(i.bmi270_init)
    bmi2_error_codes_print_result            0x08005b4d   Thumb Code     8  bmi2_common.o(i.bmi2_error_codes_print_result)
    bmi2_extract_input_feat_config           0x08005b55   Thumb Code    58  bmi2.o(i.bmi2_extract_input_feat_config)
    bmi2_get_feat_config                     0x08005b8f   Thumb Code   204  bmi2.o(i.bmi2_get_feat_config)
    bmi2_get_gyro_cross_sense                0x08005c5b   Thumb Code    66  bmi2.o(i.bmi2_get_gyro_cross_sense)
    bmi2_get_internal_status                 0x08005c9d   Thumb Code    52  bmi2.o(i.bmi2_get_internal_status)
    bmi2_get_regs                            0x08005cd1   Thumb Code   168  bmi2.o(i.bmi2_get_regs)
    bmi2_get_sensor_config                   0x08005d79   Thumb Code   798  bmi2.o(i.bmi2_get_sensor_config)
    bmi2_get_sensor_data                     0x08006097   Thumb Code   434  bmi2.o(i.bmi2_get_sensor_data)
    bmi2_get_status                          0x08006249   Thumb Code    42  bmi2.o(i.bmi2_get_status)
    bmi2_interface_selection                 0x08006275   Thumb Code    86  bmi2_common.o(i.bmi2_interface_selection)
    bmi2_map_data_int                        0x080062e5   Thumb Code   138  bmi2.o(i.bmi2_map_data_int)
    bmi2_sec_init                            0x08006371   Thumb Code   100  bmi2.o(i.bmi2_sec_init)
    bmi2_sensor_enable                       0x080063d9   Thumb Code    66  bmi2.o(i.bmi2_sensor_enable)
    bmi2_set_adv_power_save                  0x0800641b   Thumb Code    94  bmi2.o(i.bmi2_set_adv_power_save)
    bmi2_set_regs                            0x08006479   Thumb Code   166  bmi2.o(i.bmi2_set_regs)
    bmi2_set_sensor_config                   0x0800651f   Thumb Code   766  bmi2.o(i.bmi2_set_sensor_config)
    bmi2_soft_reset                          0x0800681d   Thumb Code    94  bmi2.o(i.bmi2_soft_reset)
    bmi2_user_i2c_init                       0x0800687b   Thumb Code     4  bmi2_common.o(i.bmi2_user_i2c_init)
    bmi2_user_spi_init                       0x0800687f   Thumb Code     4  bmi2_common.o(i.bmi2_user_spi_init)
    bmi2_write_config_file                   0x08006883   Thumb Code   100  bmi2.o(i.bmi2_write_config_file)
    delay_us                                 0x08006ab7   Thumb Code    24  drv_haltick.o(i.delay_us)
    fabs                                     0x08006b09   Thumb Code    24  fabs.o(i.fabs)
    imu_sensor_init                          0x08008209   Thumb Code   158  imu_protocol.o(i.imu_sensor_init)
    imu_sensor_update                        0x080082ad   Thumb Code    96  imu_protocol.o(i.imu_sensor_update)
    inVSqrt                                  0x08008325   Thumb Code    56  bmi.o(i.inVSqrt)
    main                                     0x080083d9   Thumb Code    72  main.o(i.main)
    micros                                   0x08008439   Thumb Code    32  drv_haltick.o(i.micros)
    osDelay                                  0x08008491   Thumb Code    24  cmsis_os.o(i.osDelay)
    osKernelStart                            0x080084a9   Thumb Code    10  cmsis_os.o(i.osKernelStart)
    osThreadCreate                           0x080084b3   Thumb Code    94  cmsis_os.o(i.osThreadCreate)
    pvPortMalloc                             0x08008991   Thumb Code   306  heap_4.o(i.pvPortMalloc)
    pxPortInitialiseStack                    0x08008add   Thumb Code    38  port.o(i.pxPortInitialiseStack)
    reserve                                  0x08008b55   Thumb Code    32  can_task.o(i.reserve)
    sqrt                                     0x0800b3cd   Thumb Code   110  sqrt.o(i.sqrt)
    user_delay_us                            0x0800b5c7   Thumb Code    14  bmi2_common.o(i.user_delay_us)
    user_i2c_reg_read                        0x0800b5d5   Thumb Code    40  bmi2_common.o(i.user_i2c_reg_read)
    user_i2c_reg_write                       0x0800b5fd   Thumb Code    90  bmi2_common.o(i.user_i2c_reg_write)
    user_spi_reg_read                        0x0800b65d   Thumb Code     8  bmi2_common.o(i.user_spi_reg_read)
    user_spi_reg_write                       0x0800b665   Thumb Code     8  bmi2_common.o(i.user_spi_reg_write)
    uxListRemove                             0x0800b66d   Thumb Code    40  list.o(i.uxListRemove)
    vApplicationGetIdleTaskMemory            0x0800b695   Thumb Code    14  freertos.o(i.vApplicationGetIdleTaskMemory)
    vListInitialise                          0x0800b6ad   Thumb Code    26  list.o(i.vListInitialise)
    vListInitialiseItem                      0x0800b6c7   Thumb Code     6  list.o(i.vListInitialiseItem)
    vListInsert                              0x0800b6cd   Thumb Code    52  list.o(i.vListInsert)
    vListInsertEnd                           0x0800b701   Thumb Code    24  list.o(i.vListInsertEnd)
    vPortEnterCritical                       0x0800b719   Thumb Code    76  port.o(i.vPortEnterCritical)
    vPortExitCritical                        0x0800b76d   Thumb Code    56  port.o(i.vPortExitCritical)
    vPortFree                                0x0800b7a9   Thumb Code   150  heap_4.o(i.vPortFree)
    vPortSetupTimerInterrupt                 0x0800b84d   Thumb Code    36  port.o(i.vPortSetupTimerInterrupt)
    vTaskDelay                               0x0800b875   Thumb Code    82  tasks.o(i.vTaskDelay)
    vTaskStartScheduler                      0x0800b8d1   Thumb Code   146  tasks.o(i.vTaskStartScheduler)
    vTaskSuspendAll                          0x0800b981   Thumb Code    12  tasks.o(i.vTaskSuspendAll)
    vTaskSwitchContext                       0x0800b991   Thumb Code   118  tasks.o(i.vTaskSwitchContext)
    xPortStartScheduler                      0x0800bc01   Thumb Code   330  port.o(i.xPortStartScheduler)
    xTaskCreate                              0x0800bd69   Thumb Code   100  tasks.o(i.xTaskCreate)
    xTaskCreateStatic                        0x0800bdcd   Thumb Code   186  tasks.o(i.xTaskCreateStatic)
    xTaskIncrementTick                       0x0800be89   Thumb Code   282  tasks.o(i.xTaskIncrementTick)
    xTaskResumeAll                           0x0800bfd1   Thumb Code   224  tasks.o(i.xTaskResumeAll)
    __aeabi_dneg                             0x0800c0d5   Thumb Code     0  basic.o(x$fpl$basic)
    _dneg                                    0x0800c0d5   Thumb Code     6  basic.o(x$fpl$basic)
    __aeabi_fneg                             0x0800c0db   Thumb Code     0  basic.o(x$fpl$basic)
    _fneg                                    0x0800c0db   Thumb Code     6  basic.o(x$fpl$basic)
    _dabs                                    0x0800c0e1   Thumb Code     6  basic.o(x$fpl$basic)
    _fabs                                    0x0800c0e7   Thumb Code     6  basic.o(x$fpl$basic)
    __aeabi_d2f                              0x0800c0ed   Thumb Code     0  d2f.o(x$fpl$d2f)
    _d2f                                     0x0800c0ed   Thumb Code    98  d2f.o(x$fpl$d2f)
    __aeabi_dadd                             0x0800c151   Thumb Code     0  daddsub_clz.o(x$fpl$dadd)
    _dadd                                    0x0800c151   Thumb Code   332  daddsub_clz.o(x$fpl$dadd)
    __fpl_dcmp_Inf                           0x0800c2a1   Thumb Code    24  dcmpi.o(x$fpl$dcmpinf)
    __aeabi_ddiv                             0x0800c2b9   Thumb Code     0  ddiv.o(x$fpl$ddiv)
    _ddiv                                    0x0800c2b9   Thumb Code   552  ddiv.o(x$fpl$ddiv)
    __aeabi_cdcmpeq                          0x0800c569   Thumb Code     0  deqf.o(x$fpl$deqf)
    _dcmpeq                                  0x0800c569   Thumb Code   120  deqf.o(x$fpl$deqf)
    __aeabi_i2d                              0x0800c5e1   Thumb Code     0  dflt_clz.o(x$fpl$dflt)
    _dflt                                    0x0800c5e1   Thumb Code    46  dflt_clz.o(x$fpl$dflt)
    __aeabi_dmul                             0x0800c611   Thumb Code     0  dmul.o(x$fpl$dmul)
    _dmul                                    0x0800c611   Thumb Code   332  dmul.o(x$fpl$dmul)
    __fpl_dnaninf                            0x0800c765   Thumb Code   156  dnaninf.o(x$fpl$dnaninf)
    __fpl_dretinf                            0x0800c801   Thumb Code    12  dretinf.o(x$fpl$dretinf)
    __aeabi_drsub                            0x0800c80d   Thumb Code     0  daddsub_clz.o(x$fpl$drsb)
    _drsb                                    0x0800c80d   Thumb Code    22  daddsub_clz.o(x$fpl$drsb)
    _dsqrt                                   0x0800c825   Thumb Code   404  dsqrt_umaal.o(x$fpl$dsqrt)
    __aeabi_dsub                             0x0800c9bd   Thumb Code     0  daddsub_clz.o(x$fpl$dsub)
    _dsub                                    0x0800c9bd   Thumb Code   464  daddsub_clz.o(x$fpl$dsub)
    __aeabi_f2d                              0x0800cb91   Thumb Code     0  f2d.o(x$fpl$f2d)
    _f2d                                     0x0800cb91   Thumb Code    86  f2d.o(x$fpl$f2d)
    __fpl_fnaninf                            0x0800cbe7   Thumb Code   140  fnaninf.o(x$fpl$fnaninf)
    _fp_init                                 0x0800cc73   Thumb Code    10  fpinit.o(x$fpl$fpinit)
    __fplib_config_fpu_vfp                   0x0800cc7b   Thumb Code     0  fpinit.o(x$fpl$fpinit)
    __fplib_config_pureend_doubles           0x0800cc7b   Thumb Code     0  fpinit.o(x$fpl$fpinit)
    __fpl_fretinf                            0x0800cc7d   Thumb Code    10  fretinf.o(x$fpl$fretinf)
    __I$use$fp                               0x0800cc86   Number         0  usenofp.o(x$fpl$usenofp)
    bmi270_config_file                       0x0800cd1a   Data        8192  bmi270.o(.constdata)
    bmi270_feat_in                           0x0800ed1a   Data          48  bmi270.o(.constdata)
    bmi270_feat_out                          0x0800ed4a   Data          21  bmi270.o(.constdata)
    AHBPrescTable                            0x0800ed67   Data          16  system_stm32f4xx.o(.constdata)
    APBPrescTable                            0x0800ed77   Data           8  system_stm32f4xx.o(.constdata)
    __mathlib_zero                           0x0800ee68   Data           8  qnan.o(.constdata)
    Region$$Table$$Base                      0x0800eeb0   Number         0  anon$$obj.o(Region$$Table)
    Region$$Table$$Limit                     0x0800eed0   Number         0  anon$$obj.o(Region$$Table)
    defaultTaskHandle                        0x20000000   Data           4  freertos.o(.data)
    Imu_taskHandle                           0x20000004   Data           4  freertos.o(.data)
    LED_taskHandle                           0x20000008   Data           4  freertos.o(.data)
    CAN_taskHandle                           0x2000000c   Data           4  freertos.o(.data)
    Monitor_taskHandle                       0x20000010   Data           4  freertos.o(.data)
    PID_Speed                                0x20000018   Data          12  pid.o(.data)
    PID_Angle                                0x20000024   Data          12  pid.o(.data)
    get_info_t                               0x20000030   Data           8  can_task.o(.data)
    my_info_t                                0x20000038   Data           8  can_task.o(.data)
    info_pack                                0x20000040   Data           8  can_task.o(.data)
    angle_set                                0x20000048   Data           4  can_task.o(.data)
    speed_out                                0x2000004c   Data           4  can_task.o(.data)
    angle_out                                0x20000050   Data           4  can_task.o(.data)
    tx_info                                  0x20000054   Data           8  can_task.o(.data)
    gyrox                                    0x2000005c   Data           2  imu_protocol.o(.data)
    gyroy                                    0x2000005e   Data           2  imu_protocol.o(.data)
    gyroz                                    0x20000060   Data           2  imu_protocol.o(.data)
    accx                                     0x20000062   Data           2  imu_protocol.o(.data)
    accy                                     0x20000064   Data           2  imu_protocol.o(.data)
    accz                                     0x20000066   Data           2  imu_protocol.o(.data)
    imu_sensor_driver                        0x20000068   Data           2  imu_sensor.o(.data)
    imu_sensor_info                          0x2000006c   Data          32  imu_sensor.o(.data)
    imu_sensor                               0x2000008c   Data          28  imu_sensor.o(.data)
    dev_list                                 0x200000a8   Data           4  device.o(.data)
    motor_6020_driver                        0x200000ac   Data          40  6020_motor.o(.data)
    motor_6020_info                          0x200000d4   Data          24  6020_motor.o(.data)
    motor_6020                               0x200000ec   Data         180  6020_motor.o(.data)
    motor_driver                             0x200001a0   Data          40  motor.o(.data)
    motor_info                               0x200001c8   Data          24  motor.o(.data)
    motor_data                               0x200001e0   Data         180  motor.o(.data)
    debug_bmi                                0x20000294   Data           1  bmi.o(.data)
    Kp                                       0x20000298   Data           4  bmi.o(.data)
    Ki                                       0x2000029c   Data           4  bmi.o(.data)
    halfT                                    0x200002a0   Data           4  bmi.o(.data)
    norm                                     0x200002a4   Data           4  bmi.o(.data)
    vx                                       0x200002a8   Data           4  bmi.o(.data)
    vy                                       0x200002ac   Data           4  bmi.o(.data)
    vz                                       0x200002b0   Data           4  bmi.o(.data)
    ex                                       0x200002b4   Data           4  bmi.o(.data)
    ey                                       0x200002b8   Data           4  bmi.o(.data)
    ez                                       0x200002bc   Data           4  bmi.o(.data)
    gx                                       0x200002c0   Data           4  bmi.o(.data)
    gy                                       0x200002c4   Data           4  bmi.o(.data)
    gz                                       0x200002c8   Data           4  bmi.o(.data)
    ax                                       0x200002cc   Data           4  bmi.o(.data)
    ay                                       0x200002d0   Data           4  bmi.o(.data)
    az                                       0x200002d4   Data           4  bmi.o(.data)
    q0                                       0x200002d8   Data           4  bmi.o(.data)
    q1                                       0x200002dc   Data           4  bmi.o(.data)
    q2                                       0x200002e0   Data           4  bmi.o(.data)
    q3                                       0x200002e4   Data           4  bmi.o(.data)
    exInt                                    0x200002e8   Data           4  bmi.o(.data)
    eyInt                                    0x200002ec   Data           4  bmi.o(.data)
    ezInt                                    0x200002f0   Data           4  bmi.o(.data)
    q0temp                                   0x200002f4   Data           4  bmi.o(.data)
    q1temp                                   0x200002f8   Data           4  bmi.o(.data)
    q2temp                                   0x200002fc   Data           4  bmi.o(.data)
    q3temp                                   0x20000300   Data           4  bmi.o(.data)
    MPU_ADDR                                 0x20000305   Data           1  bmi2_common.o(.data)
    HalTick                                  0x20000308   Data           4  drv_haltick.o(.data)
    uwTick                                   0x2000030c   Data           4  stm32f4xx_hal.o(.data)
    uwTickPrio                               0x20000310   Data           4  stm32f4xx_hal.o(.data)
    uwTickFreq                               0x20000314   Data           1  stm32f4xx_hal.o(.data)
    SystemCoreClock                          0x20000318   Data           4  system_stm32f4xx.o(.data)
    pxCurrentTCB                             0x2000031c   Data           4  tasks.o(.data)
    hcan1                                    0x200005d8   Data          40  can.o(.bss)
    hcan2                                    0x20000600   Data          40  can.o(.bss)
    huart4                                   0x20000628   Data          68  usart.o(.bss)
    huart5                                   0x2000066c   Data          68  usart.o(.bss)
    huart1                                   0x200006b0   Data          68  usart.o(.bss)
    huart2                                   0x200006f4   Data          68  usart.o(.bss)
    huart3                                   0x20000738   Data          68  usart.o(.bss)
    hdma_uart4_rx                            0x2000077c   Data          96  usart.o(.bss)
    hdma_uart4_tx                            0x200007dc   Data          96  usart.o(.bss)
    hdma_uart5_rx                            0x2000083c   Data          96  usart.o(.bss)
    hdma_uart5_tx                            0x2000089c   Data          96  usart.o(.bss)
    hdma_usart1_rx                           0x200008fc   Data          96  usart.o(.bss)
    hdma_usart1_tx                           0x2000095c   Data          96  usart.o(.bss)
    hdma_usart2_rx                           0x200009bc   Data          96  usart.o(.bss)
    hdma_usart3_rx                           0x20000a1c   Data          96  usart.o(.bss)
    hdma_usart3_tx                           0x20000a7c   Data          96  usart.o(.bss)
    htim2                                    0x20000adc   Data          72  stm32f4xx_hal_timebase_tim.o(.bss)
    bmi2_dev                                 0x20000b28   Data         104  bmi.o(.bss)
    sensor_data                              0x20000b90   Data          16  bmi.o(.bss)
    hcan1RxFrame                             0x20000ba0   Data          36  drv_can.o(.bss)
    hcan2RxFrame                             0x20000bc4   Data          36  drv_can.o(.bss)
    hcan1TxFrame                             0x20000be8   Data          32  drv_can.o(.bss)
    hcan2TxFrame                             0x20000c08   Data          32  drv_can.o(.bss)
    hcan1Mailbox                             0x20000c28   Data          28  drv_can.o(.bss)
    hcan2Mailbox                             0x20000c44   Data          28  drv_can.o(.bss)
    usart1_dma_rxbuf                         0x20000c60   Data         100  drv_uart.o(.bss)
    usart2_dma_rxbuf                         0x20000cc4   Data          48  drv_uart.o(.bss)
    usart4_dma_rxbuf                         0x20000cf4   Data         100  drv_uart.o(.bss)
    usart5_dma_rxbuf                         0x20000d58   Data         200  drv_uart.o(.bss)
    __libspace_start                         0x20004b10   Data          96  libspace.o(.bss)
    __temporary_stack_top$libspace           0x20004b70   Data           0  libspace.o(.bss)



==============================================================================

Memory Map of the image

  Image Entry point : 0x08000189

  Load Region LR_IROM1 (Base: 0x08000000, Size: 0x0000f254, Max: 0x00080000, ABSOLUTE, COMPRESSED[0x0000ef74])

    Execution Region ER_IROM1 (Exec base: 0x08000000, Load base: 0x08000000, Size: 0x0000eed0, Max: 0x00080000, ABSOLUTE)

    Exec Addr    Load Addr    Size         Type   Attr      Idx    E Section Name        Object

    0x08000000   0x08000000   0x00000188   Data   RO            3    RESET               startup_stm32f407xx.o
    0x08000188   0x08000188   0x00000008   Code   RO        12998  * !!!main             c_w.l(__main.o)
    0x08000190   0x08000190   0x00000034   Code   RO        13460    !!!scatter          c_w.l(__scatter.o)
    0x080001c4   0x080001c4   0x0000005a   Code   RO        13458    !!dczerorl2         c_w.l(__dczerorl2.o)
    0x0800021e   0x0800021e   0x00000002   PAD
    0x08000220   0x08000220   0x0000001c   Code   RO        13462    !!handler_zi        c_w.l(__scatter_zi.o)
    0x0800023c   0x0800023c   0x00000002   Code   RO        13395    .ARM.Collect$$libinit$$00000000  c_w.l(libinit.o)
    0x0800023e   0x0800023e   0x00000004   Code   RO        13208    .ARM.Collect$$libinit$$00000001  c_w.l(libinit2.o)
    0x08000242   0x08000242   0x00000000   Code   RO        13211    .ARM.Collect$$libinit$$00000004  c_w.l(libinit2.o)
    0x08000242   0x08000242   0x00000008   Code   RO        13212    .ARM.Collect$$libinit$$00000005  c_w.l(libinit2.o)
    0x0800024a   0x0800024a   0x00000000   Code   RO        13214    .ARM.Collect$$libinit$$0000000A  c_w.l(libinit2.o)
    0x0800024a   0x0800024a   0x00000000   Code   RO        13216    .ARM.Collect$$libinit$$0000000C  c_w.l(libinit2.o)
    0x0800024a   0x0800024a   0x00000000   Code   RO        13218    .ARM.Collect$$libinit$$0000000E  c_w.l(libinit2.o)
    0x0800024a   0x0800024a   0x00000000   Code   RO        13221    .ARM.Collect$$libinit$$00000011  c_w.l(libinit2.o)
    0x0800024a   0x0800024a   0x00000000   Code   RO        13223    .ARM.Collect$$libinit$$00000013  c_w.l(libinit2.o)
    0x0800024a   0x0800024a   0x00000000   Code   RO        13225    .ARM.Collect$$libinit$$00000015  c_w.l(libinit2.o)
    0x0800024a   0x0800024a   0x00000000   Code   RO        13227    .ARM.Collect$$libinit$$00000017  c_w.l(libinit2.o)
    0x0800024a   0x0800024a   0x00000000   Code   RO        13229    .ARM.Collect$$libinit$$00000019  c_w.l(libinit2.o)
    0x0800024a   0x0800024a   0x00000000   Code   RO        13231    .ARM.Collect$$libinit$$0000001B  c_w.l(libinit2.o)
    0x0800024a   0x0800024a   0x00000000   Code   RO        13233    .ARM.Collect$$libinit$$0000001D  c_w.l(libinit2.o)
    0x0800024a   0x0800024a   0x00000000   Code   RO        13235    .ARM.Collect$$libinit$$0000001F  c_w.l(libinit2.o)
    0x0800024a   0x0800024a   0x00000000   Code   RO        13237    .ARM.Collect$$libinit$$00000021  c_w.l(libinit2.o)
    0x0800024a   0x0800024a   0x00000000   Code   RO        13239    .ARM.Collect$$libinit$$00000023  c_w.l(libinit2.o)
    0x0800024a   0x0800024a   0x00000000   Code   RO        13241    .ARM.Collect$$libinit$$00000025  c_w.l(libinit2.o)
    0x0800024a   0x0800024a   0x00000000   Code   RO        13245    .ARM.Collect$$libinit$$0000002C  c_w.l(libinit2.o)
    0x0800024a   0x0800024a   0x00000000   Code   RO        13247    .ARM.Collect$$libinit$$0000002E  c_w.l(libinit2.o)
    0x0800024a   0x0800024a   0x00000000   Code   RO        13249    .ARM.Collect$$libinit$$00000030  c_w.l(libinit2.o)
    0x0800024a   0x0800024a   0x00000000   Code   RO        13251    .ARM.Collect$$libinit$$00000032  c_w.l(libinit2.o)
    0x0800024a   0x0800024a   0x00000002   Code   RO        13252    .ARM.Collect$$libinit$$00000033  c_w.l(libinit2.o)
    0x0800024c   0x0800024c   0x00000002   Code   RO        13455    .ARM.Collect$$libshutdown$$00000000  c_w.l(libshutdown.o)
    0x0800024e   0x0800024e   0x00000000   Code   RO        13411    .ARM.Collect$$libshutdown$$00000002  c_w.l(libshutdown2.o)
    0x0800024e   0x0800024e   0x00000000   Code   RO        13413    .ARM.Collect$$libshutdown$$00000004  c_w.l(libshutdown2.o)
    0x0800024e   0x0800024e   0x00000000   Code   RO        13415    .ARM.Collect$$libshutdown$$00000006  c_w.l(libshutdown2.o)
    0x0800024e   0x0800024e   0x00000000   Code   RO        13418    .ARM.Collect$$libshutdown$$00000009  c_w.l(libshutdown2.o)
    0x0800024e   0x0800024e   0x00000000   Code   RO        13421    .ARM.Collect$$libshutdown$$0000000C  c_w.l(libshutdown2.o)
    0x0800024e   0x0800024e   0x00000000   Code   RO        13423    .ARM.Collect$$libshutdown$$0000000E  c_w.l(libshutdown2.o)
    0x0800024e   0x0800024e   0x00000000   Code   RO        13426    .ARM.Collect$$libshutdown$$00000011  c_w.l(libshutdown2.o)
    0x0800024e   0x0800024e   0x00000002   Code   RO        13427    .ARM.Collect$$libshutdown$$00000012  c_w.l(libshutdown2.o)
    0x08000250   0x08000250   0x00000000   Code   RO        13174    .ARM.Collect$$rtentry$$00000000  c_w.l(__rtentry.o)
    0x08000250   0x08000250   0x00000000   Code   RO        13327    .ARM.Collect$$rtentry$$00000002  c_w.l(__rtentry2.o)
    0x08000250   0x08000250   0x00000006   Code   RO        13339    .ARM.Collect$$rtentry$$00000004  c_w.l(__rtentry4.o)
    0x08000256   0x08000256   0x00000000   Code   RO        13329    .ARM.Collect$$rtentry$$00000009  c_w.l(__rtentry2.o)
    0x08000256   0x08000256   0x00000004   Code   RO        13330    .ARM.Collect$$rtentry$$0000000A  c_w.l(__rtentry2.o)
    0x0800025a   0x0800025a   0x00000000   Code   RO        13332    .ARM.Collect$$rtentry$$0000000C  c_w.l(__rtentry2.o)
    0x0800025a   0x0800025a   0x00000008   Code   RO        13333    .ARM.Collect$$rtentry$$0000000D  c_w.l(__rtentry2.o)
    0x08000262   0x08000262   0x00000002   Code   RO        13398    .ARM.Collect$$rtexit$$00000000  c_w.l(rtexit.o)
    0x08000264   0x08000264   0x00000000   Code   RO        13431    .ARM.Collect$$rtexit$$00000002  c_w.l(rtexit2.o)
    0x08000264   0x08000264   0x00000004   Code   RO        13432    .ARM.Collect$$rtexit$$00000003  c_w.l(rtexit2.o)
    0x08000268   0x08000268   0x00000006   Code   RO        13433    .ARM.Collect$$rtexit$$00000004  c_w.l(rtexit2.o)
    0x0800026e   0x0800026e   0x00000002   PAD
    0x08000270   0x08000270   0x000000be   Code   RO         7420    .emb_text           port.o
    0x0800032e   0x0800032e   0x00000002   PAD
    0x08000330   0x08000330   0x00000000   Code   RO        13350    .emb_text           c_w.l(maybetermalloc1.o)
    0x08000330   0x08000330   0x00000040   Code   RO            4    .text               startup_stm32f407xx.o
    0x08000370   0x08000370   0x0000005e   Code   RO        12920    .text               c_w.l(h1_alloc.o)
    0x080003ce   0x080003ce   0x0000004e   Code   RO        12922    .text               c_w.l(h1_free.o)
    0x0800041c   0x0800041c   0x000000ee   Code   RO        12978    .text               c_w.l(lludivv7m.o)
    0x0800050a   0x0800050a   0x00000064   Code   RO        12988    .text               c_w.l(rt_memcpy_w.o)
    0x0800056e   0x0800056e   0x00000044   Code   RO        12992    .text               c_w.l(rt_memclr.o)
    0x080005b2   0x080005b2   0x0000004e   Code   RO        12994    .text               c_w.l(rt_memclr_w.o)
    0x08000600   0x08000600   0x00000006   Code   RO        12996    .text               c_w.l(heapauxi.o)
    0x08000606   0x08000606   0x00000002   PAD
    0x08000608   0x08000608   0x00000008   Code   RO        13182    .text               c_w.l(rt_heap_descriptor_intlibspace.o)
    0x08000610   0x08000610   0x00000004   Code   RO        13184    .text               c_w.l(hguard.o)
    0x08000614   0x08000614   0x0000008a   Code   RO        13186    .text               c_w.l(init_alloc.o)
    0x0800069e   0x0800069e   0x0000000e   Code   RO        13190    .text               c_w.l(h1_init.o)
    0x080006ac   0x080006ac   0x00000016   Code   RO        13204    .text               c_w.l(_rserrno.o)
    0x080006c2   0x080006c2   0x00000002   PAD
    0x080006c4   0x080006c4   0x00000008   Code   RO        13323    .text               c_w.l(libspace.o)
    0x080006cc   0x080006cc   0x00000008   Code   RO        13346    .text               c_w.l(rt_errno_addr_intlibspace.o)
    0x080006d4   0x080006d4   0x00000034   Code   RO        13352    .text               c_w.l(h1_extend.o)
    0x08000708   0x08000708   0x0000000e   Code   RO        13356    .text               c_w.l(defsig_rtmem_outer.o)
    0x08000716   0x08000716   0x00000002   Code   RO        13367    .text               c_w.l(use_no_semi.o)
    0x08000718   0x08000718   0x00000000   Code   RO        13369    .text               c_w.l(indicate_semi.o)
    0x08000718   0x08000718   0x0000004a   Code   RO        13370    .text               c_w.l(sys_stackheap_outer.o)
    0x08000762   0x08000762   0x00000012   Code   RO        13376    .text               c_w.l(exit.o)
    0x08000774   0x08000774   0x0000000a   Code   RO        13378    .text               c_w.l(defsig_exit.o)
    0x0800077e   0x0800077e   0x00000002   PAD
    0x08000780   0x08000780   0x00000050   Code   RO        13384    .text               c_w.l(defsig_rtmem_inner.o)
    0x080007d0   0x080007d0   0x0000000c   Code   RO        13396    .text               c_w.l(sys_exit.o)
    0x080007dc   0x080007dc   0x00000032   Code   RO        13406    .text               c_w.l(defsig_general.o)
    0x0800080e   0x0800080e   0x0000000e   Code   RO        13428    .text               c_w.l(sys_wrch.o)
    0x0800081c   0x0800081c   0x00000874   Code   RO         1380    i.BMI_Get_EulerAngle  bmi.o
    0x08001090   0x08001090   0x00000092   Code   RO         1381    i.BMI_Get_GRO       bmi.o
    0x08001122   0x08001122   0x000000b6   Code   RO         1382    i.BMI_Get_RawData   bmi.o
    0x080011d8   0x080011d8   0x00000078   Code   RO         1383    i.BMI_Init          bmi.o
    0x08001250   0x08001250   0x00000004   Code   RO          527    i.BusFault_Handler  stm32f4xx_it.o
    0x08001254   0x08001254   0x00000010   Code   RO          528    i.CAN1_RX0_IRQHandler  stm32f4xx_it.o
    0x08001264   0x08001264   0x00000010   Code   RO          529    i.CAN2_RX0_IRQHandler  stm32f4xx_it.o
    0x08001274   0x08001274   0x0000000c   Code   RO         1045    i.CAN_01_GetMotorAngle  rm_protocol.o
    0x08001280   0x08001280   0x0000000e   Code   RO         1046    i.CAN_23_GetMotorSpeed  rm_protocol.o
    0x0800128e   0x0800128e   0x0000000e   Code   RO         1048    i.CAN_45_GetMotorCurrent  rm_protocol.o
    0x0800129c   0x0800129c   0x00000006   Code   RO         1050    i.CAN_6_GetMotorTemperature  rm_protocol.o
    0x080012a2   0x080012a2   0x00000010   Code   RO          982    i.CAN_AddByte       can_protocol.o
    0x080012b2   0x080012b2   0x0000001e   Code   RO          983    i.CAN_AddHalfWord   can_protocol.o
    0x080012d0   0x080012d0   0x00000014   Code   RO          984    i.CAN_AddMsg        can_protocol.o
    0x080012e4   0x080012e4   0x00000060   Code   RO         3108    i.CAN_AddMsgByDriver  drv_can.o
    0x08001344   0x08001344   0x0000002a   Code   RO         3109    i.CAN_AddMsgToTxPort  drv_can.o
    0x0800136e   0x0800136e   0x0000002a   Code   RO          985    i.CAN_AddWord       can_protocol.o
    0x08001398   0x08001398   0x00000096   Code   RO         3111    i.CAN_CreateTxPort  drv_can.o
    0x0800142e   0x0800142e   0x00000022   Code   RO         3113    i.CAN_GetTxPort     drv_can.o
    0x08001450   0x08001450   0x00000010   Code   RO          986    i.CAN_ManualTx      can_protocol.o
    0x08001460   0x08001460   0x00000050   Code   RO         3118    i.CAN_StartTxByDriver  drv_can.o
    0x080014b0   0x080014b0   0x00000064   Code   RO          795    i.CAN_Tx_cmd        can_task.o
    0x08001514   0x08001514   0x0000000a   Code   RO         3120    i.CAN_UpdatePeriodAtTxPort  drv_can.o
    0x0800151e   0x0800151e   0x00000002   PAD
    0x08001520   0x08001520   0x00000060   Code   RO          796    i.CAN_filter_init   can_task.o
    0x08001580   0x08001580   0x00000034   Code   RO         1286    i.Chassis_Motor_Heart_Beat  6020_motor.o
    0x080015b4   0x080015b4   0x00000034   Code   RO         1334    i.Chassis_Motor_Heart_Beat  motor.o
    0x080015e8   0x080015e8   0x000000a8   Code   RO         1287    i.Check_Motor_Data  6020_motor.o
    0x08001690   0x08001690   0x000000a8   Code   RO         1335    i.Check_Motor_Data  motor.o
    0x08001738   0x08001738   0x00000014   Code   RO         1253    i.DEV_Init          device.o
    0x0800174c   0x0800174c   0x00000010   Code   RO          530    i.DMA1_Stream0_IRQHandler  stm32f4xx_it.o
    0x0800175c   0x0800175c   0x00000010   Code   RO          531    i.DMA1_Stream1_IRQHandler  stm32f4xx_it.o
    0x0800176c   0x0800176c   0x00000010   Code   RO          532    i.DMA1_Stream2_IRQHandler  stm32f4xx_it.o
    0x0800177c   0x0800177c   0x00000010   Code   RO          533    i.DMA1_Stream3_IRQHandler  stm32f4xx_it.o
    0x0800178c   0x0800178c   0x00000010   Code   RO          534    i.DMA1_Stream4_IRQHandler  stm32f4xx_it.o
    0x0800179c   0x0800179c   0x00000010   Code   RO          535    i.DMA1_Stream5_IRQHandler  stm32f4xx_it.o
    0x080017ac   0x080017ac   0x00000010   Code   RO          536    i.DMA1_Stream7_IRQHandler  stm32f4xx_it.o
    0x080017bc   0x080017bc   0x00000010   Code   RO          537    i.DMA2_Stream2_IRQHandler  stm32f4xx_it.o
    0x080017cc   0x080017cc   0x00000010   Code   RO          538    i.DMA2_Stream7_IRQHandler  stm32f4xx_it.o
    0x080017dc   0x080017dc   0x00000034   Code   RO         4116    i.DMA_CalcBaseAndBitshift  stm32f4xx_hal_dma.o
    0x08001810   0x08001810   0x000000aa   Code   RO         4117    i.DMA_CheckFifoParam  stm32f4xx_hal_dma.o
    0x080018ba   0x080018ba   0x00000022   Code   RO         3231    i.DRV_UART_IRQHandler  drv_uart.o
    0x080018dc   0x080018dc   0x00000002   Code   RO          539    i.DebugMon_Handler  stm32f4xx_it.o
    0x080018de   0x080018de   0x00000006   Code   RO           13    i.Error_Handler     main.o
    0x080018e4   0x080018e4   0x0000002a   Code   RO         3379    i.HAL_CAN_ActivateNotification  stm32f4xx_hal_can.o
    0x0800190e   0x0800190e   0x00000156   Code   RO         3380    i.HAL_CAN_AddTxMessage  stm32f4xx_hal_can.o
    0x08001a64   0x08001a64   0x00000124   Code   RO         3381    i.HAL_CAN_ConfigFilter  stm32f4xx_hal_can.o
    0x08001b88   0x08001b88   0x00000002   Code   RO         3384    i.HAL_CAN_ErrorCallback  stm32f4xx_hal_can.o
    0x08001b8a   0x08001b8a   0x0000017a   Code   RO         3387    i.HAL_CAN_GetRxMessage  stm32f4xx_hal_can.o
    0x08001d04   0x08001d04   0x0000024e   Code   RO         3391    i.HAL_CAN_IRQHandler  stm32f4xx_hal_can.o
    0x08001f52   0x08001f52   0x00000174   Code   RO         3392    i.HAL_CAN_Init      stm32f4xx_hal_can.o
    0x080020c6   0x080020c6   0x00000002   PAD
    0x080020c8   0x080020c8   0x00000160   Code   RO          389    i.HAL_CAN_MspInit   can.o
    0x08002228   0x08002228   0x00000002   Code   RO         3399    i.HAL_CAN_RxFifo0FullCallback  stm32f4xx_hal_can.o
    0x0800222a   0x0800222a   0x00000002   PAD
    0x0800222c   0x0800222c   0x0000005c   Code   RO          797    i.HAL_CAN_RxFifo0MsgPendingCallback  can_task.o
    0x08002288   0x08002288   0x00000002   Code   RO         3401    i.HAL_CAN_RxFifo1FullCallback  stm32f4xx_hal_can.o
    0x0800228a   0x0800228a   0x00000002   Code   RO         3402    i.HAL_CAN_RxFifo1MsgPendingCallback  stm32f4xx_hal_can.o
    0x0800228c   0x0800228c   0x00000002   Code   RO         3403    i.HAL_CAN_SleepCallback  stm32f4xx_hal_can.o
    0x0800228e   0x0800228e   0x0000005e   Code   RO         3404    i.HAL_CAN_Start     stm32f4xx_hal_can.o
    0x080022ec   0x080022ec   0x00000002   Code   RO         3406    i.HAL_CAN_TxMailbox0AbortCallback  stm32f4xx_hal_can.o
    0x080022ee   0x080022ee   0x00000002   Code   RO         3407    i.HAL_CAN_TxMailbox0CompleteCallback  stm32f4xx_hal_can.o
    0x080022f0   0x080022f0   0x00000002   Code   RO         3408    i.HAL_CAN_TxMailbox1AbortCallback  stm32f4xx_hal_can.o
    0x080022f2   0x080022f2   0x00000002   Code   RO         3409    i.HAL_CAN_TxMailbox1CompleteCallback  stm32f4xx_hal_can.o
    0x080022f4   0x080022f4   0x00000002   Code   RO         3410    i.HAL_CAN_TxMailbox2AbortCallback  stm32f4xx_hal_can.o
    0x080022f6   0x080022f6   0x00000002   Code   RO         3411    i.HAL_CAN_TxMailbox2CompleteCallback  stm32f4xx_hal_can.o
    0x080022f8   0x080022f8   0x00000002   Code   RO         3413    i.HAL_CAN_WakeUpFromRxMsgCallback  stm32f4xx_hal_can.o
    0x080022fa   0x080022fa   0x000000ac   Code   RO         4119    i.HAL_DMA_Abort     stm32f4xx_hal_dma.o
    0x080023a6   0x080023a6   0x00000028   Code   RO         4120    i.HAL_DMA_Abort_IT  stm32f4xx_hal_dma.o
    0x080023ce   0x080023ce   0x00000002   PAD
    0x080023d0   0x080023d0   0x00000240   Code   RO         4124    i.HAL_DMA_IRQHandler  stm32f4xx_hal_dma.o
    0x08002610   0x08002610   0x000000ec   Code   RO         4125    i.HAL_DMA_Init      stm32f4xx_hal_dma.o
    0x080026fc   0x080026fc   0x000001f4   Code   RO         4012    i.HAL_GPIO_Init     stm32f4xx_hal_gpio.o
    0x080028f0   0x080028f0   0x0000000c   Code   RO         4016    i.HAL_GPIO_WritePin  stm32f4xx_hal_gpio.o
    0x080028fc   0x080028fc   0x0000000c   Code   RO         4549    i.HAL_GetTick       stm32f4xx_hal.o
    0x08002908   0x08002908   0x00000034   Code   RO         3333    i.HAL_IncTick       drv_haltick.o
    0x0800293c   0x0800293c   0x0000003c   Code   RO         4556    i.HAL_Init          stm32f4xx_hal.o
    0x08002978   0x08002978   0x000000b4   Code   RO          714    i.HAL_InitTick      stm32f4xx_hal_timebase_tim.o
    0x08002a2c   0x08002a2c   0x00000054   Code   RO          690    i.HAL_MspInit       stm32f4xx_hal_msp.o
    0x08002a80   0x08002a80   0x00000028   Code   RO         4401    i.HAL_NVIC_EnableIRQ  stm32f4xx_hal_cortex.o
    0x08002aa8   0x08002aa8   0x0000007c   Code   RO         4407    i.HAL_NVIC_SetPriority  stm32f4xx_hal_cortex.o
    0x08002b24   0x08002b24   0x00000028   Code   RO         4408    i.HAL_NVIC_SetPriorityGrouping  stm32f4xx_hal_cortex.o
    0x08002b4c   0x08002b4c   0x00000184   Code   RO         3613    i.HAL_RCC_ClockConfig  stm32f4xx_hal_rcc.o
    0x08002cd0   0x08002cd0   0x00000044   Code   RO         3617    i.HAL_RCC_GetClockConfig  stm32f4xx_hal_rcc.o
    0x08002d14   0x08002d14   0x0000000c   Code   RO         3618    i.HAL_RCC_GetHCLKFreq  stm32f4xx_hal_rcc.o
    0x08002d20   0x08002d20   0x00000020   Code   RO         3620    i.HAL_RCC_GetPCLK1Freq  stm32f4xx_hal_rcc.o
    0x08002d40   0x08002d40   0x00000020   Code   RO         3621    i.HAL_RCC_GetPCLK2Freq  stm32f4xx_hal_rcc.o
    0x08002d60   0x08002d60   0x000000b0   Code   RO         3622    i.HAL_RCC_GetSysClockFreq  stm32f4xx_hal_rcc.o
    0x08002e10   0x08002e10   0x0000049c   Code   RO         3625    i.HAL_RCC_OscConfig  stm32f4xx_hal_rcc.o
    0x080032ac   0x080032ac   0x00000002   Code   RO         5511    i.HAL_TIMEx_BreakCallback  stm32f4xx_hal_tim_ex.o
    0x080032ae   0x080032ae   0x00000002   Code   RO         5512    i.HAL_TIMEx_CommutCallback  stm32f4xx_hal_tim_ex.o
    0x080032b0   0x080032b0   0x00000066   Code   RO         4796    i.HAL_TIM_Base_Init  stm32f4xx_hal_tim.o
    0x08003316   0x08003316   0x00000002   Code   RO         4798    i.HAL_TIM_Base_MspInit  stm32f4xx_hal_tim.o
    0x08003318   0x08003318   0x000000a8   Code   RO         4801    i.HAL_TIM_Base_Start_IT  stm32f4xx_hal_tim.o
    0x080033c0   0x080033c0   0x00000002   Code   RO         4830    i.HAL_TIM_IC_CaptureCallback  stm32f4xx_hal_tim.o
    0x080033c2   0x080033c2   0x00000196   Code   RO         4844    i.HAL_TIM_IRQHandler  stm32f4xx_hal_tim.o
    0x08003558   0x08003558   0x00000002   Code   RO         4847    i.HAL_TIM_OC_DelayElapsedCallback  stm32f4xx_hal_tim.o
    0x0800355a   0x0800355a   0x00000002   Code   RO         4874    i.HAL_TIM_PWM_PulseFinishedCallback  stm32f4xx_hal_tim.o
    0x0800355c   0x0800355c   0x00000012   Code   RO           14    i.HAL_TIM_PeriodElapsedCallback  main.o
    0x0800356e   0x0800356e   0x00000002   Code   RO         4887    i.HAL_TIM_TriggerCallback  stm32f4xx_hal_tim.o
    0x08003570   0x08003570   0x00000002   Code   RO         5789    i.HAL_UARTEx_RxEventCallback  stm32f4xx_hal_uart.o
    0x08003572   0x08003572   0x00000002   Code   RO         5803    i.HAL_UART_ErrorCallback  stm32f4xx_hal_uart.o
    0x08003574   0x08003574   0x000002e0   Code   RO         5806    i.HAL_UART_IRQHandler  stm32f4xx_hal_uart.o
    0x08003854   0x08003854   0x00000072   Code   RO         5807    i.HAL_UART_Init     stm32f4xx_hal_uart.o
    0x080038c6   0x080038c6   0x00000002   PAD
    0x080038c8   0x080038c8   0x00000554   Code   RO          462    i.HAL_UART_MspInit  usart.o
    0x08003e1c   0x08003e1c   0x00000002   Code   RO         5813    i.HAL_UART_RxCpltCallback  stm32f4xx_hal_uart.o
    0x08003e1e   0x08003e1e   0x00000002   Code   RO         5818    i.HAL_UART_TxCpltCallback  stm32f4xx_hal_uart.o
    0x08003e20   0x08003e20   0x00000004   Code   RO          540    i.HardFault_Handler  stm32f4xx_it.o
    0x08003e24   0x08003e24   0x00000050   Code   RO         3009    i.IIC_Ack           soft_iic.o
    0x08003e74   0x08003e74   0x00000050   Code   RO         3010    i.IIC_NAck          soft_iic.o
    0x08003ec4   0x08003ec4   0x0000006c   Code   RO         3011    i.IIC_Read_Byte     soft_iic.o
    0x08003f30   0x08003f30   0x00000068   Code   RO         3012    i.IIC_Send_Byte     soft_iic.o
    0x08003f98   0x08003f98   0x0000004c   Code   RO         3013    i.IIC_Start         soft_iic.o
    0x08003fe4   0x08003fe4   0x0000004c   Code   RO         3014    i.IIC_Stop          soft_iic.o
    0x08004030   0x08004030   0x00000060   Code   RO         3015    i.IIC_Wait_Ack      soft_iic.o
    0x08004090   0x08004090   0x00000054   Code   RO         2814    i.MPU_Read_Byte     bmi2_common.o
    0x080040e4   0x080040e4   0x00000068   Code   RO         2815    i.MPU_Read_all      bmi2_common.o
    0x0800414c   0x0800414c   0x00000048   Code   RO          390    i.MX_CAN1_Init      can.o
    0x08004194   0x08004194   0x00000048   Code   RO          391    i.MX_CAN2_Init      can.o
    0x080041dc   0x080041dc   0x000000d8   Code   RO          437    i.MX_DMA_Init       dma.o
    0x080042b4   0x080042b4   0x00000098   Code   RO          314    i.MX_FREERTOS_Init  freertos.o
    0x0800434c   0x0800434c   0x0000010c   Code   RO          290    i.MX_GPIO_Init      gpio.o
    0x08004458   0x08004458   0x00000038   Code   RO          463    i.MX_UART4_Init     usart.o
    0x08004490   0x08004490   0x00000038   Code   RO          464    i.MX_UART5_Init     usart.o
    0x080044c8   0x080044c8   0x00000038   Code   RO          465    i.MX_USART1_UART_Init  usart.o
    0x08004500   0x08004500   0x0000003c   Code   RO          466    i.MX_USART2_UART_Init  usart.o
    0x0800453c   0x0800453c   0x00000038   Code   RO          467    i.MX_USART3_UART_Init  usart.o
    0x08004574   0x08004574   0x00000004   Code   RO          541    i.MemManage_Handler  stm32f4xx_it.o
    0x08004578   0x08004578   0x00000034   Code   RO         1288    i.Motor_Init        6020_motor.o
    0x080045ac   0x080045ac   0x0000006c   Code   RO         1336    i.Motor_Init        motor.o
    0x08004618   0x08004618   0x00000004   Code   RO          542    i.NMI_Handler       stm32f4xx_it.o
    0x0800461c   0x0800461c   0x00000068   Code   RO          754    i.PID_Init          pid.o
    0x08004684   0x08004684   0x00000138   Code   RO          755    i.PID_Plc_Calc      pid.o
    0x080047bc   0x080047bc   0x00000018   Code   RO         1059    i.RM3508_GetTxId    rm_protocol.o
    0x080047d4   0x080047d4   0x0000005a   Code   RO         1384    i.Set_accel         bmi.o
    0x0800482e   0x0800482e   0x0000005e   Code   RO         1385    i.Set_gyro          bmi.o
    0x0800488c   0x0800488c   0x0000000a   Code   RO          315    i.StartDefaultTask  freertos.o
    0x08004896   0x08004896   0x00000002   PAD
    0x08004898   0x08004898   0x00000104   Code   RO          798    i.Start_CAN_task    can_task.o
    0x0800499c   0x0800499c   0x0000000a   Code   RO          889    i.Start_LED_task    led_task.o
    0x080049a6   0x080049a6   0x00000002   PAD
    0x080049a8   0x080049a8   0x00000020   Code   RO          916    i.Start_Monitor_task  monitor_task.o
    0x080049c8   0x080049c8   0x0000001c   Code   RO          943    i.Start_imu_task    imu_task.o
    0x080049e4   0x080049e4   0x00000034   Code   RO         7421    i.SysTick_Handler   port.o
    0x08004a18   0x08004a18   0x000000b4   Code   RO           15    i.SystemClock_Config  main.o
    0x08004acc   0x08004acc   0x00000014   Code   RO         6146    i.SystemInit        system_stm32f4xx.o
    0x08004ae0   0x08004ae0   0x00000010   Code   RO          543    i.TIM2_IRQHandler   stm32f4xx_it.o
    0x08004af0   0x08004af0   0x000000d8   Code   RO         4889    i.TIM_Base_SetConfig  stm32f4xx_hal_tim.o
    0x08004bc8   0x08004bc8   0x00000014   Code   RO          544    i.UART4_IRQHandler  stm32f4xx_it.o
    0x08004bdc   0x08004bdc   0x00000014   Code   RO          545    i.UART5_IRQHandler  stm32f4xx_it.o
    0x08004bf0   0x08004bf0   0x00000014   Code   RO         5820    i.UART_DMAAbortOnError  stm32f4xx_hal_uart.o
    0x08004c04   0x08004c04   0x0000006c   Code   RO         5830    i.UART_EndRxTransfer  stm32f4xx_hal_uart.o
    0x08004c70   0x08004c70   0x00000020   Code   RO         5831    i.UART_EndTransmit_IT  stm32f4xx_hal_uart.o
    0x08004c90   0x08004c90   0x000000f8   Code   RO         5833    i.UART_Receive_IT   stm32f4xx_hal_uart.o
    0x08004d88   0x08004d88   0x0000022c   Code   RO         5834    i.UART_SetConfig    stm32f4xx_hal_uart.o
    0x08004fb4   0x08004fb4   0x00000060   Code   RO         5837    i.UART_Transmit_IT  stm32f4xx_hal_uart.o
    0x08005014   0x08005014   0x00000014   Code   RO          546    i.USART1_IRQHandler  stm32f4xx_it.o
    0x08005028   0x08005028   0x00000014   Code   RO          547    i.USART2_IRQHandler  stm32f4xx_it.o
    0x0800503c   0x0800503c   0x00000014   Code   RO          548    i.USART3_IRQHandler  stm32f4xx_it.o
    0x08005050   0x08005050   0x00000002   Code   RO         3237    i.USART4_rxDataHandler  drv_uart.o
    0x08005052   0x08005052   0x00000002   Code   RO         3239    i.USART5_rxDataHandler  drv_uart.o
    0x08005054   0x08005054   0x0000003e   Code   RO         1289    i.UpdateMotorData   6020_motor.o
    0x08005092   0x08005092   0x00000038   Code   RO         1337    i.UpdateMotorData   motor.o
    0x080050ca   0x080050ca   0x00000004   Code   RO          549    i.UsageFault_Handler  stm32f4xx_it.o
    0x080050ce   0x080050ce   0x00000030   Code   RO        13300    i.__ARM_fpclassify  m_wm.l(fpclassify.o)
    0x080050fe   0x080050fe   0x00000002   PAD
    0x08005100   0x08005100   0x00000010   Code   RO         4414    i.__NVIC_GetPriorityGrouping  stm32f4xx_hal_cortex.o
    0x08005110   0x08005110   0x00000028   Code   RO         4415    i.__NVIC_SetPriority  stm32f4xx_hal_cortex.o
    0x08005138   0x08005138   0x00000360   Code   RO        13034    i.__hardfp_asin     m_wm.l(asin.o)
    0x08005498   0x08005498   0x000002d8   Code   RO        13272    i.__hardfp_atan     m_wm.l(atan.o)
    0x08005770   0x08005770   0x00000200   Code   RO        13048    i.__hardfp_atan2    m_wm.l(atan2.o)
    0x08005970   0x08005970   0x000000f8   Code   RO        13318    i.__kernel_poly     m_wm.l(poly.o)
    0x08005a68   0x08005a68   0x00000014   Code   RO        13287    i.__mathlib_dbl_infnan  m_wm.l(dunder.o)
    0x08005a7c   0x08005a7c   0x00000014   Code   RO        13288    i.__mathlib_dbl_infnan2  m_wm.l(dunder.o)
    0x08005a90   0x08005a90   0x00000020   Code   RO        13289    i.__mathlib_dbl_invalid  m_wm.l(dunder.o)
    0x08005ab0   0x08005ab0   0x00000020   Code   RO        13292    i.__mathlib_dbl_underflow  m_wm.l(dunder.o)
    0x08005ad0   0x08005ad0   0x00000010   Code   RO        13274    i.atan              m_wm.l(atan.o)
    0x08005ae0   0x08005ae0   0x0000006c   Code   RO         2977    i.bmi270_init       bmi270.o
    0x08005b4c   0x08005b4c   0x00000008   Code   RO         2817    i.bmi2_error_codes_print_result  bmi2_common.o
    0x08005b54   0x08005b54   0x0000003a   Code   RO         1490    i.bmi2_extract_input_feat_config  bmi2.o
    0x08005b8e   0x08005b8e   0x000000cc   Code   RO         1495    i.bmi2_get_feat_config  bmi2.o
    0x08005c5a   0x08005c5a   0x00000042   Code   RO         1502    i.bmi2_get_gyro_cross_sense  bmi2.o
    0x08005c9c   0x08005c9c   0x00000034   Code   RO         1505    i.bmi2_get_internal_status  bmi2.o
    0x08005cd0   0x08005cd0   0x000000a8   Code   RO         1506    i.bmi2_get_regs     bmi2.o
    0x08005d78   0x08005d78   0x0000031e   Code   RO         1508    i.bmi2_get_sensor_config  bmi2.o
    0x08006096   0x08006096   0x000001b2   Code   RO         1509    i.bmi2_get_sensor_data  bmi2.o
    0x08006248   0x08006248   0x0000002a   Code   RO         1510    i.bmi2_get_status   bmi2.o
    0x08006272   0x08006272   0x00000002   PAD
    0x08006274   0x08006274   0x00000070   Code   RO         2818    i.bmi2_interface_selection  bmi2_common.o
    0x080062e4   0x080062e4   0x0000008a   Code   RO         1511    i.bmi2_map_data_int  bmi2.o
    0x0800636e   0x0800636e   0x00000002   PAD
    0x08006370   0x08006370   0x00000068   Code   RO         1521    i.bmi2_sec_init     bmi2.o
    0x080063d8   0x080063d8   0x00000042   Code   RO         1523    i.bmi2_sensor_enable  bmi2.o
    0x0800641a   0x0800641a   0x0000005e   Code   RO         1525    i.bmi2_set_adv_power_save  bmi2.o
    0x08006478   0x08006478   0x000000a6   Code   RO         1535    i.bmi2_set_regs     bmi2.o
    0x0800651e   0x0800651e   0x000002fe   Code   RO         1537    i.bmi2_set_sensor_config  bmi2.o
    0x0800681c   0x0800681c   0x0000005e   Code   RO         1538    i.bmi2_soft_reset   bmi2.o
    0x0800687a   0x0800687a   0x00000004   Code   RO         2819    i.bmi2_user_i2c_init  bmi2_common.o
    0x0800687e   0x0800687e   0x00000004   Code   RO         2820    i.bmi2_user_spi_init  bmi2_common.o
    0x08006882   0x08006882   0x00000064   Code   RO         1542    i.bmi2_write_config_file  bmi2.o
    0x080068e6   0x080068e6   0x00000050   Code   RO         1545    i.cfg_error_status  bmi2.o
    0x08006936   0x08006936   0x00000030   Code   RO         1546    i.check_boundary_val  bmi2.o
    0x08006966   0x08006966   0x0000001e   Code   RO         1549    i.comp_gyro_cross_axis_sensitivity  bmi2.o
    0x08006984   0x08006984   0x0000004a   Code   RO         1550    i.config_aux        bmi2.o
    0x080069ce   0x080069ce   0x000000e8   Code   RO         1551    i.config_aux_interface  bmi2.o
    0x08006ab6   0x08006ab6   0x00000018   Code   RO         3335    i.delay_us          drv_haltick.o
    0x08006ace   0x08006ace   0x0000003a   Code   RO         1561    i.extract_output_feat_config  bmi2.o
    0x08006b08   0x08006b08   0x00000018   Code   RO        13090    i.fabs              m_wm.l(fabs.o)
    0x08006b20   0x08006b20   0x00000044   Code   RO         1562    i.get_acc_gyr_data  bmi2.o
    0x08006b64   0x08006b64   0x00000056   Code   RO         1563    i.get_accel_config  bmi2.o
    0x08006bba   0x08006bba   0x00000076   Code   RO         1564    i.get_accel_self_test_status  bmi2.o
    0x08006c30   0x08006c30   0x00000036   Code   RO         1565    i.get_accel_sensor_data  bmi2.o
    0x08006c66   0x08006c66   0x000000b4   Code   RO         1566    i.get_any_motion_config  bmi2.o
    0x08006d1a   0x08006d1a   0x0000002c   Code   RO         1567    i.get_aux_cfg       bmi2.o
    0x08006d46   0x08006d46   0x0000003e   Code   RO         1568    i.get_aux_config    bmi2.o
    0x08006d84   0x08006d84   0x00000024   Code   RO         1569    i.get_aux_interface  bmi2.o
    0x08006da8   0x08006da8   0x00000060   Code   RO         1570    i.get_aux_interface_config  bmi2.o
    0x08006e08   0x08006e08   0x0000007c   Code   RO         1573    i.get_ext_sens_sync_config  bmi2.o
    0x08006e84   0x08006e84   0x000000b6   Code   RO         1574    i.get_flat_config   bmi2.o
    0x08006f3a   0x08006f3a   0x000000b0   Code   RO         1575    i.get_free_fall_det_config  bmi2.o
    0x08006fea   0x08006fea   0x0000007c   Code   RO         1576    i.get_glance_detect_config  bmi2.o
    0x08007066   0x08007066   0x0000006a   Code   RO         1577    i.get_gyro_config   bmi2.o
    0x080070d0   0x080070d0   0x000000a8   Code   RO         1578    i.get_gyro_cross_sense  bmi2.o
    0x08007178   0x08007178   0x000000ba   Code   RO         1579    i.get_gyro_gain_update_config  bmi2.o
    0x08007232   0x08007232   0x00000074   Code   RO         1580    i.get_gyro_gain_update_status  bmi2.o
    0x080072a6   0x080072a6   0x0000003e   Code   RO         1581    i.get_gyro_sensor_data  bmi2.o
    0x080072e4   0x080072e4   0x000000de   Code   RO         1582    i.get_high_g_config  bmi2.o
    0x080073c2   0x080073c2   0x00000052   Code   RO         1583    i.get_high_g_output  bmi2.o
    0x08007414   0x08007414   0x000000cc   Code   RO         1584    i.get_low_g_config  bmi2.o
    0x080074e0   0x080074e0   0x000000ba   Code   RO         1586    i.get_no_motion_config  bmi2.o
    0x0800759a   0x0800759a   0x00000082   Code   RO         1587    i.get_nvm_error_status  bmi2.o
    0x0800761c   0x0800761c   0x0000010a   Code   RO         1588    i.get_ois_output    bmi2.o
    0x08007726   0x08007726   0x000000bc   Code   RO         1589    i.get_orient_config  bmi2.o
    0x080077e2   0x080077e2   0x00000060   Code   RO         1590    i.get_orient_output  bmi2.o
    0x08007842   0x08007842   0x0000006e   Code   RO         1591    i.get_primary_ois_config  bmi2.o
    0x080078b0   0x080078b0   0x0000008c   Code   RO         1594    i.get_remapped_data  bmi2.o
    0x0800793c   0x0800793c   0x00000114   Code   RO         1595    i.get_sig_motion_config  bmi2.o
    0x08007a50   0x08007a50   0x00000052   Code   RO         1597    i.get_step_activity_output  bmi2.o
    0x08007aa2   0x08007aa2   0x000000c0   Code   RO         1598    i.get_step_config   bmi2.o
    0x08007b62   0x08007b62   0x000000dc   Code   RO         1599    i.get_step_count_params_config  bmi2.o
    0x08007c3e   0x08007c3e   0x0000008e   Code   RO         1600    i.get_step_counter_output  bmi2.o
    0x08007ccc   0x08007ccc   0x0000007c   Code   RO         1601    i.get_tilt_config   bmi2.o
    0x08007d48   0x08007d48   0x0000007c   Code   RO         1602    i.get_up_hold_to_wake_config  bmi2.o
    0x08007dc4   0x08007dc4   0x0000006c   Code   RO         1604    i.get_vfrm_error_status  bmi2.o
    0x08007e30   0x08007e30   0x000000a8   Code   RO         1605    i.get_wake_up_config  bmi2.o
    0x08007ed8   0x08007ed8   0x00000090   Code   RO         1606    i.get_wrist_gest_config  bmi2.o
    0x08007f68   0x08007f68   0x00000052   Code   RO         1607    i.get_wrist_gest_status  bmi2.o
    0x08007fba   0x08007fba   0x000000a4   Code   RO         1608    i.get_wrist_gest_w_config  bmi2.o
    0x0800805e   0x0800805e   0x000000a4   Code   RO         1609    i.get_wrist_wear_wake_up_config  bmi2.o
    0x08008102   0x08008102   0x000000b4   Code   RO         1610    i.get_wrist_wear_wake_up_wh_config  bmi2.o
    0x080081b6   0x080081b6   0x0000004a   Code   RO         1216    i.imu_sensor_check  imu_sensor.o
    0x08008200   0x08008200   0x00000006   Code   RO         1217    i.imu_sensor_heart_beat  imu_sensor.o
    0x08008206   0x08008206   0x00000002   PAD
    0x08008208   0x08008208   0x000000a4   Code   RO         1180    i.imu_sensor_init   imu_protocol.o
    0x080082ac   0x080082ac   0x00000078   Code   RO         1181    i.imu_sensor_update  imu_protocol.o
    0x08008324   0x08008324   0x0000003c   Code   RO         1386    i.inVSqrt           bmi.o
    0x08008360   0x08008360   0x0000003c   Code   RO         1387    i.lsb_to_dps        bmi.o
    0x0800839c   0x0800839c   0x0000003c   Code   RO         1388    i.lsb_to_mps2       bmi.o
    0x080083d8   0x080083d8   0x00000050   Code   RO           16    i.main              main.o
    0x08008428   0x08008428   0x0000000e   Code   RO         6986    i.makeFreeRtosPriority  cmsis_os.o
    0x08008436   0x08008436   0x00000002   PAD
    0x08008438   0x08008438   0x00000028   Code   RO         3336    i.micros            drv_haltick.o
    0x08008460   0x08008460   0x00000018   Code   RO         1619    i.null_ptr_check    bmi2.o
    0x08008478   0x08008478   0x00000018   Code   RO         2978    i.null_ptr_check    bmi270.o
    0x08008490   0x08008490   0x00000018   Code   RO         6988    i.osDelay           cmsis_os.o
    0x080084a8   0x080084a8   0x0000000a   Code   RO         6991    i.osKernelStart     cmsis_os.o
    0x080084b2   0x080084b2   0x0000005e   Code   RO         7025    i.osThreadCreate    cmsis_os.o
    0x08008510   0x08008510   0x00000098   Code   RO         6657    i.prvAddCurrentTaskToDelayedList  tasks.o
    0x080085a8   0x080085a8   0x000000b4   Code   RO         6658    i.prvAddNewTaskToReadyList  tasks.o
    0x0800865c   0x0800865c   0x00000048   Code   RO         6659    i.prvCheckTasksWaitingTermination  tasks.o
    0x080086a4   0x080086a4   0x00000050   Code   RO         6660    i.prvDeleteTCB      tasks.o
    0x080086f4   0x080086f4   0x0000007c   Code   RO         7353    i.prvHeapInit       heap_4.o
    0x08008770   0x08008770   0x00000028   Code   RO         6661    i.prvIdleTask       tasks.o
    0x08008798   0x08008798   0x000000b4   Code   RO         6662    i.prvInitialiseNewTask  tasks.o
    0x0800884c   0x0800884c   0x00000068   Code   RO         6663    i.prvInitialiseTaskLists  tasks.o
    0x080088b4   0x080088b4   0x00000068   Code   RO         7354    i.prvInsertBlockIntoFreeList  heap_4.o
    0x0800891c   0x0800891c   0x00000034   Code   RO         6664    i.prvResetNextTaskUnblockTime  tasks.o
    0x08008950   0x08008950   0x00000040   Code   RO         7422    i.prvTaskExitError  port.o
    0x08008990   0x08008990   0x0000014c   Code   RO         7355    i.pvPortMalloc      heap_4.o
    0x08008adc   0x08008adc   0x0000002c   Code   RO         7423    i.pxPortInitialiseStack  port.o
    0x08008b08   0x08008b08   0x0000004c   Code   RO         1630    i.read_aux_data_mode  bmi2.o
    0x08008b54   0x08008b54   0x00000024   Code   RO          799    i.reserve           can_task.o
    0x08008b78   0x08008b78   0x0000026c   Code   RO         1640    i.select_sensor     bmi2.o
    0x08008de4   0x08008de4   0x00000646   Code   RO         1643    i.sensor_enable     bmi2.o
    0x0800942a   0x0800942a   0x00000076   Code   RO         1645    i.set_accel_config  bmi2.o
    0x080094a0   0x080094a0   0x00000064   Code   RO         1650    i.set_act_recog     bmi2.o
    0x08009504   0x08009504   0x00000068   Code   RO         1651    i.set_any_motion    bmi2.o
    0x0800956c   0x0800956c   0x000000fc   Code   RO         1652    i.set_any_motion_config  bmi2.o
    0x08009668   0x08009668   0x00000038   Code   RO         1653    i.set_aux_config    bmi2.o
    0x080096a0   0x080096a0   0x00000034   Code   RO         1654    i.set_aux_interface  bmi2.o
    0x080096d4   0x080096d4   0x00000036   Code   RO         1655    i.set_config_load   bmi2.o
    0x0800970a   0x0800970a   0x00000064   Code   RO         1656    i.set_double_tap    bmi2.o
    0x0800976e   0x0800976e   0x00000064   Code   RO         1657    i.set_ext_sens_sync  bmi2.o
    0x080097d2   0x080097d2   0x000000ae   Code   RO         1658    i.set_ext_sens_sync_config  bmi2.o
    0x08009880   0x08009880   0x00000074   Code   RO         1659    i.set_feat_accel_self_test  bmi2.o
    0x080098f4   0x080098f4   0x00000064   Code   RO         1660    i.set_flat          bmi2.o
    0x08009958   0x08009958   0x000000ee   Code   RO         1661    i.set_flat_config   bmi2.o
    0x08009a46   0x08009a46   0x00000064   Code   RO         1662    i.set_free_fall_det  bmi2.o
    0x08009aaa   0x08009aaa   0x000000dc   Code   RO         1663    i.set_free_fall_det_config  bmi2.o
    0x08009b86   0x08009b86   0x000000ae   Code   RO         1664    i.set_glance_detect_config  bmi2.o
    0x08009c34   0x08009c34   0x00000064   Code   RO         1665    i.set_glance_detector  bmi2.o
    0x08009c98   0x08009c98   0x0000007a   Code   RO         1666    i.set_gyro_config   bmi2.o
    0x08009d12   0x08009d12   0x00000064   Code   RO         1668    i.set_gyro_self_offset_corr  bmi2.o
    0x08009d76   0x08009d76   0x00000068   Code   RO         1669    i.set_gyro_user_gain  bmi2.o
    0x08009dde   0x08009dde   0x000000cc   Code   RO         1670    i.set_gyro_user_gain_config  bmi2.o
    0x08009eaa   0x08009eaa   0x00000068   Code   RO         1671    i.set_high_g        bmi2.o
    0x08009f12   0x08009f12   0x0000010e   Code   RO         1672    i.set_high_g_config  bmi2.o
    0x0800a020   0x0800a020   0x00000068   Code   RO         1674    i.set_low_g         bmi2.o
    0x0800a088   0x0800a088   0x000000e4   Code   RO         1675    i.set_low_g_config  bmi2.o
    0x0800a16c   0x0800a16c   0x00000068   Code   RO         1677    i.set_no_motion     bmi2.o
    0x0800a1d4   0x0800a1d4   0x000000fc   Code   RO         1678    i.set_no_motion_config  bmi2.o
    0x0800a2d0   0x0800a2d0   0x000000fc   Code   RO         1680    i.set_orient_config  bmi2.o
    0x0800a3cc   0x0800a3cc   0x00000064   Code   RO         1681    i.set_orientation   bmi2.o
    0x0800a430   0x0800a430   0x000000d2   Code   RO         1682    i.set_primary_ois_config  bmi2.o
    0x0800a502   0x0800a502   0x00000066   Code   RO         1683    i.set_primary_ois_low_pass_filter  bmi2.o
    0x0800a568   0x0800a568   0x00000068   Code   RO         1685    i.set_sig_motion    bmi2.o
    0x0800a5d0   0x0800a5d0   0x0000010a   Code   RO         1686    i.set_sig_motion_config  bmi2.o
    0x0800a6da   0x0800a6da   0x00000064   Code   RO         1687    i.set_single_tap    bmi2.o
    0x0800a73e   0x0800a73e   0x00000068   Code   RO         1689    i.set_step_activity  bmi2.o
    0x0800a7a6   0x0800a7a6   0x000000f8   Code   RO         1690    i.set_step_config   bmi2.o
    0x0800a89e   0x0800a89e   0x00000110   Code   RO         1691    i.set_step_count_params_config  bmi2.o
    0x0800a9ae   0x0800a9ae   0x00000068   Code   RO         1692    i.set_step_counter  bmi2.o
    0x0800aa16   0x0800aa16   0x00000068   Code   RO         1693    i.set_step_detector  bmi2.o
    0x0800aa7e   0x0800aa7e   0x00000064   Code   RO         1694    i.set_tilt          bmi2.o
    0x0800aae2   0x0800aae2   0x000000ae   Code   RO         1695    i.set_tilt_config   bmi2.o
    0x0800ab90   0x0800ab90   0x00000064   Code   RO         1696    i.set_triple_tap    bmi2.o
    0x0800abf4   0x0800abf4   0x00000064   Code   RO         1697    i.set_up_hold_to_wake  bmi2.o
    0x0800ac58   0x0800ac58   0x000000ae   Code   RO         1698    i.set_up_hold_to_wake_config  bmi2.o
    0x0800ad06   0x0800ad06   0x00000064   Code   RO         1699    i.set_wake_up       bmi2.o
    0x0800ad6a   0x0800ad6a   0x000000f0   Code   RO         1700    i.set_wake_up_config  bmi2.o
    0x0800ae5a   0x0800ae5a   0x000000de   Code   RO         1701    i.set_wrist_gest_config  bmi2.o
    0x0800af38   0x0800af38   0x000000ee   Code   RO         1702    i.set_wrist_gest_w_config  bmi2.o
    0x0800b026   0x0800b026   0x00000064   Code   RO         1703    i.set_wrist_gesture  bmi2.o
    0x0800b08a   0x0800b08a   0x00000064   Code   RO         1704    i.set_wrist_gesture_wh  bmi2.o
    0x0800b0ee   0x0800b0ee   0x00000064   Code   RO         1705    i.set_wrist_wear_wake_up  bmi2.o
    0x0800b152   0x0800b152   0x000000ee   Code   RO         1706    i.set_wrist_wear_wake_up_config  bmi2.o
    0x0800b240   0x0800b240   0x00000064   Code   RO         1707    i.set_wrist_wear_wake_up_wh  bmi2.o
    0x0800b2a4   0x0800b2a4   0x00000128   Code   RO         1708    i.set_wrist_wear_wake_up_wh_config  bmi2.o
    0x0800b3cc   0x0800b3cc   0x0000006e   Code   RO        13138    i.sqrt              m_wm.l(sqrt.o)
    0x0800b43a   0x0800b43a   0x00000002   PAD
    0x0800b43c   0x0800b43c   0x00000130   Code   RO         3242    i.uart_rx_idle_callback  drv_uart.o
    0x0800b56c   0x0800b56c   0x0000005a   Code   RO         1720    i.upload_file       bmi2.o
    0x0800b5c6   0x0800b5c6   0x0000000e   Code   RO         2822    i.user_delay_us     bmi2_common.o
    0x0800b5d4   0x0800b5d4   0x00000028   Code   RO         2823    i.user_i2c_reg_read  bmi2_common.o
    0x0800b5fc   0x0800b5fc   0x00000060   Code   RO         2824    i.user_i2c_reg_write  bmi2_common.o
    0x0800b65c   0x0800b65c   0x00000008   Code   RO         2825    i.user_spi_reg_read  bmi2_common.o
    0x0800b664   0x0800b664   0x00000008   Code   RO         2826    i.user_spi_reg_write  bmi2_common.o
    0x0800b66c   0x0800b66c   0x00000028   Code   RO         6283    i.uxListRemove      list.o
    0x0800b694   0x0800b694   0x00000018   Code   RO          320    i.vApplicationGetIdleTaskMemory  freertos.o
    0x0800b6ac   0x0800b6ac   0x0000001a   Code   RO         6284    i.vListInitialise   list.o
    0x0800b6c6   0x0800b6c6   0x00000006   Code   RO         6285    i.vListInitialiseItem  list.o
    0x0800b6cc   0x0800b6cc   0x00000034   Code   RO         6286    i.vListInsert       list.o
    0x0800b700   0x0800b700   0x00000018   Code   RO         6287    i.vListInsertEnd    list.o
    0x0800b718   0x0800b718   0x00000054   Code   RO         7425    i.vPortEnterCritical  port.o
    0x0800b76c   0x0800b76c   0x0000003c   Code   RO         7426    i.vPortExitCritical  port.o
    0x0800b7a8   0x0800b7a8   0x000000a4   Code   RO         7356    i.vPortFree         heap_4.o
    0x0800b84c   0x0800b84c   0x00000028   Code   RO         7427    i.vPortSetupTimerInterrupt  port.o
    0x0800b874   0x0800b874   0x0000005c   Code   RO         6673    i.vTaskDelay        tasks.o
    0x0800b8d0   0x0800b8d0   0x000000b0   Code   RO         6686    i.vTaskStartScheduler  tasks.o
    0x0800b980   0x0800b980   0x00000010   Code   RO         6688    i.vTaskSuspendAll   tasks.o
    0x0800b990   0x0800b990   0x0000008c   Code   RO         6689    i.vTaskSwitchContext  tasks.o
    0x0800ba1c   0x0800ba1c   0x00000018   Code   RO         1721    i.validate_aux_config  bmi2.o
    0x0800ba34   0x0800ba34   0x00000044   Code   RO         1722    i.validate_bw_perf_mode  bmi2.o
    0x0800ba78   0x0800ba78   0x00000068   Code   RO         1725    i.validate_gyro_config  bmi2.o
    0x0800bae0   0x0800bae0   0x0000002e   Code   RO         1726    i.validate_odr_range  bmi2.o
    0x0800bb0e   0x0800bb0e   0x00000002   PAD
    0x0800bb10   0x0800bb10   0x000000f0   Code   RO         1733    i.write_config_file  bmi2.o
    0x0800bc00   0x0800bc00   0x00000168   Code   RO         7429    i.xPortStartScheduler  port.o
    0x0800bd68   0x0800bd68   0x00000064   Code   RO         6692    i.xTaskCreate       tasks.o
    0x0800bdcc   0x0800bdcc   0x000000ba   Code   RO         6693    i.xTaskCreateStatic  tasks.o
    0x0800be86   0x0800be86   0x00000002   PAD
    0x0800be88   0x0800be88   0x00000148   Code   RO         6700    i.xTaskIncrementTick  tasks.o
    0x0800bfd0   0x0800bfd0   0x00000104   Code   RO         6706    i.xTaskResumeAll    tasks.o
    0x0800c0d4   0x0800c0d4   0x00000018   Code   RO        13000    x$fpl$basic         fz_wm.l(basic.o)
    0x0800c0ec   0x0800c0ec   0x00000062   Code   RO        13002    x$fpl$d2f           fz_wm.l(d2f.o)
    0x0800c14e   0x0800c14e   0x00000002   PAD
    0x0800c150   0x0800c150   0x00000150   Code   RO        13004    x$fpl$dadd          fz_wm.l(daddsub_clz.o)
    0x0800c2a0   0x0800c2a0   0x00000018   Code   RO        13253    x$fpl$dcmpinf       fz_wm.l(dcmpi.o)
    0x0800c2b8   0x0800c2b8   0x000002b0   Code   RO        13011    x$fpl$ddiv          fz_wm.l(ddiv.o)
    0x0800c568   0x0800c568   0x00000078   Code   RO        13014    x$fpl$deqf          fz_wm.l(deqf.o)
    0x0800c5e0   0x0800c5e0   0x0000002e   Code   RO        13017    x$fpl$dflt          fz_wm.l(dflt_clz.o)
    0x0800c60e   0x0800c60e   0x00000002   PAD
    0x0800c610   0x0800c610   0x00000154   Code   RO        13024    x$fpl$dmul          fz_wm.l(dmul.o)
    0x0800c764   0x0800c764   0x0000009c   Code   RO        13259    x$fpl$dnaninf       fz_wm.l(dnaninf.o)
    0x0800c800   0x0800c800   0x0000000c   Code   RO        13261    x$fpl$dretinf       fz_wm.l(dretinf.o)
    0x0800c80c   0x0800c80c   0x00000016   Code   RO        13005    x$fpl$drsb          fz_wm.l(daddsub_clz.o)
    0x0800c822   0x0800c822   0x00000002   PAD
    0x0800c824   0x0800c824   0x00000198   Code   RO        13263    x$fpl$dsqrt         fz_wm.l(dsqrt_umaal.o)
    0x0800c9bc   0x0800c9bc   0x000001d4   Code   RO        13006    x$fpl$dsub          fz_wm.l(daddsub_clz.o)
    0x0800cb90   0x0800cb90   0x00000056   Code   RO        13028    x$fpl$f2d           fz_wm.l(f2d.o)
    0x0800cbe6   0x0800cbe6   0x0000008c   Code   RO        13265    x$fpl$fnaninf       fz_wm.l(fnaninf.o)
    0x0800cc72   0x0800cc72   0x0000000a   Code   RO        13365    x$fpl$fpinit        fz_wm.l(fpinit.o)
    0x0800cc7c   0x0800cc7c   0x0000000a   Code   RO        13267    x$fpl$fretinf       fz_wm.l(fretinf.o)
    0x0800cc86   0x0800cc86   0x00000000   Code   RO        13271    x$fpl$usenofp       fz_wm.l(usenofp.o)
    0x0800cc86   0x0800cc86   0x00000002   PAD
    0x0800cc88   0x0800cc88   0x0000008c   Data   RO          322    .constdata          freertos.o
    0x0800cd14   0x0800cd14   0x00000006   Data   RO         1735    .constdata          bmi2.o
    0x0800cd1a   0x0800cd1a   0x00002045   Data   RO         2979    .constdata          bmi270.o
    0x0800ed5f   0x0800ed5f   0x00000008   Data   RO         4131    .constdata          stm32f4xx_hal_dma.o
    0x0800ed67   0x0800ed67   0x00000018   Data   RO         6147    .constdata          system_stm32f4xx.o
    0x0800ed7f   0x0800ed7f   0x00000001   PAD
    0x0800ed80   0x0800ed80   0x00000050   Data   RO        13037    .constdata          m_wm.l(asin.o)
    0x0800edd0   0x0800edd0   0x00000098   Data   RO        13275    .constdata          m_wm.l(atan.o)
    0x0800ee68   0x0800ee68   0x00000008   Data   RO        13320    .constdata          m_wm.l(qnan.o)
    0x0800ee70   0x0800ee70   0x0000003d   Data   RO          323    .conststring        freertos.o
    0x0800eead   0x0800eead   0x00000003   PAD
    0x0800eeb0   0x0800eeb0   0x00000020   Data   RO        13456    Region$$Table       anon$$obj.o


    Execution Region RW_IRAM1 (Exec base: 0x20000000, Load base: 0x0800eed0, Size: 0x00005170, Max: 0x0001c000, ABSOLUTE, COMPRESSED[0x000000a4])

    Exec Addr    Load Addr    Size         Type   Attr      Idx    E Section Name        Object

    0x20000000   COMPRESSED   0x00000014   Data   RW          324    .data               freertos.o
    0x20000014   COMPRESSED   0x00000004   Data   RW          393    .data               can.o
    0x20000018   COMPRESSED   0x00000018   Data   RW          756    .data               pid.o
    0x20000030   COMPRESSED   0x0000002c   Data   RW          801    .data               can_task.o
    0x2000005c   COMPRESSED   0x0000000c   Data   RW         1182    .data               imu_protocol.o
    0x20000068   COMPRESSED   0x00000040   Data   RW         1218    .data               imu_sensor.o
    0x200000a8   COMPRESSED   0x00000004   Data   RW         1254    .data               device.o
    0x200000ac   COMPRESSED   0x000000f4   Data   RW         1290    .data               6020_motor.o
    0x200001a0   COMPRESSED   0x000000f4   Data   RW         1338    .data               motor.o
    0x20000294   COMPRESSED   0x00000070   Data   RW         1390    .data               bmi.o
    0x20000304   COMPRESSED   0x00000002   Data   RW         2827    .data               bmi2_common.o
    0x20000306   COMPRESSED   0x00000002   PAD
    0x20000308   COMPRESSED   0x00000004   Data   RW         3337    .data               drv_haltick.o
    0x2000030c   COMPRESSED   0x00000009   Data   RW         4563    .data               stm32f4xx_hal.o
    0x20000315   COMPRESSED   0x00000003   PAD
    0x20000318   COMPRESSED   0x00000004   Data   RW         6148    .data               system_stm32f4xx.o
    0x2000031c   COMPRESSED   0x0000003c   Data   RW         6709    .data               tasks.o
    0x20000358   COMPRESSED   0x00000020   Data   RW         7362    .data               heap_4.o
    0x20000378   COMPRESSED   0x0000000c   Data   RW         7430    .data               port.o
    0x20000384        -       0x00000254   Zero   RW          321    .bss                freertos.o
    0x200005d8        -       0x00000050   Zero   RW          392    .bss                can.o
    0x20000628        -       0x000004b4   Zero   RW          468    .bss                usart.o
    0x20000adc        -       0x00000048   Zero   RW          717    .bss                stm32f4xx_hal_timebase_tim.o
    0x20000b24   COMPRESSED   0x00000004   PAD
    0x20000b28        -       0x00000078   Zero   RW         1389    .bss                bmi.o
    0x20000ba0        -       0x000000c0   Zero   RW         3121    .bss                drv_can.o
    0x20000c60        -       0x000001c0   Zero   RW         3243    .bss                drv_uart.o
    0x20000e20        -       0x000000f0   Zero   RW         6708    .bss                tasks.o
    0x20000f10        -       0x00003c00   Zero   RW         7361    .bss                heap_4.o
    0x20004b10        -       0x00000060   Zero   RW        13324    .bss                c_w.l(libspace.o)
    0x20004b70        -       0x00000200   Zero   RW            2    HEAP                startup_stm32f407xx.o
    0x20004d70        -       0x00000400   Zero   RW            1    STACK               startup_stm32f407xx.o


    Execution Region RW_IRAM2 (Exec base: 0x2001c000, Load base: 0x0800ef74, Size: 0x00000000, Max: 0x00004000, ABSOLUTE)

    **** No section assigned to this execution region ****


==============================================================================

Image component sizes


      Code (inc. data)   RO Data    RW Data    ZI Data      Debug   Object Name

       334         14          0        244          0       4408   6020_motor.o
      2976        192          0        112        120      48309   bmi.o
     20650        116          6          0          0     107244   bmi2.o
       132         12       8261          0          0       1998   bmi270.o
       482         44          0          2          0       8377   bmi2_common.o
       496         40          0          4         80       2506   can.o
       124          0          0          0          0       3610   can_protocol.o
       584         50          0         44          0       8347   can_task.o
       142          0          0          0          0      23131   cmsis_os.o
        20          6          0          4          0       1230   device.o
       216          6          0          0          0        886   dma.o
       412         20          0          0        192       6575   drv_can.o
       116         20          0          4          0       2176   drv_haltick.o
       342         28          0          0        448       3504   drv_uart.o
         0          0          0          0          0      16924   event_groups.o
       186         36        201         20        596       2890   freertos.o
       268         14          0          0          0       1059   gpio.o
       724         74          0         32      15360       7487   heap_4.o
       284         30          0         12          0       2313   imu_protocol.o
        80          0          0         64          0       2695   imu_sensor.o
        28          4          0          0          0       1438   imu_task.o
        10          0          0          0          0        513   led_task.o
       148          0          0          0          0       3626   list.o
       284         16          0          0          0     735596   main.o
        32         10          0          0          0        537   monitor_task.o
       384         32          0        244          0       4277   motor.o
       416         12          0         24          0       2856   pid.o
       894         78          0         12          0      11248   port.o
        70          0          0          0          0       3516   rm_protocol.o
       620         96          0          0          0       4259   soft_iic.o
        64         26        392          0       1536        852   startup_stm32f407xx.o
        72         12          0          9          0       7612   stm32f4xx_hal.o
      2134          6          0          0          0      14503   stm32f4xx_hal_can.o
       260         22          0          0          0      33818   stm32f4xx_hal_cortex.o
      1246         16          8          0          0       5435   stm32f4xx_hal_dma.o
       512         46          0          0          0       2140   stm32f4xx_hal_gpio.o
        84          6          0          0          0        878   stm32f4xx_hal_msp.o
      1888         94          0          0          0       6345   stm32f4xx_hal_rcc.o
       902         76          0          0          0       6558   stm32f4xx_hal_tim.o
         4          0          0          0          0       1597   stm32f4xx_hal_tim_ex.o
       180         18          0          0         72       1499   stm32f4xx_hal_timebase_tim.o
      1918         14          0          0          0       9664   stm32f4xx_hal_uart.o
       314         92          0          0          0      11591   stm32f4xx_it.o
         0          0          0          0          0        392   stream_buffer.o
        20          6         24          4          0       1211   system_stm32f4xx.o
      2158        270          0         60        240      20625   tasks.o
      1648        146          0          0       1204       5373   usart.o

    ----------------------------------------------------------------------
     44886       1800       8928        900      19852    1153628   Object Totals
         0          0         32          0          0          0   (incl. Generated)
        28          0          4          5          4          0   (incl. Padding)

    ----------------------------------------------------------------------

      Code (inc. data)   RO Data    RW Data    ZI Data      Debug   Library Member Name

        90          0          0          0          0          0   __dczerorl2.o
         8          0          0          0          0         68   __main.o
         0          0          0          0          0          0   __rtentry.o
        12          0          0          0          0          0   __rtentry2.o
         6          0          0          0          0          0   __rtentry4.o
        52          8          0          0          0          0   __scatter.o
        28          0          0          0          0          0   __scatter_zi.o
        22          0          0          0          0        100   _rserrno.o
        10          0          0          0          0         68   defsig_exit.o
        50          0          0          0          0         88   defsig_general.o
        80         58          0          0          0         76   defsig_rtmem_inner.o
        14          0          0          0          0         80   defsig_rtmem_outer.o
        18          0          0          0          0         80   exit.o
        94          0          0          0          0         80   h1_alloc.o
        52          0          0          0          0         68   h1_extend.o
        78          0          0          0          0         80   h1_free.o
        14          0          0          0          0         84   h1_init.o
         6          0          0          0          0        152   heapauxi.o
         4          0          0          0          0        136   hguard.o
         0          0          0          0          0          0   indicate_semi.o
       138          0          0          0          0        168   init_alloc.o
         2          0          0          0          0          0   libinit.o
        14          0          0          0          0          0   libinit2.o
         2          0          0          0          0          0   libshutdown.o
         2          0          0          0          0          0   libshutdown2.o
         8          4          0          0         96         68   libspace.o
       238          0          0          0          0        100   lludivv7m.o
         0          0          0          0          0          0   maybetermalloc1.o
         8          4          0          0          0         68   rt_errno_addr_intlibspace.o
         8          4          0          0          0         68   rt_heap_descriptor_intlibspace.o
        68          0          0          0          0         68   rt_memclr.o
        78          0          0          0          0         80   rt_memclr_w.o
       100          0          0          0          0         80   rt_memcpy_w.o
         2          0          0          0          0          0   rtexit.o
        10          0          0          0          0          0   rtexit2.o
        12          4          0          0          0         68   sys_exit.o
        74          0          0          0          0         80   sys_stackheap_outer.o
        14          0          0          0          0         76   sys_wrch.o
         2          0          0          0          0         68   use_no_semi.o
        24          0          0          0          0        164   basic.o
        98          4          0          0          0        140   d2f.o
       826         16          0          0          0        492   daddsub_clz.o
        24          0          0          0          0        116   dcmpi.o
       688        140          0          0          0        256   ddiv.o
       120          4          0          0          0        140   deqf.o
        46          0          0          0          0        116   dflt_clz.o
       340         12          0          0          0        152   dmul.o
       156          4          0          0          0        140   dnaninf.o
        12          0          0          0          0        116   dretinf.o
       408         56          0          0          0        168   dsqrt_umaal.o
        86          4          0          0          0        132   f2d.o
       140          4          0          0          0        132   fnaninf.o
        10          0          0          0          0        116   fpinit.o
        10          0          0          0          0        116   fretinf.o
         0          0          0          0          0          0   usenofp.o
       864         94         80          0          0        280   asin.o
       744        106        152          0          0        352   atan.o
       512         64          0          0          0        208   atan2.o
       104         16          0          0          0        496   dunder.o
        24          0          0          0          0        124   fabs.o
        48          0          0          0          0        124   fpclassify.o
       248          0          0          0          0        152   poly.o
         0          0          8          0          0          0   qnan.o
       110          0          0          0          0        148   sqrt.o

    ----------------------------------------------------------------------
      7082        606        240          0         96       6532   Library Totals
        22          0          0          0          0          0   (incl. Padding)

    ----------------------------------------------------------------------

      Code (inc. data)   RO Data    RW Data    ZI Data      Debug   Library Name

      1418         82          0          0         96       2152   c_w.l
      2988        244          0          0          0       2496   fz_wm.l
      2654        280        240          0          0       1884   m_wm.l

    ----------------------------------------------------------------------
      7082        606        240          0         96       6532   Library Totals

    ----------------------------------------------------------------------

==============================================================================


      Code (inc. data)   RO Data    RW Data    ZI Data      Debug   

     51968       2406       9168        900      19948    1122216   Grand Totals
     51968       2406       9168        164      19948    1122216   ELF Image Totals (compressed)
     51968       2406       9168        164          0          0   ROM Totals

==============================================================================

    Total RO  Size (Code + RO Data)                61136 (  59.70kB)
    Total RW  Size (RW Data + ZI Data)             20848 (  20.36kB)
    Total ROM Size (Code + RO Data + RW Data)      61300 (  59.86kB)

==============================================================================

