<html>
<body>
<pre>
<h1>µVision Build Log</h1>
<h2>Tool Versions:</h2>
IDE-Version: ¦ÌVision V5.37.0.0
Copyright (C) 2022 ARM Ltd and ARM Germany GmbH. All rights reserved.
License Information: 8618316411388,  , LIC=2TTQ1-C26GC-D37M3-AMCSB-PK1DD-TNBKE
 
Tool Versions:
Toolchain:       MDK-ARM Professional  Version: 5.37.0.0
Toolchain Path:  D:\Keil_v5\ARM\ARMCC\Bin
C Compiler:      Armcc.exe V5.06 update 7 (build 960)
Assembler:       Armasm.exe V5.06 update 7 (build 960)
Linker/Locator:  ArmLink.exe V5.06 update 7 (build 960)
Library Manager: ArmAr.exe V5.06 update 7 (build 960)
Hex Converter:   FromElf.exe V5.06 update 7 (build 960)
CPU DLL:         SARMCM3.DLL V5.37.0.0
Dialog DLL:      DCM.DLL V1.17.5.0
Target DLL:      CMSIS_AGDI.dll V1.33.12.0
Dialog DLL:      TCM.DLL V1.56.1.0
 
<h2>Project:</h2>
C:\Users\86183\Desktop\2023RP_main\RP_Standard\MDK-ARM\RP_Standard.uvprojx
Project File Date:  10/09/2022

<h2>Output:</h2>
*** Using Compiler 'V5.06 update 7 (build 960)', folder: 'D:\Keil_v5\ARM\ARMCC\Bin'
Rebuild target 'RP_Standard'
assembling startup_stm32f407xx.s...
compiling rp_config.c...
compiling rp_math.c...
compiling PID.c...
compiling System_task.c...
compiling chassis.c...
compiling Monitor_task.c...
compiling LED_task.c...
compiling Ctrl_task.c...
compiling bmi2.c...
compiling bmi2_ois.c...
compiling bmi270.c...
compiling bmi270_context.c...
..\Application\DeviceLayer\Imu\bmi270_context.c(524): warning:  #177-D: function "null_ptr_check"  was declared but never referenced
  static int8_t null_ptr_check(const struct bmi2_dev *dev);
..\Application\DeviceLayer\Imu\bmi270_context.c: 1 warning, 0 errors
compiling rc_protocol.c...
compiling gimbal.c...
compiling imu_protocol.c...
compiling can_protocol.c...
compiling bmi.c...
compiling bmi2_common.c...
compiling soft_iic.c...
compiling rm_protocol.c...
compiling drv_uart.c...
compiling drv_haltick.c...
compiling imu_sensor.c...
compiling motor_3508.c...
compiling device.c...
compiling drv_can.c...
compiling rc_sensor.c...
compiling motor_6020.c...
compiling iwdg.c...
compiling dma.c...
compiling can.c...
compiling gpio.c...
compiling main.c...
compiling freertos.c...
compiling driver.c...
compiling usart.c...
compiling stm32f4xx_hal_flash_ex.c...
compiling stm32f4xx_hal_msp.c...
compiling stm32f4xx_hal_rcc.c...
compiling stm32f4xx_hal_can.c...
compiling stm32f4xx_hal_rcc_ex.c...
compiling stm32f4xx_hal_timebase_tim.c...
compiling stm32f4xx_it.c...
compiling stm32f4xx_hal_flash.c...
compiling stm32f4xx_hal_flash_ramfunc.c...
compiling stm32f4xx_hal.c...
compiling stm32f4xx_hal_pwr.c...
compiling stm32f4xx_hal_gpio.c...
compiling stm32f4xx_hal_dma.c...
compiling stm32f4xx_hal_pwr_ex.c...
compiling stm32f4xx_hal_cortex.c...
compiling stm32f4xx_hal_dma_ex.c...
compiling croutine.c...
compiling event_groups.c...
compiling list.c...
compiling queue.c...
compiling stream_buffer.c...
compiling timers.c...
compiling tasks.c...
compiling heap_4.c...
compiling cmsis_os.c...
compiling port.c...
compiling BasicMathFunctions.c...
compiling BasicMathFunctionsF16.c...
compiling BayesFunctions.c...
compiling BayesFunctionsF16.c...
compiling CommonTablesF16.c...
compiling CommonTables.c...
compiling ComplexMathFunctions.c...
compiling ComplexMathFunctionsF16.c...
compiling ControllerFunctions.c...
compiling system_stm32f4xx.c...
compiling stm32f4xx_hal_uart.c...
compiling DistanceFunctionsF16.c...
compiling DistanceFunctions.c...
compiling stm32f4xx_hal_iwdg.c...
compiling stm32f4xx_hal_exti.c...
compiling FastMathFunctions.c...
compiling FastMathFunctionsF16.c...
compiling FilteringFunctionsF16.c...
compiling stm32f4xx_hal_tim_ex.c...
compiling InterpolationFunctionsF16.c...
compiling InterpolationFunctions.c...
compiling MatrixFunctionsF16.c...
compiling QuaternionMathFunctions.c...
compiling SVMFunctions.c...
compiling SVMFunctionsF16.c...
compiling stm32f4xx_hal_tim.c...
compiling MatrixFunctions.c...
compiling StatisticsFunctions.c...
compiling StatisticsFunctionsF16.c...
compiling SupportFunctionsF16.c...
compiling TransformFunctionsF16.c...
compiling SupportFunctions.c...
compiling TransformFunctions.c...
compiling FilteringFunctions.c...
linking...
Program Size: Code=46956 RO-data=11220 RW-data=2156 ZI-data=19884  
FromELF: creating hex file...
"RP_Standard\RP_Standard.axf" - 0 Error(s), 1 Warning(s).

<h2>Software Packages used:</h2>

Package Vendor: ARM
                http://www.keil.com/pack/ARM.CMSIS.5.9.0.pack
                ARM.CMSIS.5.9.0
                CMSIS (Common Microcontroller Software Interface Standard)
   * Component: CORE Version: 5.6.0
   * Component: DSP Variant: Source Version: 1.10.0

Package Vendor: Keil
                http://www.keil.com/pack/Keil.STM32F4xx_DFP.2.16.0.pack
                Keil.STM32F4xx_DFP.2.16.0
                STMicroelectronics STM32F4 Series Device Support, Drivers and Examples

<h2>Collection of Component include folders:</h2>
  ./RTE/_RP_Standard
  D:/AppData/Local/Arm/Packs/ARM/CMSIS/5.9.0/CMSIS/Core/Include
  D:/AppData/Local/Arm/Packs/ARM/CMSIS/5.9.0/CMSIS/DSP/Include
  D:/AppData/Local/Arm/Packs/ARM/CMSIS/5.9.0/CMSIS/DSP/PrivateInclude
  D:/AppData/Local/Arm/Packs/Keil/STM32F4xx_DFP/2.16.0/Drivers/CMSIS/Device/ST/STM32F4xx/Include

<h2>Collection of Component Files used:</h2>

   * Component: ARM::CMSIS:CORE:5.6.0
      Include file:  CMSIS/Core/Include/tz_context.h

   * Component: ARM::CMSIS:DSP:Source:1.10.0
      Source file:   CMSIS/DSP/Source/BasicMathFunctions/BasicMathFunctions.c
      Source file:   CMSIS/DSP/Source/BayesFunctions/BayesFunctions.c
      Source file:   CMSIS/DSP/Source/QuaternionMathFunctions/QuaternionMathFunctions.c
      Source file:   CMSIS/DSP/Source/ComplexMathFunctions/ComplexMathFunctions.c
      Include file:  CMSIS/DSP/Include/arm_math_f16.h
      Include file:  CMSIS/DSP/Include/arm_math.h
      Source file:   CMSIS/DSP/Source/DistanceFunctions/DistanceFunctions.c
      Source file:   CMSIS/DSP/Source/FilteringFunctions/FilteringFunctions.c
      Source file:   CMSIS/DSP/Source/MatrixFunctions/MatrixFunctions.c
      Include file:  CMSIS/DSP/Include/arm_const_structs.h
      Source file:   CMSIS/DSP/Source/ControllerFunctions/ControllerFunctions.c
      Source file:   CMSIS/DSP/Source/SupportFunctions/SupportFunctions.c
      Source file:   CMSIS/DSP/Source/CommonTables/CommonTables.c
      Source file:   CMSIS/DSP/Source/FastMathFunctions/FastMathFunctions.c
      Source file:   CMSIS/DSP/Source/StatisticsFunctions/StatisticsFunctions.c
      Source file:   CMSIS/DSP/Source/SVMFunctions/SVMFunctions.c
      Source file:   CMSIS/DSP/Source/TransformFunctions/TransformFunctions.c
      Include file:  CMSIS/DSP/Include/arm_common_tables.h
      Include file:  CMSIS/DSP/Include/arm_common_tables_f16.h
      Include file:  CMSIS/DSP/Include/arm_const_structs_f16.h
      Source file:   CMSIS/DSP/Source/MatrixFunctions/MatrixFunctionsF16.c
      Source file:   CMSIS/DSP/Source/InterpolationFunctions/InterpolationFunctions.c
      Source file:   CMSIS/DSP/Source/ComplexMathFunctions/ComplexMathFunctionsF16.c
      Source file:   CMSIS/DSP/Source/BayesFunctions/BayesFunctionsF16.c
      Source file:   CMSIS/DSP/Source/CommonTables/CommonTablesF16.c
      Source file:   CMSIS/DSP/Source/StatisticsFunctions/StatisticsFunctionsF16.c
      Source file:   CMSIS/DSP/Source/SVMFunctions/SVMFunctionsF16.c
      Source file:   CMSIS/DSP/Source/InterpolationFunctions/InterpolationFunctionsF16.c
      Source file:   CMSIS/DSP/Source/FilteringFunctions/FilteringFunctionsF16.c
      Source file:   CMSIS/DSP/Source/SupportFunctions/SupportFunctionsF16.c
      Source file:   CMSIS/DSP/Source/FastMathFunctions/FastMathFunctionsF16.c
      Source file:   CMSIS/DSP/Source/BasicMathFunctions/BasicMathFunctionsF16.c
      Source file:   CMSIS/DSP/Source/TransformFunctions/TransformFunctionsF16.c
      Source file:   CMSIS/DSP/Source/DistanceFunctions/DistanceFunctionsF16.c
Build Time Elapsed:  00:01:37
</pre>
</body>
</html>
